 num     #instances         #bytes  class name (module)
-------------------------------------------------------
   1:         59130        8010576  [B (java.base@23)
   2:          1144        6639392  [Ljdk.internal.vm.FillerElement; (java.base@23)
   3:         52658        1263792  java.lang.String (java.base@23)
   4:          6827         809608  java.lang.Class (java.base@23)
   5:         23320         746240  java.util.concurrent.ConcurrentHashMap$Node (java.base@23)
   6:          8379         564672  [Ljava.lang.Object; (java.base@23)
   7:          5076         446688  java.lang.reflect.Method (java.base@23)
   8:          3631         356120  [I (java.base@23)
   9:         10060         321920  java.util.HashMap$Node (java.base@23)
  10:          3117         282776  [Ljava.util.HashMap$Node; (java.base@23)
  11:           363         242608  [Ljava.util.concurrent.ConcurrentHashMap$Node; (java.base@23)
  12:          5901         236040  java.util.LinkedHashMap$Entry (java.base@23)
  13:         12624         201984  java.lang.Object (java.base@23)
  14:          2711         173504  java.util.LinkedHashMap (java.base@23)
  15:          2256         162432  java.lang.reflect.Field (java.base@23)
  16:          5503         146456  [Ljava.lang.Class; (java.base@23)
  17:          2486         119328  java.lang.invoke.MemberName (java.base@23)
  18:          4902         117648  java.util.ArrayList (java.base@23)
  19:           937         115928  [C (java.base@23)
  20:           448          89248  [J (java.base@23)
  21:          2195          87800  jdk.internal.util.SoftReferenceKey (java.base@23)
  22:          1510          72480  java.util.HashMap (java.base@23)
  23:          1714          68560  java.lang.invoke.MethodType (java.base@23)
  24:           875          63000  java.lang.reflect.Constructor (java.base@23)
  25:           891          57024  java.lang.Class$ReflectionData (java.base@23)
  26:          1711          54752  jdk.internal.util.WeakReferenceKey (java.base@23)
  27:          1355          54200  org.codehaus.plexus.util.xml.Xpp3Dom
  28:           557          53472  org.apache.maven.model.Dependency
  29:          1241          49640  java.lang.ref.SoftReference (java.base@23)
  30:          1234          49360  java.lang.invoke.BoundMethodHandle$Species_LL (java.base@23)
  31:           719          46016  java.net.URL (java.base@23)
  32:          1219          39008  com.google.inject.Key
  33:          1618          38832  com.google.inject.TypeLiteral
  34:           367          38168  java.util.jar.JarFile$JarFileEntry (java.base@23)
  35:          1115          35680  java.util.Locale (java.base@23)
  36:          1115          35680  sun.util.locale.BaseLocale (java.base@23)
  37:           769          34800  [Ljava.lang.reflect.Method; (java.base@23)
  38:          1057          33824  java.util.concurrent.locks.ReentrantLock$NonfairSync (java.base@23)
  39:           677          32496  java.lang.invoke.DirectMethodHandle$Constructor (java.base@23)
  40:           446          32112  org.apache.maven.model.Plugin
  41:           971          31072  com.google.inject.spi.ElementSource
  42:           330          28832  [Ljava.util.WeakHashMap$Entry; (java.base@23)
  43:           712          28824  [Ljava.lang.String; (java.base@23)
  44:          1194          28656  java.lang.StringBuilder (java.base@23)
  45:           713          28520  java.util.WeakHashMap$Entry (java.base@23)
  46:           883          28256  java.util.LinkedList (java.base@23)
  47:           196          28104  [Ljava.lang.ClassValue$Entry; (java.base@23)
  48:          1160          27840  java.lang.invoke.ResolvedMethodName (java.base@23)
  49:          1154          27696  java.util.LinkedList$Node (java.base@23)
  50:           862          27584  com.google.common.cache.LocalCache$StrongEntry
  51:           416          26624  java.util.concurrent.ConcurrentHashMap (java.base@23)
  52:          1084          26016  sun.reflect.annotation.AnnotationInvocationHandler (java.base@23)
  53:           531          25488  com.google.inject.internal.ProviderInstanceBindingImpl
  54:           512          24576  java.lang.invoke.DirectMethodHandle$Accessor (java.base@23)
  55:           503          24144  jdk.internal.ref.CleanerImpl$PhantomCleanableRef (java.base@23)
  56:           300          22800  [Ljava.lang.ref.SoftReference; (java.base@23)
  57:           703          22496  java.lang.invoke.LambdaForm$Name (java.base@23)
  58:           552          22080  org.eclipse.aether.artifact.DefaultArtifact
  59:           274          21992  [S (java.base@23)
  60:           645          20640  com.google.inject.spi.Dependency
  61:           646          18360  [Ljava.lang.reflect.Field; (java.base@23)
  62:           552          17664  java.util.concurrent.FutureTask (java.base@23)
  63:           732          17568  java.util.jar.Attributes$Name (java.base@23)
  64:           540          17280  org.eclipse.aether.graph.Dependency
  65:           416          16640  org.glassfish.hk2.utilities.cache.LRUHybridCache$OriginThreadAwareFuture
  66:           505          16160  org.apache.maven.model.InputLocation
  67:           999          15984  java.util.concurrent.locks.ReentrantLock (java.base@23)
  68:           492          15744  com.google.inject.internal.CycleDetectingLock$CycleDetectingLockFactory$ReentrantCycleDetectingLock
  69:           656          15744  org.glassfish.hk2.utilities.reflection.internal.MethodWrapperImpl
  70:           479          15328  java.lang.ref.ReferenceQueue (java.base@23)
  71:           474          15168  com.google.inject.spi.InjectionPoint
  72:           474          15168  java.io.File (java.base@23)
  73:            60          15008  [Z (java.base@23)
  74:           153          14688  org.jvnet.hk2.internal.SystemDescriptor
  75:           261          14616  java.util.zip.ZipFile$ZipFileInputStream (java.base@23)
  76:           166          14608  org.apache.maven.model.Developer
  77:           880          14080  com.google.common.cache.LocalCache$StrongValueReference
  78:           584          14016  org.glassfish.jersey.server.internal.routing.CombinedMediaType$EffectiveMediaType
  79:           434          13888  jdk.internal.reflect.MethodHandleObjectFieldAccessorImpl (java.base@23)
  80:           342          13680  java.security.CodeSource (java.base@23)
  81:           562          13488  java.lang.Class$AnnotationData (java.base@23)
  82:           560          13336  [Ljava.lang.reflect.Type; (java.base@23)
  83:           416          13312  org.glassfish.hk2.utilities.cache.LRUHybridCache$HybridCacheEntryImpl
  84:           544          13056  sun.reflect.generics.tree.SimpleClassTypeSignature (java.base@23)
  85:           263          12624  java.lang.invoke.BoundMethodHandle$Species_LLL (java.base@23)
  86:           261          12528  java.util.zip.ZipFile$ZipFileInflaterInputStream (java.base@23)
  87:           195          12480  java.lang.ClassValue$ClassValueMap (java.base@23)
  88:           213          11928  java.lang.classfile.Opcode (java.base@23)
  89:           489          11736  java.util.concurrent.locks.AbstractQueuedSynchronizer$ConditionObject (java.base@23)
  90:           291          11640  java.lang.invoke.DirectMethodHandle (java.base@23)
  91:           363          11616  java.lang.Package (java.base@23)
  92:            85          11560  sun.nio.fs.UnixFileAttributes (java.base@23)
  93:            96          11520  org.glassfish.hk2.internal.ActiveDescriptorBuilderImpl$BuiltActiveDescriptor
  94:           196          10976  java.lang.invoke.DirectMethodHandle$StaticAccessor (java.base@23)
  95:           228          10944  com.google.inject.internal.Initializer$InjectableReference
  96:           341          10912  jdk.internal.math.FDBigInteger (java.base@23)
  97:            69          10752  [Ljava.lang.invoke.MethodHandle; (java.base@23)
  98:           448          10752  java.util.LinkedHashMap$LinkedValues (java.base@23)
  99:           264          10560  com.google.inject.internal.SingletonScope$1
 100:           264          10560  sun.security.util.KnownOIDs (java.base@23)
 101:           436          10552  [Ljava.lang.reflect.Constructor; (java.base@23)
 102:           219          10512  java.lang.invoke.LambdaForm (java.base@23)
 103:           261          10440  jdk.internal.loader.URLClassPath$JarLoader$2 (java.base@23)
 104:           434          10416  com.google.inject.internal.ProvisionListenerStackCallback
 105:           434          10408  [Lcom.google.inject.spi.ProvisionListener;
 106:           260          10400  com.google.inject.internal.LinkedBindingImpl
 107:           433          10392  com.google.inject.internal.ProvisionListenerCallbackStore$KeyBinding
 108:           259          10360  java.lang.ClassNotFoundException (java.base@23)
 109:           544          10344  [Lsun.reflect.generics.tree.TypeArgument; (java.base@23)
 110:           646          10336  java.util.HashSet (java.base@23)
 111:           646          10336  java.util.LinkedHashSet (java.base@23)
 112:           425          10200  java.util.Collections$UnmodifiableRandomAccessList (java.base@23)
 113:           224           9896  [Ljava.lang.invoke.LambdaForm$Name; (java.base@23)
 114:           238           9520  java.lang.Package$VersionInfo (java.base@23)
 115:           235           9400  com.google.inject.internal.MembersInjectorImpl
 116:           391           9384  java.lang.Long (java.base@23)
 117:           194           9312  com.google.inject.internal.ConstructorBindingImpl
 118:           160           8960  org.apache.maven.model.PluginExecution
 119:           373           8952  java.lang.module.ModuleDescriptor$Exports (java.base@23)
 120:           540           8640  sun.reflect.generics.tree.ClassTypeSignature (java.base@23)
 121:            44           8448  org.apache.maven.model.Model
 122:           205           8200  java.util.TreeMap$Entry (java.base@23)
 123:            91           8008  java.util.regex.Pattern (java.base@23)
 124:           322           7728  java.util.LinkedHashMap$LinkedKeySet (java.base@23)
 125:           230           7360  java.lang.ref.WeakReference (java.base@23)
 126:           439           7024  java.util.Collections$UnmodifiableSet (java.base@23)
 127:           292           7008  org.glassfish.jersey.server.internal.routing.MethodSelectingRouter$ConsumesProducesAcceptor
 128:           109           6976  java.util.zip.Inflater (java.base@23)
 129:           143           6864  java.util.logging.LogManager$LoggerWeakRef (java.logging@23)
 130:            61           6832  org.apache.maven.model.Profile
 131:           122           6832  org.eclipse.aether.repository.RemoteRepository
 132:            85           6800  java.util.zip.ZipFile$Source (java.base@23)
 133:           271           6504  com.google.inject.internal.InternalFactoryToProviderAdapter
 134:           271           6504  com.google.inject.internal.ProviderToInternalFactoryAdapter
 135:           271           6504  java.util.ImmutableCollections$Set12 (java.base@23)
 136:           135           6480  java.util.WeakHashMap (java.base@23)
 137:           115           6440  org.apache.maven.plugin.descriptor.Parameter
 138:           267           6408  com.google.inject.internal.MoreTypes$ParameterizedTypeImpl
 139:           199           6368  java.lang.ClassValue$Entry (java.base@23)
 140:           264           6336  com.google.inject.internal.ConstructionContext
 141:           158           6320  java.lang.invoke.BoundMethodHandle$Species_L (java.base@23)
 142:           261           6264  java.net.URLClassLoader$1 (java.base@23)
 143:           261           6264  java.util.zip.ZipFile$InflaterCleanupAction (java.base@23)
 144:           195           6240  java.lang.invoke.MethodTypeForm (java.base@23)
 145:           389           6224  com.google.common.collect.SingletonImmutableList
 146:           194           6208  com.google.inject.internal.ConstructorBindingImpl$Factory
 147:           194           6208  com.google.inject.internal.ConstructorInjector
 148:           153           6120  com.google.inject.internal.UntargettedBindingImpl
 149:           125           6000  org.jvnet.hk2.internal.SystemInjecteeImpl
 150:           124           5952  java.util.concurrent.locks.ReentrantReadWriteLock$NonfairSync (java.base@23)
 151:            74           5920  org.apache.maven.artifact.DefaultArtifact
 152:           245           5880  org.eclipse.aether.repository.RepositoryPolicy
 153:           119           5712  java.util.TreeMap (java.base@23)
 154:           141           5640  com.google.inject.internal.UntargettedBindingProcessor$1
 155:            99           5544  jdk.internal.org.objectweb.asm.SymbolTable$Entry (java.base@23)
 156:           227           5448  com.google.inject.internal.InjectorImpl$1
 157:            85           5440  java.util.jar.JarFile (java.base@23)
 158:           226           5424  java.lang.invoke.LambdaForm$NamedFunction (java.base@23)
 159:           334           5344  java.security.SecureClassLoader$CodeSourceKey (java.base@23)
 160:            82           5248  org.apache.maven.model.ReportPlugin
 161:             5           5200  [Ljdk.internal.org.objectweb.asm.SymbolTable$Entry; (java.base@23)
 162:            40           5184  [Ljava.lang.ThreadLocal$ThreadLocalMap$Entry; (java.base@23)
 163:           208           4992  com.google.inject.internal.InternalFactoryToInitializableAdapter
 164:            62           4960  java.net.URI (java.base@23)
 165:            87           4872  java.io.FileCleanable (java.base@23)
 166:           195           4680  com.google.inject.internal.aop.AbstractGlueGenerator$$Lambda/0x000078cd0f193d68
 167:           194           4656  com.google.inject.internal.DefaultConstructionProxyFactory$FastClassProxy
 168:            10           4544  [Ljava.nio.ByteBuffer; (java.base@23)
 169:           283           4528  java.lang.Integer (java.base@23)
 170:           282           4512  jdk.internal.util.StrongReferenceKey (java.base@23)
 171:           105           4488  [[C (java.base@23)
 172:           140           4480  java.lang.module.ModuleDescriptor$Requires (java.base@23)
 173:            93           4464  java.lang.StackTraceElement (java.base@23)
 174:            91           4368  org.jvnet.hk2.internal.ServiceHandleImpl
 175:           136           4352  org.glassfish.hk2.utilities.cache.Cache$OriginThreadAwareFuture
 176:           181           4344  sun.reflect.generics.factory.CoreReflectionFactory (java.base@23)
 177:           220           4328  [Ljava.lang.annotation.Annotation; (java.base@23)
 178:            90           4320  org.jvnet.hk2.internal.ClazzCreator
 179:           265           4240  java.lang.Byte (java.base@23)
 180:            75           4200  java.lang.Module (java.base@23)
 181:           131           4192  com.google.inject.internal.FactoryProxy
 182:            87           4160  [Ljava.security.ProtectionDomain; (java.base@23)
 183:            52           4160  com.google.common.cache.LocalCache$Segment
 184:           260           4160  java.security.SecureClassLoader$1 (java.base@23)
 185:           260           4160  java.util.zip.CRC32 (java.base@23)
 186:           172           4128  org.eclipse.sisu.space.NamedClass
 187:           171           4104  jdk.internal.module.ServicesCatalog$ServiceProvider (java.base@23)
 188:           171           4104  sun.reflect.generics.reflectiveObjects.ParameterizedTypeImpl (java.base@23)
 189:           256           4096  java.lang.Short (java.base@23)
 190:            64           4096  java.lang.module.ModuleDescriptor (java.base@23)
 191:           256           4096  java.util.HashMap$KeySet (java.base@23)
 192:           101           4040  java.io.FileDescriptor (java.base@23)
 193:           166           3984  java.util.ImmutableCollections$SetN (java.base@23)
 194:           124           3968  java.util.logging.LogManager$LogNode (java.logging@23)
 195:           165           3960  jdk.internal.reflect.DirectConstructorHandleAccessor (java.base@23)
 196:           164           3936  org.eclipse.sisu.inject.RankedSequence$Content
 197:            98           3920  org.eclipse.sisu.inject.MildValues$Weak
 198:           163           3912  org.glassfish.hk2.utilities.reflection.internal.ClassReflectionHelperImpl$LifecycleKey
 199:           122           3904  java.util.Collections$UnmodifiableMap (java.base@23)
 200:            54           3888  org.glassfish.hk2.utilities.DescriptorImpl
 201:           121           3872  sun.reflect.generics.repository.ClassRepository (java.base@23)
 202:            68           3808  java.util.logging.Logger (java.logging@23)
 203:            78           3744  org.glassfish.hk2.utilities.InjecteeImpl
 204:           153           3672  java.util.ArrayDeque (java.base@23)
 205:           227           3632  com.google.common.collect.SingletonImmutableSet
 206:           151           3624  sun.reflect.generics.scope.ClassScope (java.base@23)
 207:           113           3616  org.eclipse.sisu.inject.LazyBeanEntry
 208:            90           3600  java.math.BigInteger (java.base@23)
 209:            50           3600  org.apache.maven.model.MailingList
 210:            56           3584  org.apache.maven.model.Repository
 211:           149           3576  org.eclipse.sisu.plexus.ProvidedPropertyBinding
 212:            55           3520  java.security.Provider$Service (java.base@23)
 213:           108           3456  java.util.zip.ZipFile$CleanableResource (java.base@23)
 214:           143           3432  java.util.concurrent.CopyOnWriteArrayList (java.base@23)
 215:           107           3424  org.eclipse.sisu.inject.MildElements$Weak
 216:            61           3416  java.util.Properties (java.base@23)
 217:            61           3416  jdk.internal.module.ModuleReferenceImpl (java.base@23)
 218:           142           3408  com.google.inject.internal.AbstractBindingProcessor$Processor$$Lambda/0x000078cd0f1a7568
 219:            85           3400  java.io.RandomAccessFile (java.base@23)
 220:            85           3400  jdk.internal.loader.URLClassPath$JarLoader (java.base@23)
 221:           141           3384  com.google.inject.internal.SingleParameterInjector
 222:            28           3360  java.lang.Thread (java.base@23)
 223:            83           3320  java.security.ProtectionDomain (java.base@23)
 224:           102           3264  org.codehaus.plexus.configuration.xml.XmlPlexusConfiguration
 225:            58           3248  org.glassfish.jersey.server.model.ResourceMethod$Data
 226:            58           3248  org.glassfish.jersey.server.model.ResourceMethodInvoker
 227:           135           3240  java.security.Provider$ServiceKey (java.base@23)
 228:           135           3240  java.util.Collections$UnmodifiableList (java.base@23)
 229:           190           3040  jdk.proxy2.$Proxy15 (jdk.proxy2)
 230:            63           3024  com.google.inject.internal.InstanceBindingImpl
 231:            34           2992  org.apache.maven.model.Build
 232:            62           2976  org.apache.maven.model.RepositoryPolicy
 233:           123           2952  java.util.concurrent.locks.ReentrantReadWriteLock (java.base@23)
 234:           184           2944  com.google.inject.internal.aop.ImmutableStringTrie
 235:            92           2944  org.eclipse.sisu.inject.LocatedBeans
 236:            61           2928  java.lang.invoke.LambdaFormEditor$Transform (java.base@23)
 237:           121           2904  org.eclipse.sisu.space.WildcardKey$QualifiedImpl
 238:           121           2904  sun.reflect.generics.tree.ClassSignature (java.base@23)
 239:           180           2880  com.google.inject.Key$AnnotationInstanceStrategy
 240:            72           2880  java.io.FilePermission (java.base@23)
 241:           179           2864  org.eclipse.sisu.inject.RankedSequence
 242:            51           2856  java.util.concurrent.ConcurrentHashMap$ValueIterator (java.base@23)
 243:            89           2848  java.lang.ThreadLocal$ThreadLocalMap$Entry (java.base@23)
 244:            89           2848  org.eclipse.sisu.inject.RankedBindings
 245:            58           2784  org.glassfish.jersey.server.model.Invocable
 246:            69           2760  java.util.logging.Logger$ConfigurationData (java.logging@23)
 247:           115           2760  org.eclipse.sisu.plexus.PlexusRequirements$RequirementProvider
 248:           152           2752  [Lsun.reflect.generics.tree.FormalTypeParameter; (java.base@23)
 249:            68           2720  java.io.ObjectStreamField (java.base@23)
 250:            85           2720  sun.nio.fs.UnixFileKey (java.base@23)
 251:           111           2664  java.util.Collections$SetFromMap (java.base@23)
 252:            83           2656  sun.nio.fs.UnixPath (java.base@23)
 253:           109           2616  java.util.zip.Inflater$InflaterZStreamRef (java.base@23)
 254:           163           2608  org.eclipse.sisu.bean.BeanPropertyField
 255:            54           2592  org.glassfish.jersey.server.model.Parameter
 256:           107           2568  org.jvnet.hk2.internal.IndexedListData
 257:           159           2544  java.util.concurrent.atomic.AtomicInteger (java.base@23)
 258:           105           2520  java.util.regex.Pattern$BmpCharProperty (java.base@23)
 259:            63           2520  org.eclipse.aether.internal.impl.collect.DataPool$GoodDescriptor
 260:           104           2496  jdk.internal.loader.AbstractClassLoaderValue$Sub (java.base@23)
 261:            31           2480  org.apache.maven.model.Scm
 262:           103           2472  org.jvnet.hk2.internal.ClazzCreator$ResolutionInfo
 263:           121           2456  [Lsun.reflect.generics.tree.ClassTypeSignature; (java.base@23)
 264:            60           2400  org.jvnet.hk2.internal.ServiceLocatorImpl$IgdCacheKey
 265:            37           2368  org.apache.maven.model.DeploymentRepository
 266:            97           2328  java.util.LinkedHashMap$LinkedEntrySet (java.base@23)
 267:            58           2320  org.apache.maven.artifact.handler.DefaultArtifactHandler
 268:            95           2280  java.lang.ProcessEnvironment$Value (java.base@23)
 269:            95           2280  java.lang.ProcessEnvironment$Variable (java.base@23)
 270:            70           2240  java.util.ArrayList$Itr (java.base@23)
 271:            10           2240  jdk.internal.org.objectweb.asm.MethodWriter (java.base@23)
 272:            40           2240  org.apache.commons.cli.Option
 273:            93           2232  javax.ws.rs.core.MediaType
 274:            92           2208  org.eclipse.sisu.inject.BeanCache
 275:            68           2176  java.lang.invoke.LambdaForm$Kind (java.base@23)
 276:            15           2160  [Ljava.lang.invoke.MemberName; (java.base@23)
 277:            89           2136  org.eclipse.sisu.inject.MildElements
 278:           133           2128  jdk.proxy2.$Proxy7 (jdk.proxy2)
 279:            53           2120  java.lang.reflect.Parameter (java.base@23)
 280:            44           2112  java.lang.StackFrameInfo (java.base@23)
 281:            33           2112  org.apache.maven.model.BuildBase
 282:            65           2080  org.jvnet.hk2.internal.IterableProviderImpl
 283:           128           2048  java.lang.Character (java.base@23)
 284:            64           2048  org.eclipse.sisu.plexus.RequirementImpl
 285:            85           2040  java.util.ImmutableCollections$List12 (java.base@23)
 286:            85           2040  java.util.zip.ZipFile$Source$Key (java.base@23)
 287:            28           2016  org.apache.maven.model.DistributionManagement
 288:            83           1992  org.eclipse.sisu.wire.BeanProviders$1
 289:           124           1984  java.util.concurrent.locks.ReentrantReadWriteLock$ReadLock (java.base@23)
 290:           124           1984  java.util.concurrent.locks.ReentrantReadWriteLock$Sync$ThreadLocalHoldCounter (java.base@23)
 291:           124           1984  java.util.concurrent.locks.ReentrantReadWriteLock$WriteLock (java.base@23)
 292:            62           1984  org.codehaus.plexus.component.repository.ComponentDependency
 293:            80           1920  java.util.regex.Pattern$GroupHead (java.base@23)
 294:            80           1920  java.util.regex.Pattern$GroupTail (java.base@23)
 295:            60           1920  jdk.internal.loader.BuiltinClassLoader$LoadedModule (java.base@23)
 296:            60           1920  org.jvnet.hk2.internal.CacheKey
 297:            60           1920  org.jvnet.hk2.internal.ServiceLocatorImpl$IgdValue
 298:            59           1888  java.util.concurrent.ConcurrentLinkedQueue$Itr (java.base@23)
 299:            47           1880  java.security.AccessControlContext (java.base@23)
 300:            58           1856  [Lorg.glassfish.jersey.server.internal.routing.Router;
 301:           116           1856  com.google.inject.name.NamedImpl
 302:            58           1856  java.util.regex.Pattern$BnM (java.base@23)
 303:           116           1856  jdk.proxy2.$Proxy5 (jdk.proxy2)
 304:           116           1856  jdk.proxy2.$Proxy8 (jdk.proxy2)
 305:            23           1840  sun.net.www.protocol.jar.URLJarFile (java.base@23)
 306:            87           1832  [Lsun.reflect.generics.tree.FieldTypeSignature; (java.base@23)
 307:            57           1824  org.glassfish.jersey.server.model.internal.JavaResourceMethodDispatcherProvider$ResponseOutInvoker
 308:           113           1808  org.eclipse.sisu.inject.LazyBeanEntry$JsrNamed
 309:            64           1792  [Lcom.google.inject.internal.SingleParameterInjector;
 310:            74           1776  java.security.Permissions (java.base@23)
 311:           111           1776  java.util.WeakHashMap$KeySet (java.base@23)
 312:            37           1776  java.util.concurrent.ConcurrentHashMap$TreeNode (java.base@23)
 313:            74           1776  org.glassfish.hk2.utilities.ContextualInput
 314:            73           1752  java.util.Arrays$ArrayList (java.base@23)
 315:            72           1728  java.io.FilePermissionCollection (java.base@23)
 316:            43           1720  java.lang.Thread$FieldHolder (java.base@23)
 317:            71           1704  java.util.jar.Manifest (java.base@23)
 318:            13           1664  com.google.common.cache.LocalCache
 319:            52           1664  com.google.inject.internal.SingleFieldInjector
 320:            26           1664  org.apache.maven.model.Activation
 321:            41           1640  java.util.IdentityHashMap (java.base@23)
 322:            68           1632  java.security.Provider$UString (java.base@23)
 323:            51           1632  sun.reflect.annotation.AnnotationType (java.base@23)
 324:            67           1608  java.util.regex.Pattern$Slice (java.base@23)
 325:            67           1608  org.codehaus.plexus.classworlds.realm.Entry
 326:            50           1600  jdk.internal.reflect.DirectMethodHandleAccessor (java.base@23)
 327:            40           1600  org.apache.maven.model.building.ModelData
 328:            33           1584  java.time.temporal.ValueRange (java.base@23)
 329:            97           1552  java.util.regex.Pattern$$Lambda/0x800000032 (java.base@23)
 330:            64           1536  org.eclipse.sisu.wire.BeanProviders$7
 331:            32           1536  org.glassfish.jersey.uri.PathTemplate
 332:            46           1528  [Lorg.eclipse.sisu.bean.PropertyBinding;
 333:            63           1512  org.eclipse.aether.internal.impl.collect.DataPool$DescriptorKey
 334:            61           1464  java.lang.module.ResolvedModule (java.base@23)
 335:            61           1464  jdk.internal.module.SystemModuleFinders$2 (java.base@23)
 336:            61           1464  jdk.internal.module.SystemModuleFinders$SystemModuleReader (java.base@23)
 337:            91           1456  org.apache.maven.artifact.versioning.ComparableVersion$IntItem
 338:            30           1440  java.time.temporal.ChronoField (java.base@23)
 339:            36           1440  org.apache.maven.artifact.versioning.DefaultArtifactVersion
 340:            60           1440  org.glassfish.hk2.internal.IndexedFilterImpl
 341:            60           1440  org.jvnet.hk2.internal.ImmediateResults
 342:            60           1440  org.jvnet.hk2.internal.NarrowResults
 343:             1           1424  [[B (java.base@23)
 344:            59           1416  com.google.inject.internal.ErrorId
 345:            59           1416  java.lang.module.ModuleDescriptor$Provides (java.base@23)
 346:            44           1408  java.util.Formatter$FormatSpecifier (java.base@23)
 347:            58           1392  org.glassfish.jersey.server.internal.routing.MethodRouting
 348:            58           1392  org.glassfish.jersey.server.internal.routing.PushMethodHandlerRouter
 349:            58           1392  org.glassfish.jersey.server.model.MethodHandler$ClassBasedMethodHandler
 350:            58           1392  org.glassfish.jersey.server.model.ResourceMethod
 351:             1           1376  [Ljdk.internal.math.FDBigInteger; (java.base@23)
 352:            43           1376  java.util.regex.Pattern$Branch (java.base@23)
 353:            43           1376  sun.reflect.generics.reflectiveObjects.TypeVariableImpl (java.base@23)
 354:            10           1360  org.glassfish.grizzly.threadpool.DefaultWorkerThread
 355:            85           1360  sun.nio.fs.UnixFileAttributes$UnixAsBasicFileAttributes (java.base@23)
 356:            42           1344  org.apache.maven.repository.internal.DefaultModelCache$Key
 357:            83           1328  [Ljava.security.Principal; (java.base@23)
 358:            83           1328  java.security.ProtectionDomain$Key (java.base@23)
 359:            11           1320  org.glassfish.hk2.internal.ConstantActiveDescriptor
 360:            81           1296  jdk.proxy1.$Proxy10 (jdk.proxy1)
 361:             9           1296  org.apache.maven.plugin.descriptor.MojoDescriptor
 362:            54           1296  org.jvnet.hk2.internal.SoftAnnotatedElementAnnotationInfo
 363:            10           1280  org.jvnet.hk2.internal.ConstantActiveDescriptor
 364:            52           1248  org.slf4j.impl.MavenSimpleLogger
 365:            76           1216  javax.ws.rs.core.MediaType$1
 366:            38           1184  [Ljava.math.BigInteger; (java.base@23)
 367:            21           1176  org.apache.maven.model.Parent
 368:            49           1176  org.glassfish.jersey.server.internal.inject.EntityParamValueFactoryProvider$EntityValueFactory
 369:            24           1152  com.google.inject.internal.LinkedProviderBindingImpl
 370:            71           1136  java.util.jar.Attributes (java.base@23)
 371:            47           1128  java.util.regex.Pattern$CharPropertyGreedy (java.base@23)
 372:            47           1128  sun.reflect.generics.tree.FormalTypeParameter (java.base@23)
 373:             1           1112  [Lsun.security.util.KnownOIDs; (java.base@23)
 374:            46           1104  org.eclipse.sisu.plexus.ConfigurationImpl
 375:             4           1088  [Lorg.glassfish.jersey.internal.util.collection.ConcurrentHashMapV8$Node;
 376:            54           1088  [[Ljava.lang.annotation.Annotation; (java.base@23)
 377:            45           1080  org.apache.maven.artifact.versioning.ComparableVersion$ListItem
 378:             2           1064  [Ljava.lang.Long; (java.base@23)
 379:            19           1064  org.apache.maven.model.License
 380:            22           1056  org.apache.maven.model.Reporting
 381:            33           1056  org.glassfish.jersey.uri.PathPattern
 382:             1           1040  [Ljava.lang.Byte; (java.base@23)
 383:             1           1040  [Ljava.lang.Integer; (java.base@23)
 384:             1           1040  [Ljava.lang.Short; (java.base@23)
 385:            32           1040  [Ljava.time.format.DateTimeFormatterBuilder$DateTimePrinterParser; (java.base@23)
 386:            10           1040  org.glassfish.grizzly.utils.ThreadLocalRandom
 387:            43           1032  [Ljava.util.regex.Pattern$Node; (java.base@23)
 388:            43           1032  jdk.internal.constant.MethodTypeDescImpl (java.base@23)
 389:            43           1032  org.eclipse.sisu.plexus.PlexusXmlMetadata
 390:            64           1024  java.util.Collections$UnmodifiableCollection (java.base@23)
 391:            64           1024  java.util.HashMap$EntrySet (java.base@23)
 392:            64           1024  jdk.internal.constant.ReferenceClassDescImpl (java.base@23)
 393:            32           1024  org.glassfish.grizzly.utils.ArraySet
 394:            63           1008  jdk.proxy2.$Proxy22 (jdk.proxy2)
 395:            31            992  java.lang.invoke.VarHandle$AccessMode (java.base@23)
 396:            31            992  org.apache.maven.model.PluginManagement
 397:            31            992  sun.reflect.generics.tree.MethodTypeSignature (java.base@23)
 398:            11            968  org.apache.maven.model.Contributor
 399:            40            960  java.lang.ThreadLocal$ThreadLocalMap (java.base@23)
 400:            24            960  java.lang.invoke.DirectMethodHandle$Special (java.base@23)
 401:            30            960  java.lang.invoke.MethodHandles$Lookup (java.base@23)
 402:            40            960  org.glassfish.grizzly.attributes.UnsafeAttributeHolder$Holder
 403:            59            944  jdk.internal.module.SystemModuleFinders$3 (java.base@23)
 404:            32            936  [Ljava.lang.annotation.ElementType; (java.base@23)
 405:            34            928  [Lorg.glassfish.grizzly.IOEvent;
 406:            29            928  java.util.regex.Pattern$Curly (java.base@23)
 407:            58            928  org.glassfish.jersey.server.internal.routing.PushMatchedMethodRouter
 408:            58            928  org.glassfish.jersey.server.internal.routing.Routers$EndpointRouter
 409:            23            920  java.lang.reflect.AccessFlag (java.base@23)
 410:            32            912  [Ljava.lang.constant.ClassDesc; (java.base@23)
 411:            19            912  org.apache.maven.model.ReportSet
 412:            56            896  java.util.concurrent.atomic.AtomicReferenceArray (java.base@23)
 413:            37            888  [Ljava.lang.reflect.TypeVariable; (java.base@23)
 414:            22            880  java.lang.invoke.VarHandle$AccessDescriptor (java.base@23)
 415:             1            872  [Ljava.lang.classfile.Opcode; (java.base@23)
 416:             6            864  java.text.DecimalFormat (java.base@23)
 417:            27            864  java.util.logging.LogManager$4 (java.logging@23)
 418:            36            864  org.apache.maven.artifact.versioning.ComparableVersion
 419:            36            864  org.apache.maven.artifact.versioning.VersionRange
 420:             9            864  org.glassfish.grizzly.nio.SelectorRunner
 421:            27            864  sun.reflect.generics.repository.ConstructorRepository (java.base@23)
 422:            31            848  [Lsun.reflect.generics.tree.TypeSignature; (java.base@23)
 423:            35            840  java.util.Formatter$FixedString (java.base@23)
 424:            51            816  java.util.TreeMap$EntrySet (java.base@23)
 425:            17            816  org.apache.maven.model.Extension
 426:            20            800  com.google.common.cache.LocalCache$WeakEntry
 427:            25            800  java.time.format.DateTimeFormatterBuilder$NumberPrinterParser (java.base@23)
 428:            25            800  org.glassfish.grizzly.threadpool.FixedThreadPool$BasicWorker
 429:            25            800  org.glassfish.grizzly.utils.LinkedTransferQueue$Node
 430:            33            792  com.google.inject.Key$AnnotationTypeStrategy
 431:            33            792  org.glassfish.jersey.uri.PatternWithGroups
 432:            16            768  java.lang.invoke.VarHandleReferences$FieldInstanceReadWrite (java.base@23)
 433:            24            768  java.lang.reflect.ClassFileFormatVersion (java.base@23)
 434:            32            768  java.time.format.DateTimeFormatterBuilder$CompositePrinterParser (java.base@23)
 435:             5            760  jdk.internal.org.objectweb.asm.ClassWriter (java.base@23)
 436:            47            752  jdk.proxy3.$Proxy34 (jdk.proxy3)
 437:            47            752  jdk.proxy3.$Proxy42 (jdk.proxy3)
 438:            31            744  java.security.Provider$EngineDescription (java.base@23)
 439:            46            736  org.eclipse.sisu.bean.BeanInjector
 440:            13            728  sun.util.calendar.ZoneInfo (java.base@23)
 441:            10            720  java.util.ResourceBundle$CacheKey (java.base@23)
 442:            18            720  org.apache.maven.model.Organization
 443:            15            720  org.glassfish.jersey.server.model.Resource$Data
 444:            10            720  sun.invoke.util.Wrapper (java.base@23)
 445:             9            720  sun.nio.ch.EPollSelectorImpl (java.base@23)
 446:            30            720  sun.reflect.generics.repository.FieldRepository (java.base@23)
 447:            17            712  [Ljava.lang.invoke.MethodType; (java.base@23)
 448:            29            696  com.google.inject.spi.TypeConverterBinding
 449:            29            696  java.time.LocalTime (java.base@23)
 450:            29            696  java.util.concurrent.atomic.AtomicLong (java.base@23)
 451:            43            688  java.util.regex.Pattern$BranchConn (java.base@23)
 452:            22            680  [Ljava.io.ObjectStreamField; (java.base@23)
 453:            28            672  java.lang.invoke.Invokers (java.base@23)
 454:            28            672  java.util.ImmutableCollections$ListN (java.base@23)
 455:            28            672  org.glassfish.jersey.server.model.HandlerConstructor
 456:             6            656  [D (java.base@23)
 457:            41            656  sun.reflect.generics.tree.TypeVariableSignature (java.base@23)
 458:            27            648  java.util.logging.LogManager$LoggerContext$1 (java.logging@23)
 459:            27            648  jdk.internal.classfile.impl.StackMapGenerator$Type (java.base@23)
 460:             9            648  org.glassfish.grizzly.utils.ConcurrentHashMapV8
 461:            27            648  sun.reflect.generics.scope.ConstructorScope (java.base@23)
 462:            20            640  java.lang.invoke.MethodHandleNatives$CallSiteContext (java.base@23)
 463:            10            640  java.text.DateFormatSymbols (java.base@23)
 464:            16            640  java.time.format.DateTimeFormatter (java.base@23)
 465:            20            640  java.util.ResourceBundle$KeyElementReference (java.base@23)
 466:            40            640  org.apache.maven.model.building.FileModelSource
 467:             3            624  [Ljava.lang.invoke.LambdaForm; (java.base@23)
 468:            26            624  java.lang.classfile.Opcode$Kind (java.base@23)
 469:            39            624  java.util.regex.Pattern$BitClass (java.base@23)
 470:            26            624  org.glassfish.hk2.utilities.binding.AbstractBinder$2
 471:             7            616  java.text.DecimalFormatSymbols (java.base@23)
 472:            11            616  jdk.internal.org.objectweb.asm.Label (java.base@23)
 473:            11            616  org.apache.maven.model.Resource
 474:            11            616  org.apache.maven.model.Site
 475:            25            600  java.util.concurrent.ConcurrentLinkedQueue$Node (java.base@23)
 476:            25            600  org.glassfish.hk2.utilities.reflection.ParameterizedTypeImpl
 477:            15            600  org.glassfish.jersey.server.model.Resource
 478:            15            600  org.glassfish.jersey.server.model.RuntimeResource
 479:            20            584  [Ljava.lang.reflect.Parameter; (java.base@23)
 480:            36            576  jdk.proxy1.$Proxy0 (jdk.proxy1)
 481:             9            576  org.apache.maven.model.Notifier
 482:            18            576  org.fusesource.jansi.Ansi$Attribute
 483:            35            560  com.google.common.collect.RegularImmutableList
 484:             7            560  java.util.concurrent.TimeUnit (java.base@23)
 485:            14            560  org.apache.maven.model.IssueManagement
 486:            34            544  java.util.concurrent.ConcurrentHashMap$EntrySetView (java.base@23)
 487:             1            528  [Ljava.lang.Character; (java.base@23)
 488:            22            528  java.util.AbstractMap$SimpleImmutableEntry (java.base@23)
 489:            22            528  java.util.concurrent.ConcurrentHashMap$KeySetView (java.base@23)
 490:            11            528  org.apache.maven.model.CiManagement
 491:            22            528  org.eclipse.sisu.plexus.PlexusLifecycleManager$2
 492:             2            520  [Lcom.google.inject.Binding;
 493:             5            520  java.lang.invoke.InnerClassLambdaMetafactory (java.base@23)
 494:            16            512  com.google.common.collect.RegularImmutableSet
 495:             8            512  java.nio.DirectByteBuffer (java.base@23)
 496:            16            512  java.time.temporal.ChronoUnit (java.base@23)
 497:            16            512  org.apache.maven.model.DependencyManagement
 498:            16            512  org.eclipse.aether.graph.Exclusion
 499:            21            504  com.google.inject.spi.ModuleSource
 500:            21            504  java.util.regex.Pattern$Start (java.base@23)
 501:            12            480  java.lang.WeakPairMap$Pair$Weak (java.base@23)
 502:            12            480  java.lang.invoke.DirectMethodHandle$Interface (java.base@23)
 503:            10            480  java.lang.invoke.MethodHandleImpl$IntrinsicMethodHandle (java.base@23)
 504:            15            480  java.lang.invoke.VarForm (java.base@23)
 505:            20            480  java.lang.reflect.Executable$ParameterData (java.base@23)
 506:            20            480  java.util.Formatter (java.base@23)
 507:            20            480  java.util.concurrent.ConcurrentLinkedQueue (java.base@23)
 508:            20            480  java.util.regex.Pattern$BmpCharPropertyGreedy (java.base@23)
 509:            20            480  jdk.internal.org.objectweb.asm.ByteVector (java.base@23)
 510:            30            480  jdk.proxy1.$Proxy2 (jdk.proxy1)
 511:            10            480  org.glassfish.grizzly.attributes.UnsafeAttributeHolder
 512:             6            480  org.glassfish.grizzly.threadpool.ThreadPoolConfig
 513:            29            464  java.util.regex.Pattern$$Lambda/0x800000038 (java.base@23)
 514:            19            456  java.time.Duration (java.base@23)
 515:            19            456  org.eclipse.aether.RepositoryEvent$EventType
 516:            19            456  org.glassfish.jersey.server.internal.routing.Route
 517:             8            448  java.nio.HeapByteBuffer (java.base@23)
 518:             4            448  java.util.GregorianCalendar (java.base@23)
 519:            28            448  jdk.internal.logger.DefaultLoggerFinder$1 (java.base@23)
 520:            28            448  jdk.proxy3.$Proxy41 (jdk.proxy3)
 521:            14            448  org.glassfish.jersey.message.ReaderModel
 522:            14            448  org.glassfish.jersey.message.WriterModel
 523:            11            440  java.lang.OutOfMemoryError (java.base@23)
 524:             1            432  [[[C (java.base@23)
 525:            18            432  java.text.DateFormat$Field (java.base@23)
 526:            27            432  jdk.proxy1.$Proxy3 (jdk.proxy1)
 527:            18            432  org.eclipse.sisu.plexus.PlexusConfigurations$ConfigurationProvider
 528:            18            432  org.eclipse.sisu.wire.EntryMapAdapter
 529:             9            432  org.glassfish.grizzly.memory.HeapMemoryManager$HeapBufferThreadLocalPool
 530:             6            432  org.glassfish.jersey.internal.util.collection.ConcurrentHashMapV8
 531:            18            432  org.glassfish.jersey.internal.util.collection.Values$LazyValueImpl
 532:            18            432  sun.nio.ch.SocketOptionRegistry$RegistryKey (java.base@23)
 533:            13            416  [Lcom.google.common.cache.LocalCache$Segment;
 534:            26            416  org.apache.maven.cli.logging.Slf4jLogger
 535:            17            408  org.apache.maven.execution.ExecutionEvent$Type
 536:            17            408  sun.nio.ch.OptionKey (java.base@23)
 537:            25            400  com.google.inject.internal.ConstantFactory
 538:            10            400  java.lang.classfile.TypeKind (java.base@23)
 539:            25            400  jdk.proxy3.$Proxy37 (jdk.proxy3)
 540:             7            392  [Ljava.text.Format; (java.base@23)
 541:            16            384  com.google.inject.spi.ProviderLookup
 542:            12            384  java.lang.WeakPairMap$Pair$Weak$1 (java.base@23)
 543:             8            384  java.lang.invoke.BoundMethodHandle$SpeciesData (java.base@23)
 544:             8            384  java.lang.invoke.MethodHandleImpl$AsVarargsCollector (java.base@23)
 545:            12            384  java.lang.invoke.SimpleMethodHandle (java.base@23)
 546:            24            384  java.time.format.DateTimeFormatterBuilder$CharLiteralPrinterParser (java.base@23)
 547:            12            384  jdk.internal.constant.DirectMethodHandleDescImpl (java.base@23)
 548:            16            384  org.apache.maven.model.InputSource
 549:             3            384  org.codehaus.plexus.classworlds.realm.ClassRealm
 550:            16            384  org.eclipse.sisu.plexus.RealmFilteredBeans
 551:            12            384  org.glassfish.hk2.utilities.cache.LRUHybridCache
 552:            12            384  org.glassfish.jersey.model.ContractProvider
 553:            12            384  sun.security.jca.ProviderConfig (java.base@23)
 554:             4            384  sun.util.calendar.Gregorian$Date (java.base@23)
 555:            23            368  java.util.TreeSet (java.base@23)
 556:             2            368  org.apache.maven.project.MavenProject
 557:            15            360  java.lang.RuntimePermission (java.base@23)
 558:             9            360  java.util.ResourceBundle$BundleReference (java.base@23)
 559:             5            360  jdk.internal.org.objectweb.asm.SymbolTable (java.base@23)
 560:             9            360  org.apache.maven.model.ActivationProperty
 561:             9            360  org.apache.maven.shared.utils.logging.Style
 562:            15            360  org.glassfish.jersey.internal.inject.CustomAnnotationImpl
 563:            15            360  org.glassfish.jersey.server.internal.routing.MethodSelectingRouter
 564:            15            360  org.glassfish.jersey.server.internal.routing.PushMatchedTemplateRouter
 565:            15            360  org.glassfish.jersey.server.model.Resource$2
 566:            15            352  [Lorg.eclipse.aether.graph.Exclusion;
 567:            11            352  java.lang.constant.DirectMethodHandleDesc$Kind (java.base@23)
 568:             1            352  java.util.concurrent.ForkJoinPool (java.base@23)
 569:             5            336  [Lsun.invoke.util.Wrapper; (java.base@23)
 570:            14            336  com.google.inject.internal.TypeConverterBindingProcessor$5
 571:             6            336  java.nio.DirectLongBufferU (java.base@23)
 572:             6            336  java.util.stream.ReferencePipeline$Head (java.base@23)
 573:             8            320  [Ljava.lang.invoke.BoundMethodHandle$SpeciesData; (java.base@23)
 574:            10            320  com.google.inject.internal.asm.$Type
 575:             8            320  java.lang.reflect.ProxyGenerator$PrimitiveTypeInfo (java.base@23)
 576:            10            320  java.util.Hashtable$Entry (java.base@23)
 577:            10            320  java.util.RegularEnumSet (java.base@23)
 578:            20            320  java.util.TreeMap$KeySet (java.base@23)
 579:            20            320  jdk.proxy3.$Proxy27 (jdk.proxy3)
 580:            13            312  org.glassfish.jersey.uri.UriComponent$Type
 581:            19            304  javax.ws.rs.core.MediaType$2
 582:             1            288  [Ljava.lang.invoke.LambdaForm$Kind; (java.base@23)
 583:             2            288  [Ljava.lang.invoke.VarHandle$AccessMode; (java.base@23)
 584:             4            288  com.fasterxml.jackson.databind.util.LRUMap
 585:            18            288  com.google.inject.internal.TypeConverterBindingProcessor$6
 586:            12            288  java.lang.annotation.ElementType (java.base@23)
 587:            12            288  java.net.StandardSocketOptions$StdSocketOption (java.base@23)
 588:            12            288  java.time.LocalDateTime (java.base@23)
 589:             9            288  java.util.logging.Level (java.logging@23)
 590:             9            288  java.util.logging.Level$KnownLevel (java.logging@23)
 591:             6            288  java.util.stream.StreamOpFlag (java.base@23)
 592:             9            288  jdk.internal.constant.PrimitiveClassDescImpl (java.base@23)
 593:             9            288  jdk.internal.loader.NativeLibraries (java.base@23)
 594:             9            288  jdk.internal.org.objectweb.asm.Type (java.base@23)
 595:            18            288  jdk.proxy3.$Proxy44 (jdk.proxy3)
 596:            12            288  jersey.repackaged.com.google.common.collect.Sets$SetFromMap
 597:            18            288  org.eclipse.sisu.wire.EntryMapAdapter$EntrySet
 598:             9            288  org.fusesource.jansi.Ansi$Color
 599:            12            288  org.glassfish.jersey.server.model.Parameter$Source
 600:            12            288  sun.reflect.annotation.TypeAnnotation$TypeAnnotationTarget (java.base@23)
 601:             9            288  sun.util.logging.PlatformLogger$Level (java.base@23)
 602:             7            280  java.text.MessageFormat (java.base@23)
 603:             7            280  jdk.internal.loader.NativeLibraries$NativeLibraryImpl (java.base@23)
 604:             7            280  jersey.repackaged.com.google.common.collect.Maps$TransformedEntriesMap
 605:             5            280  org.apache.maven.artifact.repository.MavenArtifactRepository
 606:             2            272  org.jvnet.hk2.internal.ServiceLocatorImpl
 607:            11            264  java.lang.invoke.MethodHandleImpl$Intrinsic (java.base@23)
 608:            11            264  org.apache.maven.lifecycle.mapping.LifecycleMojo
 609:             3            264  org.apache.maven.plugin.descriptor.PluginDescriptor
 610:             1            256  [Lcom.google.inject.internal.ErrorId;
 611:             4            256  [Ljava.lang.StackFrameInfo; (java.base@23)
 612:             8            256  com.google.inject.internal.BoundProviderFactory
 613:            16            256  com.google.inject.matcher.Matchers$IdenticalTo
 614:             8            256  java.math.RoundingMode (java.base@23)
 615:             4            256  java.text.SimpleDateFormat (java.base@23)
 616:            16            256  java.util.IdentityHashMap$KeySet (java.base@23)
 617:             8            256  org.codehaus.plexus.component.repository.ComponentRequirement
 618:            16            256  org.eclipse.sisu.plexus.DefaultPlexusBeans
 619:             8            256  org.glassfish.grizzly.IOEvent
 620:            16            256  org.glassfish.grizzly.monitoring.DefaultMonitoringConfig
 621:             5            240  [Ljava.lang.invoke.LambdaForm$NamedFunction; (java.base@23)
 622:             3            240  [Lorg.glassfish.grizzly.utils.ConcurrentHashMapV8$Node;
 623:            10            240  com.google.inject.spi.ScopeBinding
 624:             6            240  java.lang.invoke.LambdaForm$BasicType (java.base@23)
 625:             6            240  java.lang.invoke.VarHandleInts$FieldInstanceReadWrite (java.base@23)
 626:            10            240  java.nio.charset.CoderResult (java.base@23)
 627:            10            240  java.nio.file.StandardOpenOption (java.base@23)
 628:             6            240  java.text.DigitList (java.base@23)
 629:            10            240  java.time.LocalDate (java.base@23)
 630:             6            240  java.util.EnumMap (java.base@23)
 631:            15            240  java.util.concurrent.atomic.AtomicBoolean (java.base@23)
 632:             3            240  java.util.regex.Matcher (java.base@23)
 633:            10            240  java.util.regex.Pattern$CharProperty (java.base@23)
 634:            10            240  java.util.regex.Pattern$StartS (java.base@23)
 635:            10            240  org.apache.maven.artifact.repository.ArtifactRepositoryPolicy
 636:            10            240  org.eclipse.sisu.plexus.PlexusRequirements$RequirementMapProvider
 637:            10            240  org.eclipse.sisu.wire.BeanProviders$6
 638:            15            240  org.glassfish.jersey.server.internal.routing.MethodSelectingRouter$4
 639:            15            240  org.glassfish.jersey.server.internal.routing.PushMatchedRuntimeResourceRouter
 640:            15            240  sun.invoke.util.ValueConversions$WrapperCache (java.base@23)
 641:             5            240  sun.nio.cs.StreamEncoder (java.base@23)
 642:             5            240  sun.nio.cs.UTF_8$Encoder (java.base@23)
 643:             6            240  sun.util.locale.provider.LocaleResources$ResourceReference (java.base@23)
 644:             6            240  sun.util.resources.Bundles$BundleReference (java.base@23)
 645:            14            224  com.google.inject.spi.ProviderLookup$1
 646:             7            224  java.lang.System$Logger$Level (java.base@23)
 647:             4            224  java.nio.HeapCharBuffer (java.base@23)
 648:             7            224  java.util.Collections$SynchronizedMap (java.base@23)
 649:            14            224  java.util.concurrent.atomic.AtomicReference (java.base@23)
 650:            14            224  jdk.internal.misc.InternalLock (java.base@23)
 651:            14            224  org.eclipse.aether.graph.Dependency$Exclusions
 652:             7            224  org.glassfish.jersey.model.ContractProvider$Builder
 653:             9            216  java.lang.reflect.AccessFlag$Location (java.base@23)
 654:             9            216  java.time.ZoneOffset (java.base@23)
 655:             9            216  org.glassfish.jersey.server.internal.inject.ParamInjectionResolver$1
 656:             3            216  sun.security.provider.NativePRNG$RandomIO (java.base@23)
 657:             4            208  [Ljava.lang.StackTraceElement; (java.base@23)
 658:            13            208  java.lang.ThreadLocal (java.base@23)
 659:             2            200  [Ljava.text.DateFormat$Field; (java.base@23)
 660:             5            200  jdk.internal.loader.URLClassPath (java.base@23)
 661:             5            200  sun.util.locale.provider.LocaleProviderAdapter$Type (java.base@23)
 662:             4            192  [Ljava.util.Hashtable$Entry; (java.base@23)
 663:             4            192  com.google.common.collect.MapMakerInternalMap$WeakKeyStrongValueSegment
 664:             4            192  java.lang.ThreadGroup (java.base@23)
 665:             6            192  java.net.InetAddress$InetAddressHolder (java.base@23)
 666:             8            192  java.net.NetPermission (java.base@23)
 667:             3            192  java.nio.DirectByteBufferR (java.base@23)
 668:             6            192  java.time.format.TextStyle (java.base@23)
 669:             4            192  java.util.Hashtable (java.base@23)
 670:             6            192  java.util.ImmutableCollections$ListItr (java.base@23)
 671:             6            192  java.util.ImmutableCollections$MapN (java.base@23)
 672:             6            192  java.util.concurrent.ConcurrentHashMap$ForwardingNode (java.base@23)
 673:             6            192  jdk.internal.loader.BuiltinClassLoader$1 (java.base@23)
 674:             6            192  jdk.internal.reflect.MethodHandleBooleanFieldAccessorImpl (java.base@23)
 675:            12            192  jdk.proxy3.$Proxy47 (jdk.proxy3)
 676:             6            192  org.glassfish.grizzly.utils.ConcurrentHashMapV8$Node
 677:             8            192  org.glassfish.hk2.utilities.cache.Cache
 678:             6            192  org.glassfish.jersey.internal.util.collection.ConcurrentHashMapV8$Node
 679:             6            192  sun.util.resources.Bundles$CacheKey (java.base@23)
 680:             1            184  org.apache.maven.execution.DefaultMavenExecutionRequest
 681:             1            184  org.glassfish.grizzly.nio.transport.TCPNIOTransport
 682:             5            176  [Ljava.lang.invoke.LambdaFormEditor$Transform; (java.base@23)
 683:            11            176  com.google.common.cache.LocalCache$LocalLoadingCache
 684:            11            176  jdk.proxy3.$Proxy48 (jdk.proxy3)
 685:            11            176  org.apache.maven.lifecycle.mapping.LifecyclePhase
 686:             3            168  [Ljava.util.regex.Pattern$GroupHead; (java.base@23)
 687:             1            168  [[Ljava.math.BigInteger; (java.base@23)
 688:             7            168  com.fasterxml.jackson.jaxrs.util.ClassKey
 689:             7            168  java.lang.NamedPackage (java.base@23)
 690:             7            168  java.time.Instant (java.base@23)
 691:             7            168  jdk.net.ExtendedSocketOptions$ExtSocketOption (jdk.net@23)
 692:             7            168  org.eclipse.sisu.wire.EntryListAdapter
 693:             7            168  org.jvnet.hk2.internal.FactoryCreator
 694:             2            160  [Ljava.lang.constant.DirectMethodHandleDesc$Kind; (java.base@23)
 695:             2            160  [Lorg.glassfish.jersey.internal.util.collection.KeyComparatorHashMap$Entry;
 696:            10            160  com.google.inject.internal.Scoping$7
 697:             4            160  java.io.BufferedWriter (java.base@23)
 698:             5            160  java.lang.invoke.MethodHandles$Lookup$ClassDefiner (java.base@23)
 699:             5            160  java.lang.invoke.VarHandle$AccessType (java.base@23)
 700:             5            160  java.util.HashMap$KeyIterator (java.base@23)
 701:             2            160  java.util.concurrent.ThreadPoolExecutor (java.base@23)
 702:             2            160  java.util.logging.LogRecord (java.logging@23)
 703:             4            160  jdk.internal.vm.SharedThreadContainer (java.base@23)
 704:             4            160  org.apache.maven.model.ActivationFile
 705:             4            160  org.apache.maven.model.Exclusion
 706:             5            160  org.fusesource.jansi.AnsiType
 707:             2            160  org.fusesource.jansi.io.AnsiOutputStream
 708:            10            160  org.glassfish.grizzly.ThreadCache$ObjectCache
 709:             5            160  org.glassfish.grizzly.attributes.Attribute
 710:            10            160  org.glassfish.grizzly.attributes.UnsafeAttributeHolder$IndexedAttributeAccessorImpl
 711:             4            160  sun.reflect.generics.repository.MethodRepository (java.base@23)
 712:             1            144  [[Lorg.glassfish.grizzly.IOEvent;
 713:             6            144  com.google.common.collect.ImmutableMapEntry
 714:             2            144  com.google.inject.internal.InjectorBindingData
 715:             6            144  com.google.inject.spi.Elements$ModuleInfo
 716:             6            144  java.lang.Thread$State (java.base@23)
 717:             6            144  java.lang.invoke.LambdaFormEditor$TransformKey (java.base@23)
 718:             9            144  java.nio.channels.spi.AbstractSelector$1 (java.base@23)
 719:             3            144  java.time.temporal.JulianFields$Field (java.base@23)
 720:             6            144  jdk.internal.loader.BuiltinClassLoader$2 (java.base@23)
 721:             6            144  jdk.internal.perf.PerfCounter (java.base@23)
 722:             6            144  org.eclipse.sisu.plexus.PlexusRequirements$RequirementListProvider
 723:             6            144  org.eclipse.sisu.wire.BeanProviders$4
 724:             6            144  org.glassfish.grizzly.Transport$State
 725:             1            144  org.glassfish.grizzly.http.server.NetworkListener
 726:             3            144  org.glassfish.jersey.internal.inject.ContextInjectionResolver$RequiredTypeOverridingInjectee
 727:             2            144  org.glassfish.jersey.server.ResourceConfig$ImmutableState
 728:             9            144  sun.nio.ch.EventFD (java.base@23)
 729:             9            144  sun.nio.ch.Util$2 (java.base@23)
 730:             1            136  [Ljava.time.temporal.ChronoField; (java.base@23)
 731:             1            136  org.glassfish.grizzly.nio.transport.TCPNIOServerConnection
 732:             4            128  java.lang.module.ModuleDescriptor$Modifier (java.base@23)
 733:             4            128  java.lang.module.ModuleDescriptor$Requires$Modifier (java.base@23)
 734:             4            128  java.time.format.DateTimeFormatterBuilder$TextPrinterParser (java.base@23)
 735:             4            128  java.util.concurrent.locks.AbstractQueuedSynchronizer$ConditionNode (java.base@23)
 736:             8            128  javax.ws.rs.core.MultivaluedHashMap
 737:             4            128  jdk.internal.logger.BootstrapLogger$LoggingBackend (java.base@23)
 738:             8            128  jdk.proxy3.$Proxy39 (jdk.proxy3)
 739:             8            128  org.eclipse.sisu.bean.BeanPropertySetter
 740:             2            128  org.glassfish.grizzly.http.server.util.Mapper$Context
 741:             1            120  [Ljava.lang.classfile.Opcode$Kind; (java.base@23)
 742:             3            120  [Ljava.lang.invoke.LambdaForm$BasicType; (java.base@23)
 743:             5            120  [Ljava.util.Enumeration; (java.base@23)
 744:             1            120  [Lorg.codehaus.plexus.component.configurator.converters.ConfigurationConverter;
 745:             7            120  [Lorg.glassfish.grizzly.http.server.util.Mapper$Wrapper;
 746:             1            120  [[Ljava.lang.String; (java.base@23)
 747:             5            120  java.io.OutputStreamWriter (java.base@23)
 748:             5            120  java.lang.CompoundEnumeration (java.base@23)
 749:             3            120  java.lang.SecurityException (java.base@23)
 750:             5            120  java.lang.classfile.AttributeMapper$AttributeStability (java.base@23)
 751:             5            120  java.lang.invoke.ConstantCallSite (java.base@23)
 752:             5            120  java.lang.invoke.InfoFromMemberName (java.base@23)
 753:             5            120  java.lang.invoke.InnerClassLambdaMetafactory$ForwardingMethodGenerator (java.base@23)
 754:             5            120  java.lang.invoke.MethodHandles$Lookup$ClassFile (java.base@23)
 755:             3            120  java.lang.invoke.VarHandleBooleans$FieldInstanceReadWrite (java.base@23)
 756:             1            120  java.lang.ref.Finalizer$FinalizerThread (java.base@23)
 757:             1            120  java.lang.ref.Reference$ReferenceHandler (java.base@23)
 758:             5            120  java.time.format.SignStyle (java.base@23)
 759:             5            120  java.util.Date (java.base@23)
 760:             5            120  java.util.ImmutableCollections$Set12$1 (java.base@23)
 761:             3            120  java.util.Spliterators$ArraySpliterator (java.base@23)
 762:             1            120  java.util.logging.LogManager$Cleaner (java.logging@23)
 763:             5            120  java.util.regex.Pattern$$Lambda/0x800000033 (java.base@23)
 764:             5            120  java.util.regex.Pattern$$Lambda/0x800000039 (java.base@23)
 765:             5            120  java.util.stream.StreamOpFlag$Type (java.base@23)
 766:             5            120  jdk.internal.math.FloatingDecimal$PreparedASCIIToBinaryBuffer (java.base@23)
 767:             1            120  jdk.internal.misc.InnocuousThread (java.base@23)
 768:             3            120  jersey.repackaged.com.google.common.util.concurrent.ThreadFactoryBuilder$1
 769:             5            120  org.apache.maven.plugin.internal.DefaultPluginValidationManager$ValidationReportLevel
 770:             1            120  org.apache.maven.shared.utils.logging.MessageUtils$1
 771:             1            120  org.eclipse.aether.DefaultRepositorySystemSession
 772:             5            120  org.eclipse.sisu.inject.DescriptionSource
 773:             5            120  org.eclipse.sisu.space.BeanScanning
 774:             5            120  org.glassfish.grizzly.http.server.HttpHandlerRegistration
 775:             1            120  org.glassfish.grizzly.nio.transport.TCPNIOTransportBuilder
 776:             5            120  org.glassfish.hk2.utilities.NamedImpl
 777:             5            120  org.glassfish.jersey.message.internal.HttpHeaderReader$Event
 778:             1            120  org.glassfish.jersey.server.internal.inject.DelegatedInjectionValueFactoryProvider$4
 779:             5            120  org.slf4j.impl.OutputChoice$OutputChoiceType
 780:             3            120  sun.util.locale.provider.LocaleResources (java.base@23)
 781:             1            112  [Ljava.lang.reflect.AccessFlag; (java.base@23)
 782:             1            112  [Ljava.lang.reflect.ClassFileFormatVersion; (java.base@23)
 783:             1            112  [Ljava.time.LocalTime; (java.base@23)
 784:             3            112  [Lsun.invoke.util.ValueConversions$WrapperCache; (java.base@23)
 785:             2            112  com.fasterxml.jackson.jaxrs.json.JacksonJaxbJsonProvider
 786:             2            112  com.google.inject.internal.InjectorImpl
 787:             2            112  java.lang.StackStreamFactory$StackFrameTraverser (java.base@23)
 788:             2            112  java.lang.invoke.BoundMethodHandle$Species_LLLLL (java.base@23)
 789:             2            112  java.nio.DirectIntBufferRU (java.base@23)
 790:             7            112  java.util.HashMap$Values (java.base@23)
 791:             2            112  java.util.ServiceLoader (java.base@23)
 792:             2            112  java.util.stream.ReferencePipeline$2 (java.base@23)
 793:             2            112  jdk.internal.classfile.impl.ClassFileImpl (java.base@23)
 794:             1            112  org.codehaus.mojo.exec.ExecJavaMojo
 795:             7            112  org.eclipse.sisu.wire.NamedIterableAdapter
 796:             1            112  org.glassfish.grizzly.http.server.filecache.FileCacheEntry
 797:             7            112  org.glassfish.jersey.model.ContractProvider$Builder$1
 798:             2            112  org.glassfish.jersey.server.internal.inject.DelegatedInjectionValueFactoryProvider$3
 799:             2            104  [Lcom.google.common.collect.ImmutableMapEntry;
 800:             2            104  [Lsun.util.logging.PlatformLogger$Level; (java.base@23)
 801:             1            104  jdk.internal.loader.ClassLoaders$AppClassLoader (java.base@23)
 802:             1            104  jdk.internal.loader.ClassLoaders$BootClassLoader (java.base@23)
 803:             1            104  jdk.internal.loader.ClassLoaders$PlatformClassLoader (java.base@23)
 804:             1            104  org.glassfish.grizzly.http.server.ServerConfiguration
 805:             1            104  sun.security.jca.ProviderList$1 (java.base@23)
 806:             1            104  sun.security.provider.Sun (java.base@23)
 807:             2             96  [Lcom.google.common.cache.LocalCache$EntryFactory;
 808:             2             96  [Ljava.lang.System$Logger$Level; (java.base@23)
 809:             2             96  [Ljava.util.concurrent.TimeUnit; (java.base@23)
 810:             3             96  [Ljdk.internal.util.OperatingSystem; (java.base@23)
 811:             1             96  [Lorg.eclipse.aether.RepositoryEvent$EventType;
 812:             1             96  [Lsun.util.locale.BaseLocale; (java.base@23)
 813:             2             96  com.google.common.collect.ArrayListMultimap
 814:             4             96  com.google.inject.internal.Initializer$InjectableReferenceState
 815:             4             96  com.google.inject.internal.InternalFlags$CustomClassLoadingOption
 816:             3             96  com.google.inject.internal.ProviderMethodsModule
 817:             6             96  com.google.inject.matcher.Matchers$Only
 818:             2             96  java.io.PrintStream (java.base@23)
 819:             3             96  java.lang.Runtime$Version (java.base@23)
 820:             4             96  java.lang.StackWalker$Option (java.base@23)
 821:             3             96  java.lang.constant.DynamicConstantDesc$AnonymousDynamicConstantDesc (java.base@23)
 822:             2             96  java.lang.invoke.BoundMethodHandle$Species_LLLL (java.base@23)
 823:             6             96  java.lang.invoke.LambdaFormEditor (java.base@23)
 824:             4             96  java.lang.module.ModuleDescriptor$Opens (java.base@23)
 825:             4             96  java.net.Inet4Address (java.base@23)
 826:             1             96  java.net.URLClassLoader (java.base@23)
 827:             3             96  java.nio.file.attribute.FileTime (java.base@23)
 828:             4             96  java.time.format.DateTimeFormatterBuilder$OffsetIdPrinterParser (java.base@23)
 829:             4             96  java.time.format.DateTimeFormatterBuilder$SettingsParser (java.base@23)
 830:             4             96  java.util.Collections$SynchronizedSet (java.base@23)
 831:             6             96  java.util.Collections$UnmodifiableMap$UnmodifiableEntrySet (java.base@23)
 832:             2             96  java.util.Formatter$FormatSpecifierParser (java.base@23)
 833:             2             96  java.util.Locale$Category (java.base@23)
 834:             3             96  java.util.concurrent.ConcurrentHashMap$ReservationNode (java.base@23)
 835:             2             96  java.util.concurrent.ConcurrentHashMap$TreeBin (java.base@23)
 836:             6             96  java.util.concurrent.ConcurrentHashMap$ValuesView (java.base@23)
 837:             2             96  java.util.concurrent.LinkedBlockingQueue (java.base@23)
 838:             4             96  java.util.regex.Pattern$Qtype (java.base@23)
 839:             4             96  java.util.regex.Pattern$Ques (java.base@23)
 840:             3             96  java.util.stream.MatchOps$MatchKind (java.base@23)
 841:             4             96  java.util.stream.StreamShape (java.base@23)
 842:             4             96  jdk.internal.classfile.impl.AbstractPoolEntry$Utf8EntryImpl$State (java.base@23)
 843:             1             96  jdk.internal.jimage.ImageReader$SharedImageReader (java.base@23)
 844:             6             96  jdk.internal.loader.ClassLoaderValue (java.base@23)
 845:             3             96  jdk.internal.loader.URLClassPath$1 (java.base@23)
 846:             3             96  jdk.internal.util.ClassFileDumper (java.base@23)
 847:             4             96  jdk.internal.util.OperatingSystem (java.base@23)
 848:             4             96  jdk.internal.util.ReferencedKeyMap (java.base@23)
 849:             6             96  jdk.proxy3.$Proxy30 (jdk.proxy3)
 850:             4             96  jersey.repackaged.com.google.common.collect.AbstractIterator$State
 851:             4             96  jersey.repackaged.com.google.common.collect.Collections2$TransformedCollection
 852:             4             96  org.apache.maven.classrealm.ClassRealmRequest$RealmType
 853:             4             96  org.apache.maven.execution.scope.internal.MojoExecutionScope$2
 854:             4             96  org.apache.maven.model.building.ModelProblem$Version
 855:             6             96  org.eclipse.sisu.wire.EntrySetAdapter
 856:             3             96  org.eclipse.sisu.wire.PlaceholderBeanProvider
 857:             3             96  org.fusesource.jansi.AnsiColors
 858:             3             96  org.fusesource.jansi.AnsiMode
 859:             2             96  org.fusesource.jansi.AnsiPrintStream
 860:             3             96  org.glassfish.grizzly.ThreadCache$CachedTypeIndex
 861:             4             96  org.glassfish.grizzly.http.server.State
 862:             1             96  org.glassfish.grizzly.http.server.filecache.FileCache
 863:             2             96  org.glassfish.grizzly.http.util.CharChunk
 864:             2             96  org.glassfish.grizzly.threadpool.FixedThreadPool
 865:             3             96  org.glassfish.grizzly.utils.DelayedExecutor$DelayQueue
 866:             3             96  org.glassfish.grizzly.utils.JdkVersion
 867:             4             96  org.glassfish.hk2.api.ErrorType
 868:             3             96  org.glassfish.jersey.internal.inject.Providers$ProviderRuntime
 869:             2             96  org.glassfish.jersey.internal.util.collection.KeyComparatorHashMap
 870:             3             96  org.glassfish.jersey.server.internal.inject.SingleValueExtractor
 871:             3             96  org.glassfish.jersey.server.spi.internal.ValueFactoryProvider$Priority
 872:             4             96  sun.misc.Unsafe$MemoryAccessOption (jdk.unsupported@23)
 873:             4             96  sun.reflect.generics.scope.MethodScope (java.base@23)
 874:             4             96  sun.reflect.generics.tree.Wildcard (java.base@23)
 875:             3             88  [Ljava.net.URL; (java.base@23)
 876:             1             88  [Lorg.apache.maven.execution.ExecutionEvent$Type;
 877:             1             88  [Lorg.fusesource.jansi.Ansi$Attribute;
 878:             1             88  org.apache.maven.model.building.DefaultModelBuilder
 879:             1             88  org.codehaus.plexus.DefaultPlexusContainer
 880:             1             88  org.eclipse.sisu.space.CloningClassSpace$CloningClassLoader
 881:             1             88  org.glassfish.jersey.server.internal.ProcessingProviders
 882:             1             88  sun.nio.ch.ServerSocketChannelImpl (java.base@23)
 883:             2             80  [F (java.base@23)
 884:             2             80  [Ljava.lang.OutOfMemoryError; (java.base@23)
 885:             1             80  [Ljava.time.temporal.ChronoUnit; (java.base@23)
 886:             1             80  [Ljava.util.concurrent.ForkJoinPool$WorkQueue; (java.base@23)
 887:             1             80  [Ljava.util.concurrent.RunnableScheduledFuture; (java.base@23)
 888:             2             80  [Ljava.util.stream.StreamOpFlag$Type; (java.base@23)
 889:             1             80  [Lorg.glassfish.grizzly.ThreadCache$ObjectCacheElement;
 890:             2             80  [Lsun.security.jca.ProviderConfig; (java.base@23)
 891:             2             80  [[Ljava.lang.invoke.MethodHandle; (java.base@23)
 892:             2             80  com.google.common.collect.RegularImmutableMap
 893:             2             80  com.google.inject.internal.InjectorImpl$SyntheticProviderBindingImpl
 894:             5             80  com.google.inject.spi.BindingSourceRestriction$PermitMapConstruction$PermitMapImpl
 895:             5             80  com.google.inject.util.Providers$ConstantProvider
 896:             5             80  com.sun.proxy.jdk.proxy1.$Proxy35 (jdk.proxy1)
 897:             2             80  java.io.BufferedOutputStream (java.base@23)
 898:             2             80  java.lang.ModuleLayer (java.base@23)
 899:             2             80  java.lang.StackStreamFactory$StackFrameBuffer (java.base@23)
 900:             2             80  java.lang.StackWalker (java.base@23)
 901:             2             80  java.lang.invoke.BoundMethodHandle$Species_LI (java.base@23)
 902:             2             80  java.lang.module.Configuration (java.base@23)
 903:             2             80  java.lang.ref.Finalizer (java.base@23)
 904:             2             80  java.lang.ref.NativeReferenceQueue (java.base@23)
 905:             2             80  java.time.format.DateTimeFormatterBuilder$NanosPrinterParser (java.base@23)
 906:             2             80  java.util.Collections$SingletonMap (java.base@23)
 907:             5             80  java.util.Optional (java.base@23)
 908:             2             80  java.util.PropertyResourceBundle (java.base@23)
 909:             2             80  java.util.ServiceLoader$LazyClassPathLookupIterator (java.base@23)
 910:             1             80  java.util.concurrent.ScheduledThreadPoolExecutor (java.base@23)
 911:             2             80  java.util.regex.Pattern$Loop (java.base@23)
 912:             2             80  jdk.internal.math.FloatingDecimal$BinaryToASCIIBuffer (java.base@23)
 913:             5             80  jdk.proxy2.$Proxy25 (jdk.proxy2)
 914:             5             80  org.apache.maven.artifact.versioning.ComparableVersion$StringItem
 915:             2             80  org.apache.maven.plugin.DefaultPluginDescriptorCache$CacheKey
 916:             2             80  org.glassfish.grizzly.asyncqueue.TaskQueue
 917:             1             80  org.glassfish.grizzly.http.HttpServerFilter
 918:             2             80  org.glassfish.jersey.internal.ServiceFinderBinder
 919:             2             80  org.glassfish.jersey.model.internal.ComponentBag
 920:             5             80  org.glassfish.jersey.server.internal.routing.PathMatchingRouter
 921:             1             80  sun.util.cldr.CLDRLocaleProviderAdapter (java.base@23)
 922:             3             72  [Lcom.fasterxml.jackson.jaxrs.cfg.Annotations;
 923:             3             72  [Lcom.google.inject.Module;
 924:             3             72  [Ljava.lang.invoke.MethodHandles$Lookup$ClassOption; (java.base@23)
 925:             3             72  [Ljava.net.InetAddress; (java.base@23)
 926:             2             72  [Ljava.time.ZoneOffset; (java.base@23)
 927:             3             72  [Ljavax.ws.rs.core.MediaType;
 928:             3             72  [Lorg.glassfish.grizzly.http.TransferEncoding;
 929:             1             72  [Lorg.glassfish.jersey.uri.UriComponent$Type;
 930:             1             72  [[Z (java.base@23)
 931:             3             72  com.google.common.collect.ImmutableMapEntry$NonTerminalImmutableMapEntry
 932:             3             72  com.google.inject.Stage
 933:             3             72  com.google.inject.internal.InjectorImpl$JitLimitation
 934:             3             72  com.google.inject.internal.InternalFlags$NullableProvidesOption
 935:             3             72  com.google.inject.internal.SingleMethodInjector
 936:             3             72  com.google.inject.internal.SingleMethodInjector$1
 937:             3             72  com.google.inject.spi.InjectionPoint$Position
 938:             3             72  com.google.inject.spi.InjectionRequest
 939:             3             72  com.google.inject.spi.ProvisionListenerBinding
 940:             3             72  com.google.inject.spi.TypeListenerBinding
 941:             3             72  java.lang.ClassValue$Version (java.base@23)
 942:             3             72  java.lang.Double (java.base@23)
 943:             3             72  java.lang.ProcessImpl$LaunchMechanism (java.base@23)
 944:             3             72  java.lang.StackStreamFactory$WalkerState (java.base@23)
 945:             3             72  java.lang.WeakPairMap (java.base@23)
 946:             3             72  java.lang.annotation.RetentionPolicy (java.base@23)
 947:             3             72  java.lang.classfile.ClassFile$AttributesProcessingOption (java.base@23)
 948:             3             72  java.lang.classfile.ClassFile$StackMapsOption (java.base@23)
 949:             3             72  java.net.InetSocketAddress$InetSocketAddressHolder (java.base@23)
 950:             3             72  java.net.StandardProtocolFamily (java.base@23)
 951:             3             72  java.nio.file.StandardCopyOption (java.base@23)
 952:             3             72  java.security.SecurityPermission (java.base@23)
 953:             3             72  java.time.format.ResolverStyle (java.base@23)
 954:             3             72  java.util.Spliterators$1Adapter (java.base@23)
 955:             3             72  java.util.regex.Pattern$Dollar (java.base@23)
 956:             3             72  java.util.regex.Pattern$TreeInfo (java.base@23)
 957:             3             72  java.util.stream.Collector$Characteristics (java.base@23)
 958:             3             72  java.util.zip.ZipCoder$Comparison (java.base@23)
 959:             3             72  jdk.internal.math.FloatingDecimal$ExceptionalBinaryToASCIIBuffer (java.base@23)
 960:             3             72  jdk.internal.misc.Signal (java.base@23)
 961:             3             72  jdk.internal.vm.Continuation$Pinned (java.base@23)
 962:             1             72  org.apache.maven.execution.MavenSession
 963:             1             72  org.apache.maven.execution.SettingsAdapter
 964:             3             72  org.apache.maven.model.building.ModelProblem$Severity
 965:             1             72  org.apache.maven.plugin.internal.DefaultMavenPluginManager
 966:             1             72  org.apache.maven.project.DefaultProjectBuildingRequest
 967:             3             72  org.apache.maven.session.scope.internal.SessionScope$$Lambda/0x000078cd0f1a7328
 968:             3             72  org.apache.maven.settings.building.SettingsProblem$Severity
 969:             3             72  org.eclipse.aether.util.graph.transformer.ConflictResolver$Verbosity
 970:             3             72  org.eclipse.sisu.space.LoadedClass
 971:             3             72  org.eclipse.sisu.wire.BeanProviders$3
 972:             3             72  org.glassfish.grizzly.http.CompressionConfig$CompressionMode
 973:             1             72  org.glassfish.grizzly.http.server.HttpHandlerChain
 974:             3             72  org.glassfish.grizzly.utils.LinkedTransferQueue
 975:             3             72  org.glassfish.hk2.api.InstanceLifecycleEventType
 976:             3             72  org.glassfish.hk2.api.ServiceLocatorFactory$CreatePolicy
 977:             3             72  org.glassfish.jersey.Severity
 978:             3             72  org.glassfish.jersey.internal.inject.ContextInjectionResolver$2
 979:             3             72  org.glassfish.jersey.message.internal.TracingLogger$Level
 980:             3             72  org.glassfish.jersey.model.internal.RankedProvider
 981:             3             72  org.glassfish.jersey.server.TracingConfig
 982:             3             72  org.glassfish.jersey.server.internal.inject.PathParamValueFactoryProvider$PathParamValueFactory
 983:             3             72  sun.net.InetAddressCachePolicy$1 (java.base@23)
 984:             3             72  sun.reflect.generics.reflectiveObjects.WildcardTypeImpl (java.base@23)
 985:             3             72  sun.security.provider.NativePRNG$Variant (java.base@23)
 986:             2             64  [Ljava.lang.StackWalker$Option; (java.base@23)
 987:             2             64  [Ljava.lang.StringBuilder; (java.base@23)
 988:             2             64  [Ljava.lang.annotation.RetentionPolicy; (java.base@23)
 989:             3             64  [Ljava.lang.constant.ConstantDesc; (java.base@23)
 990:             1             64  [Ljava.lang.invoke.MethodHandleImpl$Intrinsic; (java.base@23)
 991:             2             64  [Ljava.lang.ref.WeakReference; (java.base@23)
 992:             2             64  [Ljava.nio.charset.CoderResult; (java.base@23)
 993:             2             64  [Ljava.time.LocalDateTime; (java.base@23)
 994:             3             64  [Ljava.util.logging.Handler; (java.logging@23)
 995:             2             64  [Ljava.util.stream.Collector$Characteristics; (java.base@23)
 996:             1             64  [Ljdk.internal.classfile.impl.StackMapGenerator$Type; (java.base@23)
 997:             2             64  [Lorg.apache.maven.model.building.ModelProblem$Severity;
 998:             2             64  [Lorg.apache.maven.plugin.internal.DefaultPluginValidationManager$ValidationReportLevel;
 999:             3             64  [Lorg.glassfish.grizzly.http.server.util.Mapper$Context;
1000:             1             64  [Lorg.glassfish.jersey.server.model.Parameter$Source;
1001:             2             64  [Lsun.nio.fs.NativeBuffer; (java.base@23)
1002:             1             64  [Lsun.reflect.annotation.TypeAnnotation$TypeAnnotationTarget; (java.base@23)
1003:             2             64  com.fasterxml.jackson.jaxrs.json.JsonMapperConfigurator
1004:             1             64  com.google.common.cache.CacheStats
1005:             4             64  com.google.inject.internal.FailableCache$1
1006:             2             64  com.google.inject.internal.InjectorJitBindingData
1007:             2             64  java.io.FileInputStream (java.base@23)
1008:             2             64  java.io.FileOutputStream (java.base@23)
1009:             4             64  java.lang.Float (java.base@23)
1010:             2             64  java.lang.StringBuffer (java.base@23)
1011:             2             64  java.lang.System$Out (java.base@23)
1012:             2             64  java.lang.invoke.MethodHandles$Lookup$ClassOption (java.base@23)
1013:             2             64  java.lang.ref.ReferenceQueue$Null (java.base@23)
1014:             2             64  java.net.Inet6Address$Inet6AddressHolder (java.base@23)
1015:             1             64  java.security.SecureRandom (java.base@23)
1016:             2             64  java.text.FieldPosition (java.base@23)
1017:             2             64  java.time.temporal.IsoFields$Unit (java.base@23)
1018:             2             64  java.util.ArrayList$SubList (java.base@23)
1019:             2             64  java.util.HashMap$ValueIterator (java.base@23)
1020:             2             64  java.util.HexFormat (java.base@23)
1021:             2             64  java.util.LinkedList$ListItr (java.base@23)
1022:             2             64  java.util.ServiceLoader$ModuleServicesLookupIterator (java.base@23)
1023:             2             64  java.util.concurrent.atomic.AtomicReferenceFieldUpdater$AtomicReferenceFieldUpdaterImpl (java.base@23)
1024:             2             64  java.util.concurrent.locks.AbstractQueuedSynchronizer$ExclusiveNode (java.base@23)
1025:             1             64  java.util.logging.LogManager$RootLogger (java.logging@23)
1026:             2             64  java.util.stream.FindOps$FindOp (java.base@23)
1027:             2             64  jdk.internal.loader.URLClassPath$FileLoader (java.base@23)
1028:             4             64  jdk.internal.module.ServicesCatalog (java.base@23)
1029:             1             64  jdk.internal.org.objectweb.asm.FieldWriter (java.base@23)
1030:             2             64  jdk.internal.reflect.MethodHandleLongFieldAccessorImpl (java.base@23)
1031:             4             64  jdk.internal.util.Preconditions$4 (java.base@23)
1032:             4             64  jdk.proxy2.$Proxy4 (jdk.proxy2)
1033:             4             64  jdk.proxy3.$Proxy31 (jdk.proxy3)
1034:             4             64  jdk.proxy3.$Proxy38 (jdk.proxy3)
1035:             4             64  jdk.proxy3.$Proxy40 (jdk.proxy3)
1036:             1             64  org.apache.maven.cli.MavenCli
1037:             2             64  org.apache.maven.model.merge.ModelMerger$MergingList
1038:             1             64  org.eclipse.aether.internal.impl.DefaultRepositorySystem
1039:             2             64  org.eclipse.sisu.wire.MergedProperties
1040:             2             64  org.fusesource.jansi.io.FastBufferedOutputStream
1041:             2             64  org.glassfish.grizzly.http.CompressionConfig
1042:             1             64  org.glassfish.grizzly.http.server.ServerFilterConfiguration
1043:             2             64  org.glassfish.hk2.utilities.reflection.internal.ClassReflectionHelperImpl
1044:             4             64  org.glassfish.jersey.internal.inject.Providers$2
1045:             4             64  org.glassfish.jersey.internal.inject.ReferencingFactory$EmptyReferenceFactory
1046:             1             64  org.glassfish.jersey.message.internal.MessageBodyFactory
1047:             2             64  org.glassfish.jersey.model.internal.RankedComparator$Order
1048:             1             64  org.glassfish.jersey.server.ServerRuntime
1049:             2             64  org.glassfish.jersey.uri.PathPattern$RightHandPath
1050:             1             64  sun.nio.ch.FileChannelImpl (java.base@23)
1051:             2             64  sun.nio.fs.NativeBuffer (java.base@23)
1052:             2             64  sun.security.provider.FileInputStreamPool$StreamRef (java.base@23)
1053:             1             56  [Ljava.lang.Runnable; (java.base@23)
1054:             1             56  [Ljava.lang.classfile.TypeKind; (java.base@23)
1055:             1             56  [Ljava.lang.reflect.AccessFlag$Location; (java.base@23)
1056:             1             56  [Ljava.nio.file.StandardOpenOption; (java.base@23)
1057:             1             56  [Ljava.util.logging.Level; (java.logging@23)
1058:             1             56  [Lorg.apache.maven.shared.utils.logging.Style;
1059:             2             56  [Lorg.eclipse.sisu.plexus.PlexusBeanSource;
1060:             1             56  [Lorg.fusesource.jansi.Ansi$Color;
1061:             1             56  [Lorg.glassfish.grizzly.nio.SelectorRunner;
1062:             1             56  [[I (java.base@23)
1063:             1             56  com.google.common.collect.MapMakerInternalMap
1064:             1             56  com.google.inject.internal.asm.$Label
1065:             1             56  java.lang.invoke.BoundMethodHandle$Specializer (java.base@23)
1066:             1             56  java.net.SocketPermission (java.base@23)
1067:             1             56  java.util.logging.ConsoleHandler (java.logging@23)
1068:             1             56  java.util.logging.LogManager (java.logging@23)
1069:             1             56  org.apache.maven.cli.CliRequest
1070:             1             56  org.apache.maven.project.artifact.DefaultProjectArtifactsCache$CacheKey
1071:             1             56  org.codehaus.mojo.exec.ExecJavaMojo$IsolatedThreadGroup
1072:             1             56  org.eclipse.aether.internal.impl.DefaultArtifactResolver
1073:             1             56  org.eclipse.aether.resolution.ArtifactDescriptorResult
1074:             1             48  [Ljava.lang.reflect.ProxyGenerator$PrimitiveTypeInfo; (java.base@23)
1075:             1             48  [Ljava.math.RoundingMode; (java.base@23)
1076:             2             48  [Ljava.util.Map; (java.base@23)
1077:             3             48  [Ljava.util.regex.IntHashSet; (java.base@23)
1078:             2             48  [Ljavax.ws.rs.RuntimeType;
1079:             2             48  [Lorg.glassfish.grizzly.http.server.HttpHandlerRegistration;
1080:             2             48  [Lorg.glassfish.hk2.api.DescriptorVisibility;
1081:             2             48  com.fasterxml.jackson.jaxrs.cfg.Annotations
1082:             1             48  com.google.common.collect.EmptyImmutableListMultimap
1083:             1             48  com.google.common.collect.LinkedHashMultimap
1084:             1             48  com.google.common.collect.LinkedHashMultimap$ValueEntry
1085:             2             48  com.google.inject.internal.Annotations$AnnotationChecker
1086:             2             48  com.google.inject.internal.ConstructorInjectorStore
1087:             2             48  com.google.inject.internal.ConstructorInjectorStore$1
1088:             3             48  com.google.inject.internal.CycleDetectingLock$CycleDetectingLockFactory
1089:             2             48  com.google.inject.internal.InjectorImpl$InjectorOptions
1090:             2             48  com.google.inject.internal.InternalFlags$BytecodeGenOption
1091:             2             48  com.google.inject.internal.InternalFlags$IncludeStackTraceOption
1092:             2             48  com.google.inject.internal.MembersInjectorStore
1093:             2             48  com.google.inject.internal.MembersInjectorStore$1
1094:             2             48  com.google.inject.internal.ProvisionListenerCallbackStore
1095:             2             48  com.google.inject.internal.WeakKeySet
1096:             3             48  com.sun.proxy.jdk.proxy1.$Proxy20 (jdk.proxy1)
1097:             1             48  java.io.BufferedInputStream (java.base@23)
1098:             2             48  java.io.File$PathStatus (java.base@23)
1099:             3             48  java.lang.ClassValue$Identity (java.base@23)
1100:             1             48  java.lang.NullPointerException (java.base@23)
1101:             2             48  java.lang.PublicMethods$MethodList (java.base@23)
1102:             2             48  java.lang.classfile.ClassFile$ConstantPoolSharingOption (java.base@23)
1103:             2             48  java.lang.classfile.ClassFile$DeadCodeOption (java.base@23)
1104:             2             48  java.lang.classfile.ClassFile$DeadLabelsOption (java.base@23)
1105:             2             48  java.lang.classfile.ClassFile$DebugElementsOption (java.base@23)
1106:             2             48  java.lang.classfile.ClassFile$LineNumbersOption (java.base@23)
1107:             2             48  java.lang.classfile.ClassFile$ShortJumpsOption (java.base@23)
1108:             1             48  java.lang.invoke.BoundMethodHandle$Specializer$Factory (java.base@23)
1109:             1             48  java.lang.invoke.BoundMethodHandle$Species_LLJ (java.base@23)
1110:             1             48  java.lang.invoke.VarHandleReferences$Array (java.base@23)
1111:             2             48  java.lang.reflect.ReflectPermission (java.base@23)
1112:             2             48  java.lang.runtime.SwitchBootstraps$ResolvedEnumLabels (java.base@23)
1113:             2             48  java.net.Inet6Address (java.base@23)
1114:             3             48  java.net.InetSocketAddress (java.base@23)
1115:             3             48  java.nio.charset.CodingErrorAction (java.base@23)
1116:             3             48  java.text.AttributedCharacterIterator$Attribute (java.base@23)
1117:             2             48  java.time.ZonedDateTime (java.base@23)
1118:             2             48  java.time.format.DateTimeFormatterBuilder$ZoneIdPrinterParser (java.base@23)
1119:             2             48  java.time.format.DateTimeTextProvider$LocaleStore (java.base@23)
1120:             2             48  java.util.Collections$SingletonList (java.base@23)
1121:             2             48  java.util.Collections$UnmodifiableCollection$1 (java.base@23)
1122:             2             48  java.util.HexFormat$Case (java.base@23)
1123:             2             48  java.util.ImmutableCollections$SetN$SetNIterator (java.base@23)
1124:             3             48  java.util.ResourceBundle$NoFallbackControl (java.base@23)
1125:             2             48  java.util.ServiceLoader$2 (java.base@23)
1126:             2             48  java.util.ServiceLoader$3 (java.base@23)
1127:             1             48  java.util.concurrent.ArrayBlockingQueue (java.base@23)
1128:             1             48  java.util.concurrent.ConcurrentSkipListMap (java.base@23)
1129:             2             48  java.util.concurrent.ConcurrentSkipListMap$Node (java.base@23)
1130:             2             48  java.util.concurrent.Executors$DefaultThreadFactory (java.base@23)
1131:             2             48  java.util.concurrent.LinkedBlockingQueue$Node (java.base@23)
1132:             1             48  java.util.concurrent.ThreadPoolExecutor$Worker (java.base@23)
1133:             2             48  java.util.logging.Logger$LoggerBundle (java.logging@23)
1134:             2             48  java.util.logging.LoggingPermission (java.logging@23)
1135:             2             48  java.util.regex.Pattern$Prolog (java.base@23)
1136:             2             48  java.util.stream.FindOps$FindSink$OfRef (java.base@23)
1137:             2             48  java.util.stream.ReferencePipeline$2$1 (java.base@23)
1138:             2             48  javax.ws.rs.RuntimeType
1139:             2             48  jdk.internal.classfile.impl.ClassHierarchyImpl$ClassHierarchyInfoImpl (java.base@23)
1140:             1             48  jdk.internal.jimage.ImageHeader (java.base@23)
1141:             2             48  jdk.internal.loader.NativeLibraries$CountedLock (java.base@23)
1142:             3             48  jdk.internal.loader.NativeLibraries$NativeLibraryContext$1 (java.base@23)
1143:             2             48  jdk.internal.misc.Signal$NativeHandler (java.base@23)
1144:             3             48  jdk.proxy1.$Proxy14 (jdk.proxy1)
1145:             3             48  jdk.proxy2.$Proxy23 (jdk.proxy2)
1146:             3             48  jdk.proxy3.$Proxy28 (jdk.proxy3)
1147:             3             48  jdk.proxy3.$Proxy46 (jdk.proxy3)
1148:             1             48  org.apache.maven.DefaultMaven
1149:             1             48  org.apache.maven.artifact.resolver.DefaultArtifactResolver
1150:             1             48  org.apache.maven.internal.aether.DefaultRepositorySystemSessionFactory
1151:             1             48  org.apache.maven.lifecycle.internal.DefaultLifecycleExecutionPlanCalculator
1152:             1             48  org.apache.maven.lifecycle.internal.LifecycleStarter
1153:             1             48  org.apache.maven.plugin.DefaultPluginRealmCache$CacheKey
1154:             1             48  org.apache.maven.plugin.MojoExecution
1155:             2             48  org.apache.maven.plugin.MojoExecution$Source
1156:             2             48  org.apache.maven.plugin.PluginValidationManager$IssueLocality
1157:             2             48  org.apache.maven.plugin.internal.DefaultPluginValidationManager$PluginValidationIssues
1158:             1             48  org.apache.maven.project.DefaultProjectBuilder
1159:             2             48  org.apache.maven.project.ProjectBuildingRequest$RepositoryMerging
1160:             1             48  org.apache.maven.project.artifact.DefaultMetadataSource
1161:             1             48  org.apache.maven.repository.internal.DefaultArtifactDescriptorReader
1162:             1             48  org.apache.maven.repository.legacy.LegacyRepositorySystem
1163:             2             48  org.apache.maven.session.scope.internal.SessionScope$CachingProvider
1164:             1             48  org.apache.maven.settings.Mirror
1165:             3             48  org.codehaus.plexus.classworlds.strategy.SelfFirstStrategy
1166:             1             48  org.eclipse.aether.internal.impl.DefaultDeployer
1167:             2             48  org.eclipse.aether.internal.impl.filter.RemoteRepositoryFilterSourceSupport$SimpleResult
1168:             2             48  org.eclipse.aether.named.support.ReadWriteLockNamedLock$Step
1169:             2             48  org.eclipse.aether.util.version.GenericVersion$Item
1170:             2             48  org.eclipse.sisu.bean.BeanLifecycle
1171:             3             48  org.eclipse.sisu.inject.DefaultRankingFunction
1172:             2             48  org.eclipse.sisu.inject.Guice4$2
1173:             2             48  org.eclipse.sisu.inject.InjectorBindings
1174:             2             48  org.eclipse.sisu.plexus.PlexusBeanBinder
1175:             2             48  org.eclipse.sisu.space.IndexedClassFinder
1176:             2             48  org.eclipse.sisu.space.URLClassSpace
1177:             2             48  org.fusesource.jansi.io.ColorsAnsiProcessor
1178:             2             48  org.glassfish.grizzly.http.KeepAlive
1179:             2             48  org.glassfish.grizzly.http.KeepAlive$1
1180:             2             48  org.glassfish.grizzly.http.server.HttpHandlerRegistration$Builder
1181:             1             48  org.glassfish.grizzly.http.server.HttpServer
1182:             1             48  org.glassfish.grizzly.http.server.HttpServerFilter
1183:             1             48  org.glassfish.grizzly.nio.transport.TCPNIOTransport$TransportConnectorHandler
1184:             2             48  org.glassfish.grizzly.threadpool.AbstractThreadPool$3
1185:             2             48  org.glassfish.grizzly.threadpool.GrizzlyExecutorService
1186:             1             48  org.glassfish.grizzly.utils.ConcurrentHashMapV8$KeyIterator
1187:             2             48  org.glassfish.hk2.api.DescriptorType
1188:             2             48  org.glassfish.hk2.api.DescriptorVisibility
1189:             2             48  org.glassfish.hk2.api.ServiceLocatorState
1190:             2             48  org.glassfish.jersey.internal.ExceptionMapperFactory$ExceptionMapperType
1191:             2             48  org.glassfish.jersey.internal.JaxrsProviders
1192:             2             48  org.glassfish.jersey.internal.l10n.Localizer
1193:             2             48  org.glassfish.jersey.internal.util.ExtendedLogger
1194:             1             48  org.glassfish.jersey.message.internal.MediaTypes$3
1195:             2             48  org.glassfish.jersey.server.ContainerFilteringStage
1196:             2             48  org.glassfish.jersey.server.internal.inject.DelegatedInjectionValueFactoryProvider$1
1197:             2             48  org.glassfish.jersey.server.internal.inject.ParamConverters$TypeValueOf$1
1198:             2             48  org.glassfish.jersey.server.internal.scanning.ResourceFinderStack
1199:             1             48  org.glassfish.jersey.uri.UriTemplate
1200:             3             48  org.jvnet.hk2.internal.DescriptorComparator
1201:             2             48  org.jvnet.hk2.internal.DynamicConfigurationServiceImpl
1202:             2             48  org.jvnet.hk2.internal.PerLocatorUtilities
1203:             2             48  org.jvnet.hk2.internal.PerLocatorUtilities$1
1204:             2             48  org.jvnet.hk2.internal.PerLocatorUtilities$2
1205:             2             48  org.jvnet.hk2.internal.PopulatorImpl
1206:             2             48  org.jvnet.hk2.internal.SingletonContext
1207:             1             48  org.slf4j.impl.SimpleLoggerConfiguration
1208:             1             48  sun.nio.ch.SelectionKeyImpl (java.base@23)
1209:             2             48  sun.nio.fs.NativeBuffer$Deallocator (java.base@23)
1210:             2             48  sun.security.jca.ProviderList (java.base@23)
1211:             2             48  sun.security.jca.ProviderList$3 (java.base@23)
1212:             2             48  sun.security.util.LazyCodeSourcePermissionCollection (java.base@23)
1213:             1             40  [Ljava.lang.Thread$State; (java.base@23)
1214:             1             40  [Ljava.lang.classfile.AttributeMapper$AttributeStability; (java.base@23)
1215:             1             40  [Ljava.lang.invoke.VarHandle$AccessType; (java.base@23)
1216:             1             40  [Ljava.time.format.SignStyle; (java.base@23)
1217:             1             40  [Ljava.time.format.TextStyle; (java.base@23)
1218:             1             40  [Ljava.util.stream.StreamOpFlag; (java.base@23)
1219:             1             40  [Ljavax.ws.rs.ext.ParamConverterProvider;
1220:             1             40  [Lorg.eclipse.sisu.inject.QualifyingStrategy;
1221:             1             40  [Lorg.eclipse.sisu.space.BeanScanning;
1222:             1             40  [Lorg.eclipse.sisu.space.GlobberStrategy;
1223:             1             40  [Lorg.fusesource.jansi.AnsiType;
1224:             1             40  [Lorg.glassfish.grizzly.Transport$State;
1225:             2             40  [Lorg.glassfish.grizzly.http.server.util.Mapper$Host;
1226:             1             40  [Lorg.glassfish.jersey.message.internal.HttpHeaderReader$Event;
1227:             1             40  [Lorg.slf4j.impl.OutputChoice$OutputChoiceType;
1228:             1             40  [Lsun.util.locale.provider.LocaleProviderAdapter$Type; (java.base@23)
1229:             1             40  [[Ljava.lang.invoke.LambdaForm$Name; (java.base@23)
1230:             1             40  com.google.common.collect.AbstractMapBasedMultimap$AsMap
1231:             1             40  com.google.common.collect.MapMakerInternalMap$WeakKeyStrongValueEntry
1232:             1             40  com.google.inject.internal.BindingProcessor$1
1233:             1             40  java.lang.ArithmeticException (java.base@23)
1234:             1             40  java.lang.ArrayStoreException (java.base@23)
1235:             1             40  java.lang.ExceptionInInitializerError (java.base@23)
1236:             1             40  java.lang.InternalError (java.base@23)
1237:             1             40  java.lang.StackOverflowError (java.base@23)
1238:             1             40  java.lang.invoke.VarHandleLongs$FieldInstanceReadWrite (java.base@23)
1239:             1             40  java.net.InetAddress$CachedLookup (java.base@23)
1240:             1             40  java.time.zone.ZoneRules (java.base@23)
1241:             1             40  java.util.ResourceBundle$2 (java.base@23)
1242:             1             40  jdk.internal.event.SecurityProviderServiceEvent (java.base@23)
1243:             1             40  jdk.internal.ref.Cleaner (java.base@23)
1244:             1             40  jdk.internal.ref.CleanerImpl$CleanerCleanable (java.base@23)
1245:             1             40  org.apache.maven.ReactorReader
1246:             1             40  org.apache.maven.artifact.handler.DefaultArtifactHandler$__sisu13
1247:             1             40  org.apache.maven.artifact.handler.DefaultArtifactHandler$__sisu9
1248:             1             40  org.apache.maven.classrealm.DefaultClassRealmManager
1249:             1             40  org.apache.maven.lifecycle.internal.DependencyContext
1250:             1             40  org.apache.maven.lifecycle.internal.MojoExecutor
1251:             1             40  org.apache.maven.project.DefaultProjectBuildingHelper
1252:             1             40  org.codehaus.plexus.util.xml.pull.EntityReplacementMap
1253:             1             40  org.eclipse.aether.internal.impl.DefaultLocalPathPrefixComposerFactory$DefaultLocalPathPrefixComposer
1254:             1             40  org.eclipse.aether.internal.impl.DefaultMetadataResolver
1255:             1             40  org.eclipse.aether.internal.impl.synccontext.named.GAVNameMapper
1256:             1             40  org.eclipse.aether.util.graph.manager.ClassicDependencyManager
1257:             1             40  org.eclipse.aether.util.repository.DefaultMirrorSelector$MirrorDef
1258:             1             40  org.eclipse.sisu.inject.DefaultBeanLocator
1259:             1             40  org.eclipse.sisu.plexus.PlexusLifecycleManager
1260:             1             40  org.glassfish.grizzly.http.server.HttpServerMonitoringConfig
1261:             1             40  org.glassfish.grizzly.impl.SafeFutureImpl$Sync
1262:             1             40  org.glassfish.grizzly.nio.tmpselectors.TemporarySelectorPool
1263:             1             40  org.glassfish.grizzly.utils.DelayedExecutor
1264:             1             40  org.glassfish.jersey.grizzly2.httpserver.GrizzlyHttpContainer
1265:             1             40  org.glassfish.jersey.server.ApplicationHandler
1266:             1             40  org.glassfish.jersey.server.ResourceConfig$RuntimeConfig
1267:             1             40  org.glassfish.jersey.server.model.internal.JavaResourceMethodDispatcherProvider$TypeOutInvoker
1268:             1             40  org.glassfish.jersey.server.model.internal.ModelProcessorUtil$Method
1269:             1             40  sun.nio.ch.ServerSocketAdaptor (java.base@23)
1270:             1             40  sun.nio.cs.StandardCharsets$Aliases (java.base@23)
1271:             1             40  sun.nio.cs.StandardCharsets$Cache (java.base@23)
1272:             1             40  sun.nio.cs.US_ASCII$Decoder (java.base@23)
1273:             1             40  sun.security.util.KnownOIDs$1 (java.base@23)
1274:             1             40  sun.security.util.KnownOIDs$10 (java.base@23)
1275:             1             40  sun.security.util.KnownOIDs$2 (java.base@23)
1276:             1             40  sun.security.util.KnownOIDs$3 (java.base@23)
1277:             1             40  sun.security.util.KnownOIDs$4 (java.base@23)
1278:             1             40  sun.security.util.KnownOIDs$5 (java.base@23)
1279:             1             40  sun.security.util.KnownOIDs$6 (java.base@23)
1280:             1             40  sun.security.util.KnownOIDs$7 (java.base@23)
1281:             1             40  sun.security.util.KnownOIDs$8 (java.base@23)
1282:             1             40  sun.security.util.KnownOIDs$9 (java.base@23)
1283:             1             40  sun.text.resources.cldr.FormatData (java.base@23)
1284:             1             40  sun.text.resources.cldr.FormatData_en (java.base@23)
1285:             1             40  sun.text.resources.cldr.ext.FormatData_es (jdk.localedata@23)
1286:             1             40  sun.util.locale.InternalLocaleBuilder (java.base@23)
1287:             1             40  sun.util.logging.resources.logging (java.logging@23)
1288:             1             40  sun.util.resources.Bundles$1 (java.base@23)
1289:             1             40  sun.util.resources.cldr.CalendarData (java.base@23)
1290:             1             32  [Lcom.google.common.cache.LocalCache$Strength;
1291:             1             32  [Lcom.google.common.collect.MapMakerInternalMap$Segment;
1292:             1             32  [Lcom.google.inject.Stage;
1293:             1             32  [Lcom.google.inject.internal.Initializer$InjectableReferenceState;
1294:             1             32  [Lcom.google.inject.internal.InjectorImpl$JitLimitation;
1295:             1             32  [Lcom.google.inject.internal.InternalFlags$ColorizeOption;
1296:             1             32  [Lcom.google.inject.internal.InternalFlags$CustomClassLoadingOption;
1297:             1             32  [Lcom.google.inject.internal.InternalFlags$NullableProvidesOption;
1298:             1             32  [Lcom.google.inject.spi.InjectionPoint$Position;
1299:             2             32  [Ljava.lang.Enum$EnumDesc; (java.base@23)
1300:             1             32  [Ljava.lang.ProcessImpl$LaunchMechanism; (java.base@23)
1301:             1             32  [Ljava.lang.StackStreamFactory$WalkerState; (java.base@23)
1302:             1             32  [Ljava.lang.ThreadGroup; (java.base@23)
1303:             1             32  [Ljava.lang.classfile.ClassFile$AttributesProcessingOption; (java.base@23)
1304:             1             32  [Ljava.lang.classfile.ClassFile$StackMapsOption; (java.base@23)
1305:             1             32  [Ljava.lang.module.ModuleDescriptor$Modifier; (java.base@23)
1306:             1             32  [Ljava.lang.module.ModuleDescriptor$Requires$Modifier; (java.base@23)
1307:             1             32  [Ljava.net.StandardProtocolFamily; (java.base@23)
1308:             1             32  [Ljava.nio.file.StandardCopyOption; (java.base@23)
1309:             1             32  [Ljava.text.DateFormat; (java.base@23)
1310:             1             32  [Ljava.time.format.DateTimeFormatterBuilder$SettingsParser; (java.base@23)
1311:             1             32  [Ljava.time.format.ResolverStyle; (java.base@23)
1312:             1             32  [Ljava.time.temporal.IsoFields$Field; (java.base@23)
1313:             1             32  [Ljava.time.temporal.JulianFields$Field; (java.base@23)
1314:             1             32  [Ljava.util.regex.Pattern$Qtype; (java.base@23)
1315:             1             32  [Ljava.util.stream.MatchOps$MatchKind; (java.base@23)
1316:             1             32  [Ljava.util.stream.StreamShape; (java.base@23)
1317:             1             32  [Ljava.util.zip.ZipCoder$Comparison; (java.base@23)
1318:             1             32  [Ljdk.internal.classfile.impl.AbstractPoolEntry$Utf8EntryImpl$State; (java.base@23)
1319:             1             32  [Ljdk.internal.logger.BootstrapLogger$LoggingBackend; (java.base@23)
1320:             1             32  [Ljdk.internal.module.ServicesCatalog; (java.base@23)
1321:             1             32  [Ljdk.internal.vm.Continuation$Pinned; (java.base@23)
1322:             1             32  [Ljersey.repackaged.com.google.common.base.Predicates$ObjectPredicate;
1323:             1             32  [Ljersey.repackaged.com.google.common.collect.AbstractIterator$State;
1324:             1             32  [Lorg.apache.maven.classrealm.ClassRealmRequest$RealmType;
1325:             1             32  [Lorg.apache.maven.model.building.ModelProblem$Version;
1326:             1             32  [Lorg.apache.maven.settings.building.SettingsProblem$Severity;
1327:             1             32  [Lorg.eclipse.aether.util.graph.transformer.ConflictResolver$Verbosity;
1328:             1             32  [Lorg.eclipse.sisu.bean.DeclaredMembers$View;
1329:             1             32  [Lorg.fusesource.jansi.AnsiColors;
1330:             1             32  [Lorg.fusesource.jansi.AnsiMode;
1331:             1             32  [Lorg.glassfish.grizzly.http.CompressionConfig$CompressionMode;
1332:             1             32  [Lorg.glassfish.grizzly.http.server.State;
1333:             1             32  [Lorg.glassfish.hk2.api.ErrorType;
1334:             1             32  [Lorg.glassfish.hk2.api.InstanceLifecycleEventType;
1335:             1             32  [Lorg.glassfish.hk2.api.ServiceLocatorFactory$CreatePolicy;
1336:             1             32  [Lorg.glassfish.jersey.Severity;
1337:             1             32  [Lorg.glassfish.jersey.internal.inject.Providers$ProviderRuntime;
1338:             1             32  [Lorg.glassfish.jersey.message.internal.TracingLogger$Level;
1339:             1             32  [Lorg.glassfish.jersey.server.TracingConfig;
1340:             1             32  [Lorg.glassfish.jersey.server.model.ResourceMethod$JaxrsType;
1341:             1             32  [Lorg.glassfish.jersey.server.spi.internal.ValueFactoryProvider$Priority;
1342:             1             32  [Lsun.misc.Unsafe$MemoryAccessOption; (jdk.unsupported@23)
1343:             2             32  [Lsun.reflect.annotation.TypeAnnotation; (java.base@23)
1344:             1             32  [Lsun.security.provider.NativePRNG$Variant; (java.base@23)
1345:             2             32  com.google.common.cache.LocalCache$LocalManualCache
1346:             2             32  com.google.inject.internal.Annotations$AnnotationChecker$1
1347:             1             32  com.google.inject.internal.BindingProcessor
1348:             1             32  com.google.inject.internal.Errors
1349:             2             32  com.google.inject.internal.Initializables$1
1350:             1             32  com.google.inject.internal.Initializer
1351:             2             32  com.google.inject.internal.InjectorImpl$SyntheticProviderBindingImpl$1
1352:             2             32  com.google.inject.internal.InjectorShell$InjectorFactory
1353:             2             32  com.google.inject.internal.InjectorShell$LoggerFactory
1354:             2             32  com.google.inject.internal.ProvisionListenerCallbackStore$1
1355:             2             32  com.google.inject.internal.TypeConverterBindingProcessor$1
1356:             2             32  com.google.inject.internal.TypeConverterBindingProcessor$2
1357:             2             32  com.google.inject.internal.TypeConverterBindingProcessor$3
1358:             2             32  com.google.inject.internal.TypeConverterBindingProcessor$4
1359:             2             32  com.google.inject.internal.WeakKeySet$$Lambda/0x000078cd0f084a78
1360:             2             32  com.google.inject.matcher.Matchers$SubclassesOf
1361:             2             32  java.lang.Boolean (java.base@23)
1362:             2             32  java.lang.Class$3 (java.base@23)
1363:             1             32  java.lang.Module$ArchivedData (java.base@23)
1364:             2             32  java.lang.Shutdown$Lock (java.base@23)
1365:             1             32  java.lang.System$In (java.base@23)
1366:             1             32  java.lang.invoke.VarHandleByteArrayAsChars$ArrayHandle (java.base@23)
1367:             1             32  java.lang.invoke.VarHandleByteArrayAsDoubles$ArrayHandle (java.base@23)
1368:             1             32  java.lang.invoke.VarHandleByteArrayAsFloats$ArrayHandle (java.base@23)
1369:             1             32  java.lang.invoke.VarHandleByteArrayAsInts$ArrayHandle (java.base@23)
1370:             1             32  java.lang.invoke.VarHandleByteArrayAsLongs$ArrayHandle (java.base@23)
1371:             1             32  java.lang.invoke.VarHandleByteArrayAsShorts$ArrayHandle (java.base@23)
1372:             1             32  java.lang.module.ModuleDescriptor$Version (java.base@23)
1373:             2             32  java.lang.ref.NativeReferenceQueue$Lock (java.base@23)
1374:             2             32  java.nio.ByteOrder (java.base@23)
1375:             1             32  java.nio.DirectByteBuffer$Deallocator (java.base@23)
1376:             2             32  java.nio.channels.spi.AbstractInterruptibleChannel$1 (java.base@23)
1377:             1             32  java.text.DontCareFieldPosition (java.base@23)
1378:             2             32  java.time.format.DateTimeFormatterBuilder$1 (java.base@23)
1379:             2             32  java.time.format.DateTimeFormatterBuilder$StringLiteralPrinterParser (java.base@23)
1380:             2             32  java.util.AbstractMap$1 (java.base@23)
1381:             1             32  java.util.ArrayDeque$DeqIterator (java.base@23)
1382:             2             32  java.util.Collections$SingletonSet (java.base@23)
1383:             1             32  java.util.LinkedHashMap$LinkedKeyIterator (java.base@23)
1384:             1             32  java.util.Random (java.base@23)
1385:             2             32  java.util.ResourceBundle$SingleFormatControl (java.base@23)
1386:             1             32  java.util.concurrent.ConcurrentSkipListMap$KeyIterator (java.base@23)
1387:             1             32  java.util.concurrent.ScheduledThreadPoolExecutor$DelayedWorkQueue (java.base@23)
1388:             1             32  java.util.concurrent.SynchronousQueue (java.base@23)
1389:             1             32  java.util.concurrent.ThreadLocalRandom (java.base@23)
1390:             1             32  java.util.concurrent.atomic.LongAdder (java.base@23)
1391:             1             32  java.util.concurrent.locks.AbstractQueuedSynchronizer$SharedNode (java.base@23)
1392:             2             32  java.util.logging.LogRecord$$Lambda/0x000078cd0f0f0068 (java.logging@23)
1393:             2             32  java.util.logging.LogRecord$CallerFinder (java.logging@23)
1394:             2             32  java.util.logging.LogRecord$CallerFinder$$Lambda/0x000078cd0f0ee648 (java.logging@23)
1395:             2             32  java.util.regex.Pattern$Begin (java.base@23)
1396:             1             32  java.util.zip.ZipCoder$UTF8ZipCoder (java.base@23)
1397:             1             32  jdk.internal.loader.ArchivedClassLoaders (java.base@23)
1398:             2             32  jdk.internal.loader.NativeLibraries$1 (java.base@23)
1399:             2             32  jdk.internal.loader.NativeLibraries$2 (java.base@23)
1400:             2             32  jdk.internal.loader.NativeLibraries$3 (java.base@23)
1401:             1             32  jdk.internal.loader.NativeLibraries$Unloader (java.base@23)
1402:             1             32  jdk.internal.module.ArchivedModuleGraph (java.base@23)
1403:             1             32  jdk.internal.org.objectweb.asm.ConstantDynamic (java.base@23)
1404:             1             32  jdk.internal.org.objectweb.asm.Handle (java.base@23)
1405:             2             32  jdk.internal.reflect.ReflectionFactory$Config (java.base@23)
1406:             2             32  jdk.internal.util.ReferencedKeySet (java.base@23)
1407:             1             32  jdk.net.ExtendedSocketOptions$1 (jdk.net@23)
1408:             2             32  jdk.proxy2.$Proxy16 (jdk.proxy2)
1409:             2             32  jdk.proxy2.$Proxy17 (jdk.proxy2)
1410:             2             32  jdk.proxy2.$Proxy21 (jdk.proxy2)
1411:             2             32  jdk.proxy2.$Proxy9 (jdk.proxy2)
1412:             2             32  jdk.proxy3.$Proxy29 (jdk.proxy3)
1413:             2             32  jdk.proxy3.$Proxy32 (jdk.proxy3)
1414:             2             32  jdk.proxy3.$Proxy45 (jdk.proxy3)
1415:             2             32  jdk.proxy3.$Proxy50 (jdk.proxy3)
1416:             2             32  jersey.repackaged.com.google.common.base.Joiner
1417:             1             32  jersey.repackaged.com.google.common.util.concurrent.ThreadFactoryBuilder
1418:             1             32  org.apache.commons.cli.Options
1419:             1             32  org.apache.maven.cli.transfer.ConsoleMavenTransferListener
1420:             1             32  org.apache.maven.cli.transfer.SimplexTransferListener
1421:             1             32  org.apache.maven.execution.DefaultMavenExecutionResult
1422:             1             32  org.apache.maven.execution.MojoExecutionEvent
1423:             1             32  org.apache.maven.graph.DefaultProjectDependencyGraph
1424:             1             32  org.apache.maven.lifecycle.internal.LifecycleDependencyResolver
1425:             1             32  org.apache.maven.lifecycle.internal.LifecycleModuleBuilder
1426:             1             32  org.apache.maven.lifecycle.internal.MojoDescriptorCreator
1427:             1             32  org.apache.maven.lifecycle.internal.MojoExecutor$1
1428:             1             32  org.apache.maven.lifecycle.internal.ProjectSegment
1429:             1             32  org.apache.maven.lifecycle.internal.ReactorContext
1430:             1             32  org.apache.maven.lifecycle.internal.builder.BuilderCommon
1431:             1             32  org.apache.maven.model.Prerequisites
1432:             2             32  org.apache.maven.model.merge.ModelMerger$ResourceKeyComputer
1433:             1             32  org.apache.maven.plugin.DefaultBuildPluginManager
1434:             1             32  org.apache.maven.plugin.prefix.internal.DefaultPluginPrefixResolver
1435:             1             32  org.apache.maven.plugin.version.internal.DefaultPluginVersionResolver
1436:             1             32  org.apache.maven.project.DefaultProjectBuilder$1
1437:             2             32  org.apache.maven.project.ExtensionDescriptorBuilder
1438:             1             32  org.apache.maven.project.ProjectSorter
1439:             1             32  org.apache.maven.repository.legacy.DefaultWagonManager
1440:             1             32  org.apache.maven.settings.building.DefaultSettingsBuilder
1441:             1             32  org.codehaus.plexus.classworlds.launcher.Launcher
1442:             1             32  org.eclipse.aether.internal.impl.DefaultInstaller
1443:             1             32  org.eclipse.aether.internal.impl.EnhancedLocalRepositoryManager
1444:             1             32  org.eclipse.aether.internal.impl.EnhancedLocalRepositoryManagerFactory
1445:             2             32  org.eclipse.aether.internal.impl.collect.DataPool$HardInternPool
1446:             2             32  org.eclipse.aether.internal.impl.collect.DataPool$WeakInternPool
1447:             1             32  org.eclipse.aether.internal.impl.collect.df.DfDependencyCollector
1448:             1             32  org.eclipse.aether.internal.impl.filter.GroupIdRemoteRepositoryFilterSource
1449:             1             32  org.eclipse.aether.internal.impl.filter.PrefixesRemoteRepositoryFilterSource
1450:             1             32  org.eclipse.aether.internal.impl.synccontext.named.NamedLockFactoryAdapterFactoryImpl
1451:             1             32  org.eclipse.aether.resolution.ArtifactDescriptorRequest
1452:             1             32  org.eclipse.aether.util.graph.transformer.ConflictResolver
1453:             2             32  org.eclipse.sisu.bean.BeanListener
1454:             2             32  org.eclipse.sisu.inject.DefaultBeanLocator$$FastClassByGuice$$150554432
1455:             1             32  org.eclipse.sisu.inject.MildConcurrentValues
1456:             1             32  org.eclipse.sisu.plexus.ComponentImpl
1457:             2             32  org.eclipse.sisu.plexus.PlexusAnnotatedBeanModule$PlexusAnnotatedBeanSource
1458:             2             32  org.eclipse.sisu.plexus.PlexusAnnotatedMetadata
1459:             2             32  org.eclipse.sisu.plexus.PlexusDateTypeConverter
1460:             2             32  org.eclipse.sisu.plexus.PlexusXmlBeanConverter$$FastClassByGuice$$149652606
1461:             1             32  org.eclipse.sisu.plexus.PlexusXmlBeanModule
1462:             2             32  org.eclipse.sisu.plexus.PlexusXmlBeanModule$PlexusXmlBeanSource
1463:             1             32  org.eclipse.sisu.space.CloningClassSpace
1464:             1             32  org.eclipse.sisu.space.SpaceModule
1465:             2             32  org.fusesource.jansi.AnsiConsole$2
1466:             1             32  org.glassfish.grizzly.attributes.IndexedAttributeHolder
1467:             2             32  org.glassfish.grizzly.filterchain.TransportFilter$FlushEvent
1468:             1             32  org.glassfish.grizzly.http.server.util.Mapper
1469:             1             32  org.glassfish.grizzly.http.server.util.Mapper$Host
1470:             1             32  org.glassfish.grizzly.http.server.util.Mapper$Wrapper
1471:             1             32  org.glassfish.grizzly.nio.DefaultSelectorHandler$RegisterChannelOperation
1472:             1             32  org.glassfish.grizzly.nio.transport.TCPNIOAsyncQueueWriter
1473:             1             32  org.glassfish.grizzly.nio.transport.TCPNIOBindingHandler
1474:             1             32  org.glassfish.grizzly.utils.IdleTimeoutFilter
1475:             2             32  org.glassfish.grizzly.utils.LinkedTransferQueue$1
1476:             1             32  org.glassfish.hk2.internal.ServiceLocatorFactoryImpl
1477:             2             32  org.glassfish.hk2.utilities.ServiceLocatorUtilities$2
1478:             2             32  org.glassfish.hk2.utilities.reflection.internal.ClassReflectionHelperImpl$1
1479:             2             32  org.glassfish.hk2.utilities.reflection.internal.ClassReflectionHelperImpl$2
1480:             2             32  org.glassfish.hk2.utilities.reflection.internal.ClassReflectionHelperImpl$3
1481:             2             32  org.glassfish.hk2.utilities.reflection.internal.ClassReflectionHelperImpl$4
1482:             2             32  org.glassfish.jersey.internal.l10n.LocalizableMessageFactory
1483:             1             32  org.glassfish.jersey.internal.util.JdkVersion
1484:             1             32  org.glassfish.jersey.message.internal.AcceptableMediaType
1485:             1             32  org.glassfish.jersey.message.internal.MessagingBinders$MessageBodyProviders
1486:             1             32  org.glassfish.jersey.message.internal.QualitySourceMediaType
1487:             2             32  org.glassfish.jersey.process.JerseyProcessingUncaughtExceptionHandler
1488:             1             32  org.glassfish.jersey.server.ApplicationHandler$ApplicationBinder
1489:             1             32  org.glassfish.jersey.server.ResourceConfig
1490:             1             32  org.glassfish.jersey.server.ServerBinder
1491:             1             32  org.glassfish.jersey.server.internal.ConfigHelper$1
1492:             1             32  org.glassfish.jersey.server.internal.JerseyResourceContext
1493:             1             32  org.glassfish.jersey.server.internal.inject.BeanParamValueFactoryProvider
1494:             1             32  org.glassfish.jersey.server.internal.inject.WebTargetValueFactoryProvider
1495:             1             32  org.glassfish.jersey.server.internal.inject.WebTargetValueFactoryProvider$BindingModel
1496:             1             32  org.glassfish.jersey.server.internal.scanning.FileSchemeResourceFinderFactory$FileSchemeScanner$1
1497:             1             32  org.glassfish.jersey.server.internal.scanning.FileSchemeResourceFinderFactory$FileSchemeScanner$1$1
1498:             1             32  org.glassfish.jersey.server.internal.scanning.PackageNamesScanner
1499:             1             32  org.glassfish.jersey.server.wadl.WadlFeature$1
1500:             2             32  org.jvnet.hk2.internal.DefaultClassAnalyzer
1501:             2             32  org.jvnet.hk2.internal.PerLookupContext
1502:             2             32  org.jvnet.hk2.internal.ServiceLocatorImpl$2
1503:             2             32  org.jvnet.hk2.internal.ServiceLocatorImpl$3
1504:             2             32  org.jvnet.hk2.internal.ServiceLocatorImpl$7
1505:             2             32  org.jvnet.hk2.internal.ServiceLocatorImpl$9
1506:             2             32  org.jvnet.hk2.internal.SingletonContext$1
1507:             2             32  org.jvnet.hk2.internal.SingletonContext$2
1508:             2             32  org.jvnet.hk2.internal.ThreeThirtyResolver
1509:             1             32  sun.net.www.protocol.https.Handler (java.base@23)
1510:             2             32  sun.net.www.protocol.jar.Handler (java.base@23)
1511:             1             32  sun.nio.ch.ChannelInputStream (java.base@23)
1512:             1             32  sun.nio.ch.DummySocketImpl (java.base@23)
1513:             1             32  sun.nio.ch.NativeThreadSet (java.base@23)
1514:             1             32  sun.nio.fs.LinuxFileSystem (java.base@23)
1515:             1             32  sun.reflect.annotation.AnnotatedTypeFactory$AnnotatedTypeBaseImpl (java.base@23)
1516:             2             32  sun.security.provider.FileInputStreamPool$UnclosableInputStream (java.base@23)
1517:             1             24  [Lcom.google.common.cache.CacheBuilder$NullListener;
1518:             1             24  [Lcom.google.common.cache.CacheBuilder$OneWeigher;
1519:             1             24  [Lcom.google.common.collect.MapMakerInternalMap$Strength;
1520:             1             24  [Lcom.google.inject.Key$NullAnnotationStrategy;
1521:             1             24  [Lcom.google.inject.internal.InternalFlags$BytecodeGenOption;
1522:             1             24  [Lcom.google.inject.internal.InternalFlags$IncludeStackTraceOption;
1523:             1             24  [Ljava.io.File$PathStatus; (java.base@23)
1524:             1             24  [Ljava.lang.Iterable; (java.base@23)
1525:             1             24  [Ljava.lang.StackWalker$ExtendedOption; (java.base@23)
1526:             1             24  [Ljava.lang.classfile.ClassFile$ConstantPoolSharingOption; (java.base@23)
1527:             1             24  [Ljava.lang.classfile.ClassFile$DeadCodeOption; (java.base@23)
1528:             1             24  [Ljava.lang.classfile.ClassFile$DeadLabelsOption; (java.base@23)
1529:             1             24  [Ljava.lang.classfile.ClassFile$DebugElementsOption; (java.base@23)
1530:             1             24  [Ljava.lang.classfile.ClassFile$LineNumbersOption; (java.base@23)
1531:             1             24  [Ljava.lang.classfile.ClassFile$ShortJumpsOption; (java.base@23)
1532:             1             24  [Ljava.nio.channels.SelectionKey; (java.base@23)
1533:             1             24  [Ljava.time.temporal.IsoFields$Unit; (java.base@23)
1534:             1             24  [Ljava.util.HexFormat$Case; (java.base@23)
1535:             1             24  [Ljava.util.Locale$Category; (java.base@23)
1536:             1             24  [Ljava.util.jar.Manifest; (java.base@23)
1537:             1             24  [Lorg.apache.maven.plugin.MojoExecution$Source;
1538:             1             24  [Lorg.apache.maven.plugin.PluginValidationManager$IssueLocality;
1539:             1             24  [Lorg.apache.maven.project.ProjectBuildingRequest$RepositoryMerging;
1540:             1             24  [Lorg.eclipse.aether.collection.DependencyGraphTransformer;
1541:             1             24  [Lorg.eclipse.aether.named.support.ReadWriteLockNamedLock$Step;
1542:             1             24  [Lorg.eclipse.sisu.plexus.PlexusBeanModule;
1543:             1             24  [Lorg.glassfish.hk2.api.DescriptorType;
1544:             1             24  [Lorg.glassfish.hk2.api.ServiceLocatorState;
1545:             1             24  [Lorg.glassfish.jersey.model.internal.RankedComparator$Order;
1546:             1             24  [Lorg.glassfish.jersey.uri.PathPattern$RightHandPath;
1547:             1             24  com.google.common.base.Joiner$MapJoiner
1548:             1             24  com.google.common.cache.CacheBuilder$NullListener
1549:             1             24  com.google.common.cache.CacheBuilder$OneWeigher
1550:             1             24  com.google.common.cache.LocalCache$EntryFactory$1
1551:             1             24  com.google.common.cache.LocalCache$EntryFactory$2
1552:             1             24  com.google.common.cache.LocalCache$EntryFactory$3
1553:             1             24  com.google.common.cache.LocalCache$EntryFactory$4
1554:             1             24  com.google.common.cache.LocalCache$EntryFactory$5
1555:             1             24  com.google.common.cache.LocalCache$EntryFactory$6
1556:             1             24  com.google.common.cache.LocalCache$EntryFactory$7
1557:             1             24  com.google.common.cache.LocalCache$EntryFactory$8
1558:             1             24  com.google.common.cache.LocalCache$Strength$1
1559:             1             24  com.google.common.cache.LocalCache$Strength$2
1560:             1             24  com.google.common.cache.LocalCache$Strength$3
1561:             1             24  com.google.common.collect.ImmutableSet$EmptySetBuilderImpl
1562:             1             24  com.google.common.collect.Iterators$ArrayItr
1563:             1             24  com.google.common.collect.MapMakerInternalMap$Strength$1
1564:             1             24  com.google.common.collect.MapMakerInternalMap$Strength$2
1565:             1             24  com.google.common.util.concurrent.AbstractFuture$Listener
1566:             1             24  com.google.common.util.concurrent.AbstractFuture$Waiter
1567:             1             24  com.google.common.util.concurrent.LazyLogger
1568:             1             24  com.google.inject.Key$NullAnnotationStrategy
1569:             1             24  com.google.inject.internal.BytecodeGen$1
1570:             1             24  com.google.inject.internal.DelegatingInvocationHandler
1571:             1             24  com.google.inject.internal.InternalFlags$ColorizeOption$1
1572:             1             24  com.google.inject.internal.InternalFlags$ColorizeOption$2
1573:             1             24  com.google.inject.internal.InternalFlags$ColorizeOption$3
1574:             1             24  com.google.inject.internal.ProcessedBindingData
1575:             1             24  com.google.inject.internal.UntargettedBindingProcessor
1576:             1             24  com.google.inject.internal.util.SourceProvider
1577:             1             24  java.io.UnixFileSystem (java.base@23)
1578:             1             24  java.lang.ProcessEnvironment$StringEnvironment (java.base@23)
1579:             1             24  java.lang.StackWalker$ExtendedOption (java.base@23)
1580:             1             24  java.lang.ThreadLocal$SuppliedThreadLocal (java.base@23)
1581:             1             24  java.lang.WeakPairMap$Pair$Lookup (java.base@23)
1582:             1             24  java.lang.invoke.VarHandles$1 (java.base@23)
1583:             1             24  java.lang.reflect.Proxy$1 (java.base@23)
1584:             1             24  java.net.Inet6AddressImpl (java.base@23)
1585:             1             24  java.net.InetAddress$NameServiceAddresses (java.base@23)
1586:             1             24  java.net.URLClassLoader$3 (java.base@23)
1587:             1             24  java.security.BasicPermissionCollection (java.base@23)
1588:             1             24  java.time.ZoneRegion (java.base@23)
1589:             1             24  java.time.format.DecimalStyle (java.base@23)
1590:             1             24  java.time.temporal.IsoFields$Field$1 (java.base@23)
1591:             1             24  java.time.temporal.IsoFields$Field$2 (java.base@23)
1592:             1             24  java.time.temporal.IsoFields$Field$3 (java.base@23)
1593:             1             24  java.time.temporal.IsoFields$Field$4 (java.base@23)
1594:             1             24  java.time.zone.TzdbZoneRulesProvider (java.base@23)
1595:             1             24  java.util.Arrays$ArrayItr (java.base@23)
1596:             1             24  java.util.Collections$3 (java.base@23)
1597:             1             24  java.util.Collections$EmptyMap (java.base@23)
1598:             1             24  java.util.Collections$SynchronizedCollection (java.base@23)
1599:             1             24  java.util.concurrent.ConcurrentSkipListMap$Index (java.base@23)
1600:             1             24  java.util.concurrent.SynchronousQueue$Transferer (java.base@23)
1601:             1             24  java.util.logging.LogManager$LoggerContext (java.logging@23)
1602:             1             24  java.util.logging.LogManager$SystemLoggerContext (java.logging@23)
1603:             1             24  java.util.regex.Pattern$$Lambda/0x000078cd0f059ef8 (java.base@23)
1604:             1             24  java.util.regex.Pattern$Pos (java.base@23)
1605:             1             24  java.util.stream.Nodes$FixedNodeBuilder (java.base@23)
1606:             1             24  jdk.internal.classfile.impl.AbstractAttributeMapper$CodeMapper (java.base@23)
1607:             1             24  jdk.internal.classfile.impl.AbstractAttributeMapper$ExceptionsMapper (java.base@23)
1608:             1             24  jdk.internal.classfile.impl.AbstractAttributeMapper$StackMapTableMapper (java.base@23)
1609:             1             24  jdk.internal.jimage.ImageReader (java.base@23)
1610:             1             24  jdk.internal.logger.BootstrapLogger$RedirectedLoggers (java.base@23)
1611:             1             24  jdk.internal.module.ModuleHashes (java.base@23)
1612:             1             24  jdk.internal.module.SystemModuleFinders$SystemModuleFinder (java.base@23)
1613:             1             24  jdk.internal.ref.CleanerImpl (java.base@23)
1614:             1             24  jdk.internal.vm.ThreadContainers$RootContainer$TrackingRootContainer (java.base@23)
1615:             1             24  jersey.repackaged.com.google.common.base.Joiner$1
1616:             1             24  jersey.repackaged.com.google.common.base.Joiner$MapJoiner
1617:             1             24  jersey.repackaged.com.google.common.base.Predicates$ObjectPredicate$1
1618:             1             24  jersey.repackaged.com.google.common.base.Predicates$ObjectPredicate$2
1619:             1             24  jersey.repackaged.com.google.common.base.Predicates$ObjectPredicate$3
1620:             1             24  jersey.repackaged.com.google.common.base.Predicates$ObjectPredicate$4
1621:             1             24  jersey.repackaged.com.google.common.collect.Iterables$2
1622:             1             24  jersey.repackaged.com.google.common.collect.Iterators$5
1623:             1             24  org.apache.commons.cli.CommandLine
1624:             1             24  org.apache.maven.artifact.handler.manager.DefaultArtifactHandlerManager
1625:             1             24  org.apache.maven.artifact.repository.metadata.DefaultRepositoryMetadataManager
1626:             1             24  org.apache.maven.artifact.resolver.DefaultArtifactCollector
1627:             1             24  org.apache.maven.artifact.resolver.filter.CumulativeScopeArtifactFilter
1628:             1             24  org.apache.maven.artifact.versioning.Restriction
1629:             1             24  org.apache.maven.bridge.MavenRepositorySystem
1630:             1             24  org.apache.maven.cli.MavenCli$1
1631:             1             24  org.apache.maven.cli.configuration.SettingsXmlConfigurationProcessor
1632:             1             24  org.apache.maven.cli.event.ExecutionEventLogger
1633:             1             24  org.apache.maven.eventspy.internal.EventSpyDispatcher
1634:             1             24  org.apache.maven.eventspy.internal.EventSpyExecutionListener
1635:             1             24  org.apache.maven.eventspy.internal.EventSpyRepositoryListener
1636:             1             24  org.apache.maven.execution.scope.internal.MojoExecutionScope$ScopeState
1637:             1             24  org.apache.maven.execution.scope.internal.MojoExecutionScopeCoreModule
1638:             1             24  org.apache.maven.extension.internal.CoreExports
1639:             1             24  org.apache.maven.graph.DefaultGraphBuilder
1640:             1             24  org.apache.maven.lifecycle.DefaultLifecycles
1641:             1             24  org.apache.maven.lifecycle.Lifecycle
1642:             1             24  org.apache.maven.lifecycle.Lifecycle$__sisu7
1643:             1             24  org.apache.maven.lifecycle.Lifecycle$__sisu8
1644:             1             24  org.apache.maven.lifecycle.MavenExecutionPlan
1645:             1             24  org.apache.maven.lifecycle.internal.DefaultLifecyclePluginAnalyzer
1646:             1             24  org.apache.maven.lifecycle.internal.DefaultLifecycleTaskSegmentCalculator
1647:             1             24  org.apache.maven.lifecycle.internal.MojoExecutor$OwnerReentrantReadWriteLock
1648:             1             24  org.apache.maven.lifecycle.internal.MojoExecutor$ProjectLock
1649:             1             24  org.apache.maven.lifecycle.internal.PhaseRecorder
1650:             1             24  org.apache.maven.lifecycle.internal.ProjectIndex
1651:             1             24  org.apache.maven.lifecycle.internal.ReactorBuildStatus
1652:             1             24  org.apache.maven.lifecycle.internal.TaskSegment
1653:             1             24  org.apache.maven.lifecycle.mapping.DefaultLifecycleMapping$__sisu1
1654:             1             24  org.apache.maven.lifecycle.mapping.Lifecycle
1655:             1             24  org.apache.maven.model.building.DefaultModelProcessor
1656:             1             24  org.apache.maven.model.building.Result
1657:             1             24  org.apache.maven.model.interpolation.StringVisitorModelInterpolator
1658:             1             24  org.apache.maven.model.plugin.DefaultLifecycleBindingsInjector
1659:             1             24  org.apache.maven.model.superpom.DefaultSuperPomProvider
1660:             1             24  org.apache.maven.model.validation.DefaultModelValidator
1661:             1             24  org.apache.maven.plugin.PluginRealmCache$CacheRecord
1662:             1             24  org.apache.maven.plugin.internal.DefaultPluginDependenciesResolver
1663:             1             24  org.apache.maven.project.DefaultMavenProjectBuilder
1664:             1             24  org.apache.maven.project.DefaultProjectDependenciesResolver
1665:             1             24  org.apache.maven.project.artifact.ProjectArtifactsCache$CacheRecord
1666:             1             24  org.apache.maven.repository.internal.DefaultVersionRangeResolver
1667:             1             24  org.apache.maven.repository.internal.DefaultVersionResolver
1668:             1             24  org.apache.maven.repository.legacy.repository.DefaultArtifactRepositoryFactory
1669:             1             24  org.apache.maven.rtinfo.internal.DefaultRuntimeInformation
1670:             1             24  org.apache.maven.session.scope.internal.SessionScopeModule
1671:             1             24  org.apache.maven.toolchain.building.DefaultToolchainsBuilder
1672:             1             24  org.codehaus.plexus.DefaultPlexusContainer$BootModule
1673:             1             24  org.codehaus.plexus.DefaultPlexusContainer$DefaultsModule
1674:             1             24  org.codehaus.plexus.classworlds.ClassWorld
1675:             1             24  org.codehaus.plexus.logging.console.ConsoleLogger
1676:             1             24  org.codehaus.plexus.util.dag.DAG
1677:             1             24  org.codehaus.plexus.util.dag.Vertex
1678:             1             24  org.eclipse.aether.internal.impl.DefaultRemoteRepositoryManager
1679:             1             24  org.eclipse.aether.internal.impl.DefaultRepositoryConnectorProvider
1680:             1             24  org.eclipse.aether.internal.impl.DefaultRepositorySystemLifecycle
1681:             1             24  org.eclipse.aether.internal.impl.DefaultUpdateCheckManager
1682:             1             24  org.eclipse.aether.internal.impl.SimpleLocalRepositoryManagerFactory
1683:             1             24  org.eclipse.aether.internal.impl.filter.PrefixesRemoteRepositoryFilterSource$Node
1684:             1             24  org.eclipse.aether.internal.impl.resolution.TrustedChecksumsArtifactResolverPostProcessor
1685:             1             24  org.eclipse.aether.internal.impl.synccontext.named.NamedLockFactoryAdapter
1686:             1             24  org.eclipse.aether.named.providers.LocalReadWriteLockNamedLockFactory
1687:             1             24  org.eclipse.aether.repository.LocalRepository
1688:             1             24  org.eclipse.aether.repository.WorkspaceRepository
1689:             1             24  org.eclipse.aether.util.graph.selector.AndDependencySelector
1690:             1             24  org.eclipse.aether.util.graph.selector.ExclusionDependencySelector
1691:             1             24  org.eclipse.aether.util.graph.selector.ScopeDependencySelector
1692:             1             24  org.eclipse.aether.util.repository.SimpleResolutionErrorPolicy
1693:             1             24  org.eclipse.sisu.bean.DeclaredMembers$View$1
1694:             1             24  org.eclipse.sisu.bean.DeclaredMembers$View$2
1695:             1             24  org.eclipse.sisu.bean.DeclaredMembers$View$3
1696:             1             24  org.eclipse.sisu.bean.LifecycleBuilder
1697:             1             24  org.eclipse.sisu.bean.LifecycleManager
1698:             1             24  org.eclipse.sisu.inject.MildValues
1699:             1             24  org.eclipse.sisu.inject.QualifyingStrategy$1
1700:             1             24  org.eclipse.sisu.inject.QualifyingStrategy$2
1701:             1             24  org.eclipse.sisu.inject.QualifyingStrategy$3
1702:             1             24  org.eclipse.sisu.inject.QualifyingStrategy$4
1703:             1             24  org.eclipse.sisu.inject.QualifyingStrategy$5
1704:             1             24  org.eclipse.sisu.plexus.DefaultPlexusBeanLocator
1705:             1             24  org.eclipse.sisu.plexus.PlexusAnnotatedBeanModule
1706:             1             24  org.eclipse.sisu.plexus.PlexusBindingModule
1707:             1             24  org.eclipse.sisu.plexus.RealmManager
1708:             1             24  org.eclipse.sisu.space.DefaultClassFinder
1709:             1             24  org.eclipse.sisu.space.GlobberStrategy$1
1710:             1             24  org.eclipse.sisu.space.GlobberStrategy$2
1711:             1             24  org.eclipse.sisu.space.GlobberStrategy$3
1712:             1             24  org.eclipse.sisu.space.GlobberStrategy$4
1713:             1             24  org.eclipse.sisu.space.GlobberStrategy$5
1714:             1             24  org.eclipse.sisu.wire.TypeConverterCache
1715:             1             24  org.eclipse.sisu.wire.WireModule
1716:             1             24  org.glassfish.grizzly.AbstractTransport$1
1717:             1             24  org.glassfish.grizzly.asyncqueue.AsyncQueueIO$ImmutableAsyncQueueIO
1718:             1             24  org.glassfish.grizzly.attributes.DefaultAttributeBuilder
1719:             1             24  org.glassfish.grizzly.attributes.IndexedAttributeHolder$Snapshot
1720:             1             24  org.glassfish.grizzly.filterchain.DefaultFilterChain
1721:             1             24  org.glassfish.grizzly.http.HttpCodecFilter$1
1722:             1             24  org.glassfish.grizzly.http.server.HttpServer$2
1723:             1             24  org.glassfish.grizzly.http.server.HttpServerFilter$1
1724:             1             24  org.glassfish.grizzly.http.server.HttpServerFilter$FlushResponseHandler
1725:             1             24  org.glassfish.grizzly.http.server.filecache.FileCache$1
1726:             1             24  org.glassfish.grizzly.http.server.util.Mapper$ContextList
1727:             1             24  org.glassfish.grizzly.http.util.UTF8Decoder
1728:             1             24  org.glassfish.grizzly.impl.SafeFutureImpl
1729:             1             24  org.glassfish.grizzly.memory.AbstractMemoryManager$1
1730:             1             24  org.glassfish.grizzly.memory.HeapMemoryManager
1731:             1             24  org.glassfish.grizzly.nio.DefaultSelectorHandler
1732:             1             24  org.glassfish.grizzly.nio.NIOConnection$ProcessorStatesMap
1733:             1             24  org.glassfish.grizzly.nio.RegisterChannelResult
1734:             1             24  org.glassfish.grizzly.nio.RoundRobinConnectionDistributor
1735:             1             24  org.glassfish.grizzly.nio.RoundRobinConnectionDistributor$SharedIterator
1736:             1             24  org.glassfish.grizzly.nio.tmpselectors.TemporarySelectorIO
1737:             1             24  org.glassfish.grizzly.nio.transport.TCPNIOAsyncQueueReader
1738:             1             24  org.glassfish.grizzly.nio.transport.TCPNIOServerConnection$RegisterAcceptedChannelCompletionHandler
1739:             1             24  org.glassfish.grizzly.threadpool.AbstractThreadPool$5
1740:             1             24  org.glassfish.grizzly.utils.CompletionHandlerAdapter
1741:             1             24  org.glassfish.grizzly.utils.ConcurrentHashMapV8$KeySetView
1742:             1             24  org.glassfish.grizzly.utils.Holder$3
1743:             1             24  org.glassfish.grizzly.utils.IdleTimeoutFilter$IdleTimeoutResolver
1744:             1             24  org.glassfish.grizzly.utils.StateHolder
1745:             1             24  org.glassfish.hk2.utilities.ServiceLocatorUtilities$ImmediateImpl
1746:             1             24  org.glassfish.hk2.utilities.ServiceLocatorUtilities$InheritableThreadImpl
1747:             1             24  org.glassfish.hk2.utilities.ServiceLocatorUtilities$PerLookupImpl
1748:             1             24  org.glassfish.hk2.utilities.ServiceLocatorUtilities$PerThreadImpl
1749:             1             24  org.glassfish.hk2.utilities.ServiceLocatorUtilities$SingletonImpl
1750:             1             24  org.glassfish.jersey.grizzly2.httpserver.GrizzlyHttpContainer$GrizzlyBinder
1751:             1             24  org.glassfish.jersey.internal.ContextResolverFactory$Binder
1752:             1             24  org.glassfish.jersey.internal.ExceptionMapperFactory$Binder
1753:             1             24  org.glassfish.jersey.internal.JaxrsProviders$Binder
1754:             1             24  org.glassfish.jersey.internal.JerseyErrorService$Binder
1755:             1             24  org.glassfish.jersey.internal.inject.ContextInjectionResolver
1756:             1             24  org.glassfish.jersey.internal.inject.ContextInjectionResolver$Binder
1757:             1             24  org.glassfish.jersey.internal.inject.JerseyClassAnalyzer
1758:             1             24  org.glassfish.jersey.internal.inject.JerseyClassAnalyzer$Binder
1759:             1             24  org.glassfish.jersey.jaxb.internal.DocumentProvider
1760:             1             24  org.glassfish.jersey.jaxb.internal.JaxbMessagingBinder
1761:             1             24  org.glassfish.jersey.jaxb.internal.JaxbParamConverterBinder
1762:             1             24  org.glassfish.jersey.message.internal.MessageBodyFactory$Binder
1763:             1             24  org.glassfish.jersey.message.internal.MessagingBinders$HeaderDelegateProviders
1764:             1             24  org.glassfish.jersey.message.internal.SourceProvider$SourceWriter
1765:             1             24  org.glassfish.jersey.process.internal.RequestScope
1766:             1             24  org.glassfish.jersey.process.internal.RequestScope$Binder
1767:             1             24  org.glassfish.jersey.process.internal.Stages$LinkedStage
1768:             1             24  org.glassfish.jersey.server.internal.JerseyResourceContext$Binder
1769:             1             24  org.glassfish.jersey.server.internal.MappableExceptionWrapperInterceptor$Binder
1770:             1             24  org.glassfish.jersey.server.internal.ProcessingProviders$Binder
1771:             1             24  org.glassfish.jersey.server.internal.RuntimeDelegateImpl
1772:             1             24  org.glassfish.jersey.server.internal.RuntimeExecutorsBinder
1773:             1             24  org.glassfish.jersey.server.internal.RuntimeExecutorsBinder$BackgroundSchedulerLiteral
1774:             1             24  org.glassfish.jersey.server.internal.inject.AsyncResponseValueFactoryProvider$InjectionResolver
1775:             1             24  org.glassfish.jersey.server.internal.inject.BeanParamValueFactoryProvider$InjectionResolver
1776:             1             24  org.glassfish.jersey.server.internal.inject.CookieParamValueFactoryProvider
1777:             1             24  org.glassfish.jersey.server.internal.inject.CookieParamValueFactoryProvider$InjectionResolver
1778:             1             24  org.glassfish.jersey.server.internal.inject.EntityParamValueFactoryProvider
1779:             1             24  org.glassfish.jersey.server.internal.inject.FormParamValueFactoryProvider
1780:             1             24  org.glassfish.jersey.server.internal.inject.FormParamValueFactoryProvider$InjectionResolver
1781:             1             24  org.glassfish.jersey.server.internal.inject.HeaderParamValueFactoryProvider
1782:             1             24  org.glassfish.jersey.server.internal.inject.HeaderParamValueFactoryProvider$InjectionResolver
1783:             1             24  org.glassfish.jersey.server.internal.inject.MatrixParamValueFactoryProvider
1784:             1             24  org.glassfish.jersey.server.internal.inject.MatrixParamValueFactoryProvider$InjectionResolver
1785:             1             24  org.glassfish.jersey.server.internal.inject.ParamConverters$StringConstructor$1
1786:             1             24  org.glassfish.jersey.server.internal.inject.ParameterInjectionBinder
1787:             1             24  org.glassfish.jersey.server.internal.inject.PathParamValueFactoryProvider
1788:             1             24  org.glassfish.jersey.server.internal.inject.PathParamValueFactoryProvider$InjectionResolver
1789:             1             24  org.glassfish.jersey.server.internal.inject.QueryParamValueFactoryProvider
1790:             1             24  org.glassfish.jersey.server.internal.inject.QueryParamValueFactoryProvider$InjectionResolver
1791:             1             24  org.glassfish.jersey.server.internal.inject.WebTargetValueFactoryProvider$1
1792:             1             24  org.glassfish.jersey.server.internal.inject.WebTargetValueFactoryProvider$InjectionResolver
1793:             1             24  org.glassfish.jersey.server.internal.monitoring.MonitoringContainerListener
1794:             1             24  org.glassfish.jersey.server.internal.monitoring.MonitoringContainerListener$Binder
1795:             1             24  org.glassfish.jersey.server.internal.process.ReferencesInitializer
1796:             1             24  org.glassfish.jersey.server.internal.process.ServerManagedAsyncExecutorFactory
1797:             1             24  org.glassfish.jersey.server.internal.process.ServerProcessingBinder
1798:             1             24  org.glassfish.jersey.server.internal.routing.RoutingStage
1799:             1             24  org.glassfish.jersey.server.internal.scanning.FileSchemeResourceFinderFactory$FileSchemeScanner
1800:             1             24  org.glassfish.jersey.server.model.ResourceMethod$JaxrsType$1
1801:             1             24  org.glassfish.jersey.server.model.ResourceMethod$JaxrsType$2
1802:             1             24  org.glassfish.jersey.server.model.ResourceMethod$JaxrsType$3
1803:             1             24  org.glassfish.jersey.server.model.ResourceModel
1804:             1             24  org.glassfish.jersey.server.model.internal.ResourceModelBinder
1805:             1             24  org.jvnet.hk2.internal.Utilities$AnnotationInformation
1806:             1             24  org.slf4j.helpers.FormattingTuple
1807:             1             24  org.slf4j.helpers.SubstituteLoggerFactory
1808:             1             24  org.slf4j.impl.OutputChoice
1809:             1             24  org.sonatype.plexus.components.sec.dispatcher.DefaultSecDispatcher
1810:             1             24  sun.net.sdp.SdpProvider (java.base@23)
1811:             1             24  sun.nio.ch.Util$BufferCache (java.base@23)
1812:             1             24  sun.nio.cs.ISO_8859_1 (java.base@23)
1813:             1             24  sun.nio.cs.StandardCharsets (java.base@23)
1814:             1             24  sun.nio.cs.US_ASCII (java.base@23)
1815:             1             24  sun.nio.cs.UTF_16 (java.base@23)
1816:             1             24  sun.nio.cs.UTF_16BE (java.base@23)
1817:             1             24  sun.nio.cs.UTF_16LE (java.base@23)
1818:             1             24  sun.nio.cs.UTF_32 (java.base@23)
1819:             1             24  sun.nio.cs.UTF_32BE (java.base@23)
1820:             1             24  sun.nio.cs.UTF_32LE (java.base@23)
1821:             1             24  sun.nio.cs.UTF_8 (java.base@23)
1822:             1             24  sun.reflect.annotation.TypeAnnotation$LocationInfo (java.base@23)
1823:             1             24  sun.security.action.GetPropertyAction (java.base@23)
1824:             1             24  sun.util.cldr.CLDRCalendarDataProviderImpl (java.base@23)
1825:             1             24  sun.util.locale.provider.CalendarProviderImpl (java.base@23)
1826:             1             24  sun.util.locale.provider.DateFormatSymbolsProviderImpl (java.base@23)
1827:             1             24  sun.util.locale.provider.DecimalFormatSymbolsProviderImpl (java.base@23)
1828:             1             24  sun.util.locale.provider.LocaleServiceProviderPool (java.base@23)
1829:             1             24  sun.util.locale.provider.NumberFormatProviderImpl (java.base@23)
1830:             1             16  [Lcom.google.inject.TypeLiteral;
1831:             1             16  [Lcom.google.inject.internal.util.StackTraceElements$InMemoryStackTraceElement;
1832:             1             16  [Ljava.lang.Throwable; (java.base@23)
1833:             1             16  [Ljava.lang.reflect.AnnotatedType; (java.base@23)
1834:             1             16  [Ljava.lang.reflect.Member; (java.base@23)
1835:             1             16  [Ljava.nio.file.attribute.FileAttribute; (java.base@23)
1836:             1             16  [Ljava.security.Provider; (java.base@23)
1837:             1             16  [Ljava.security.cert.Certificate; (java.base@23)
1838:             1             16  [Ljava.text.FieldPosition; (java.base@23)
1839:             1             16  [Ljava.time.zone.ZoneOffsetTransitionRule; (java.base@23)
1840:             1             16  [Ljava.util.Map$Entry; (java.base@23)
1841:             1             16  [Lorg.apache.commons.cli.Option;
1842:             1             16  [Lorg.codehaus.plexus.configuration.PlexusConfiguration;
1843:             1             16  [Lorg.codehaus.plexus.util.xml.Xpp3Dom;
1844:             1             16  [Lorg.glassfish.grizzly.ConnectionProbe;
1845:             1             16  [Lorg.glassfish.grizzly.TransportProbe;
1846:             1             16  [Lorg.glassfish.grizzly.http.HttpProbe;
1847:             1             16  [Lorg.glassfish.grizzly.http.server.HttpServerProbe;
1848:             1             16  [Lorg.glassfish.grizzly.http.server.filecache.FileCacheProbe;
1849:             1             16  [Lorg.glassfish.grizzly.memory.MemoryProbe;
1850:             1             16  [Lorg.glassfish.grizzly.threadpool.ThreadPoolProbe;
1851:             1             16  [Lsun.reflect.annotation.TypeAnnotation$LocationInfo$Location; (java.base@23)
1852:             1             16  com.fasterxml.jackson.jaxrs.base.JsonMappingExceptionMapper
1853:             1             16  com.fasterxml.jackson.jaxrs.base.JsonParseExceptionMapper
1854:             1             16  com.google.common.base.Equivalence$Equals
1855:             1             16  com.google.common.base.Equivalence$Identity
1856:             1             16  com.google.common.base.Joiner
1857:             1             16  com.google.common.base.Suppliers$SupplierOfInstance
1858:             1             16  com.google.common.base.Ticker$1
1859:             1             16  com.google.common.cache.CacheBuilder$1
1860:             1             16  com.google.common.cache.CacheBuilder$2
1861:             1             16  com.google.common.cache.CacheBuilder$3
1862:             1             16  com.google.common.cache.CacheLoader$FunctionToCacheLoader
1863:             1             16  com.google.common.cache.LocalCache$1
1864:             1             16  com.google.common.cache.LocalCache$2
1865:             1             16  com.google.common.collect.AbstractMapBasedMultimap$AsMap$AsMapEntries
1866:             1             16  com.google.common.collect.AbstractMultimap$Values
1867:             1             16  com.google.common.collect.MapMakerInternalMap$1
1868:             1             16  com.google.common.collect.MapMakerInternalMap$WeakKeyStrongValueEntry$Helper
1869:             1             16  com.google.common.collect.Maps$Values
1870:             1             16  com.google.common.util.concurrent.AbstractFuture$UnsafeAtomicHelper
1871:             1             16  com.google.inject.Scopes$1
1872:             1             16  com.google.inject.Scopes$2
1873:             1             16  com.google.inject.internal.$Proxy1
1874:             1             16  com.google.inject.internal.Annotations$1
1875:             1             16  com.google.inject.internal.Annotations$AnnotationToStringConfig
1876:             1             16  com.google.inject.internal.BytecodeGen$$Lambda/0x000078cd0f18ecd8
1877:             1             16  com.google.inject.internal.ConstructorInjectorStore$$Lambda/0x000078cd0f1abfa8
1878:             1             16  com.google.inject.internal.DeclaredMembers$$Lambda/0x000078cd0f094c00
1879:             1             16  com.google.inject.internal.DeclaredMembers$$Lambda/0x000078cd0f095618
1880:             1             16  com.google.inject.internal.DeclaredMembers$$Lambda/0x000078cd0f095858
1881:             1             16  com.google.inject.internal.DeclaredMembers$$Lambda/0x000078cd0f095a98
1882:             1             16  com.google.inject.internal.DeclaredMembers$$Lambda/0x000078cd0f095cd8
1883:             1             16  com.google.inject.internal.DeclaredMembers$$Lambda/0x000078cd0f09a8c8
1884:             1             16  com.google.inject.internal.DeclaredMembers$$Lambda/0x000078cd0f0aa000
1885:             1             16  com.google.inject.internal.DeclaredMembers$$Lambda/0x000078cd0f0af7f0
1886:             1             16  com.google.inject.internal.DeclaredMembers$$Lambda/0x000078cd0f0afa30
1887:             1             16  com.google.inject.internal.DeclaredMembers$$Lambda/0x000078cd0f0afc70
1888:             1             16  com.google.inject.internal.GuiceInternal
1889:             1             16  com.google.inject.internal.InjectorShell$RootModule
1890:             1             16  com.google.inject.internal.KotlinSupport$KotlinUnsupported
1891:             1             16  com.google.inject.internal.KotlinSupport$KotlinUnsupported$$Lambda/0x000078cd0f0abbd0
1892:             1             16  com.google.inject.internal.Messages$1
1893:             1             16  com.google.inject.internal.Messages$2
1894:             1             16  com.google.inject.internal.Messages$3
1895:             1             16  com.google.inject.internal.MoreTypes$GenericArrayTypeImpl
1896:             1             16  com.google.inject.internal.ProvidesMethodScanner
1897:             1             16  com.google.inject.internal.Scoping$1
1898:             1             16  com.google.inject.internal.Scoping$2
1899:             1             16  com.google.inject.internal.Scoping$3
1900:             1             16  com.google.inject.internal.Scoping$4
1901:             1             16  com.google.inject.internal.Scoping$5
1902:             1             16  com.google.inject.internal.SingletonScope
1903:             1             16  com.google.inject.internal.aop.AbstractGlueGenerator$$Lambda/0x000078cd0f192a50
1904:             1             16  com.google.inject.internal.aop.GeneratedClassDefiner
1905:             1             16  com.google.inject.internal.aop.HiddenClassDefiner
1906:             1             16  com.google.inject.internal.aop.ImmutableStringTrie$$Lambda/0x000078cd0f1bae10
1907:             1             16  com.google.inject.internal.aop.UnsafeClassDefiner
1908:             1             16  com.google.inject.internal.aop.UnsafeClassDefiner$$Lambda/0x000078cd0f18fbc0
1909:             1             16  com.google.inject.internal.aop.UnsafeClassDefiner$$Lambda/0x000078cd0f194000
1910:             1             16  com.google.inject.internal.aop.UnsafeClassDefiner$ClassLoaderDefineClassHolder$$Lambda/0x000078cd0f1934c8
1911:             1             16  com.google.inject.internal.util.StackTraceElements$1
1912:             1             16  com.google.inject.matcher.Matchers$Any
1913:             1             16  com.google.inject.spi.BindingSourceRestriction$$Lambda/0x000078cd0f090200
1914:             1             16  com.google.inject.spi.BindingSourceRestriction$$Lambda/0x000078cd0f090440
1915:             1             16  com.google.inject.spi.BindingSourceRestriction$$Lambda/0x000078cd0f19d0e0
1916:             1             16  com.google.inject.spi.Elements$1
1917:             1             16  com.google.inject.spi.InjectionPoint$$Lambda/0x000078cd0f12e208
1918:             1             16  com.google.inject.spi.InjectionPoint$$Lambda/0x000078cd0f12e458
1919:             1             16  com.google.inject.spi.InjectionPoint$$Lambda/0x000078cd0f12e6a8
1920:             1             16  com.google.inject.util.Modules$EmptyModule
1921:             1             16  java.io.DeleteOnExitHook$1 (java.base@23)
1922:             1             16  java.io.FileDescriptor$1 (java.base@23)
1923:             1             16  java.io.FilePermission$1 (java.base@23)
1924:             1             16  java.io.FilePermissionCollection$$Lambda/0x000078cd0f04be08 (java.base@23)
1925:             1             16  java.io.PrintStream$1 (java.base@23)
1926:             1             16  java.io.PrintWriter$1 (java.base@23)
1927:             1             16  java.io.RandomAccessFile$2 (java.base@23)
1928:             1             16  java.lang.ApplicationShutdownHooks$1 (java.base@23)
1929:             1             16  java.lang.CharacterData00 (java.base@23)
1930:             1             16  java.lang.CharacterDataLatin1 (java.base@23)
1931:             1             16  java.lang.Class$$Lambda/0x000078cd0f0c6c78 (java.base@23)
1932:             1             16  java.lang.Class$1 (java.base@23)
1933:             1             16  java.lang.ClassLoader$$DefineAccessByGuice$$/0x000078cd0f19ac00 (java.base@23)
1934:             1             16  java.lang.InheritableThreadLocal (java.base@23)
1935:             1             16  java.lang.Module$$Lambda/0x000078cd0f070940 (java.base@23)
1936:             1             16  java.lang.ProcessEnvironment$StringEntrySet (java.base@23)
1937:             1             16  java.lang.ProcessEnvironment$StringKeySet (java.base@23)
1938:             1             16  java.lang.Runtime (java.base@23)
1939:             1             16  java.lang.String$CaseInsensitiveComparator (java.base@23)
1940:             1             16  java.lang.System$2 (java.base@23)
1941:             1             16  java.lang.Terminator$1 (java.base@23)
1942:             1             16  java.lang.classfile.ClassHierarchyResolver$1Factory (java.base@23)
1943:             1             16  java.lang.invoke.ClassSpecializer$1 (java.base@23)
1944:             1             16  java.lang.invoke.MemberName$Factory (java.base@23)
1945:             1             16  java.lang.invoke.MethodHandleImpl$1 (java.base@23)
1946:             1             16  java.lang.module.ModuleDescriptor$1 (java.base@23)
1947:             1             16  java.lang.module.ModuleDescriptor$Builder$$Lambda/0x800000004 (java.base@23)
1948:             1             16  java.lang.ref.Cleaner (java.base@23)
1949:             1             16  java.lang.ref.Cleaner$1 (java.base@23)
1950:             1             16  java.lang.ref.Reference$1 (java.base@23)
1951:             1             16  java.lang.reflect.AccessFlag$1 (java.base@23)
1952:             1             16  java.lang.reflect.AccessFlag$10 (java.base@23)
1953:             1             16  java.lang.reflect.AccessFlag$11 (java.base@23)
1954:             1             16  java.lang.reflect.AccessFlag$12 (java.base@23)
1955:             1             16  java.lang.reflect.AccessFlag$13 (java.base@23)
1956:             1             16  java.lang.reflect.AccessFlag$14 (java.base@23)
1957:             1             16  java.lang.reflect.AccessFlag$15 (java.base@23)
1958:             1             16  java.lang.reflect.AccessFlag$16 (java.base@23)
1959:             1             16  java.lang.reflect.AccessFlag$17 (java.base@23)
1960:             1             16  java.lang.reflect.AccessFlag$18 (java.base@23)
1961:             1             16  java.lang.reflect.AccessFlag$2 (java.base@23)
1962:             1             16  java.lang.reflect.AccessFlag$3 (java.base@23)
1963:             1             16  java.lang.reflect.AccessFlag$4 (java.base@23)
1964:             1             16  java.lang.reflect.AccessFlag$5 (java.base@23)
1965:             1             16  java.lang.reflect.AccessFlag$6 (java.base@23)
1966:             1             16  java.lang.reflect.AccessFlag$7 (java.base@23)
1967:             1             16  java.lang.reflect.AccessFlag$8 (java.base@23)
1968:             1             16  java.lang.reflect.AccessFlag$9 (java.base@23)
1969:             1             16  java.lang.reflect.Executable$$Lambda/0x000078cd0f0e87e0 (java.base@23)
1970:             1             16  java.lang.reflect.Proxy$$Lambda/0x000078cd0f06f390 (java.base@23)
1971:             1             16  java.lang.reflect.Proxy$ProxyBuilder$$Lambda/0x000078cd0f06ffe8 (java.base@23)
1972:             1             16  java.lang.reflect.ProxyGenerator$$Lambda/0x000078cd0f075d80 (java.base@23)
1973:             1             16  java.lang.reflect.ProxyGenerator$$Lambda/0x000078cd0f075fc0 (java.base@23)
1974:             1             16  java.lang.reflect.ReflectAccess (java.base@23)
1975:             1             16  java.net.InetAddress$$Lambda/0x000078cd0f0f6710 (java.base@23)
1976:             1             16  java.net.InetAddress$$Lambda/0x000078cd0f0f6b48 (java.base@23)
1977:             1             16  java.net.InetAddress$1 (java.base@23)
1978:             1             16  java.net.InetAddress$PlatformResolver (java.base@23)
1979:             1             16  java.net.URI$1 (java.base@23)
1980:             1             16  java.net.URL$3 (java.base@23)
1981:             1             16  java.net.URL$DefaultFactory (java.base@23)
1982:             1             16  java.net.URLClassLoader$3$1 (java.base@23)
1983:             1             16  java.net.spi.InetAddressResolver$LookupPolicy (java.base@23)
1984:             1             16  java.nio.Bits$1 (java.base@23)
1985:             1             16  java.nio.Buffer$1 (java.base@23)
1986:             1             16  java.nio.Buffer$2 (java.base@23)
1987:             1             16  java.nio.channels.spi.SelectorProvider$Holder$$Lambda/0x000078cd0f0f2518 (java.base@23)
1988:             1             16  java.security.AllPermission (java.base@23)
1989:             1             16  java.security.ProtectionDomain$JavaSecurityAccessImpl (java.base@23)
1990:             1             16  java.security.Security$$Lambda/0x800000012 (java.base@23)
1991:             1             16  java.security.Security$1 (java.base@23)
1992:             1             16  java.text.DontCareFieldPosition$1 (java.base@23)
1993:             1             16  java.text.MessageFormat$Field (java.base@23)
1994:             1             16  java.time.ZoneOffset$$Lambda/0x800000013 (java.base@23)
1995:             1             16  java.time.chrono.IsoChronology (java.base@23)
1996:             1             16  java.time.format.DateTimeFormatter$$Lambda/0x800000014 (java.base@23)
1997:             1             16  java.time.format.DateTimeFormatter$$Lambda/0x800000015 (java.base@23)
1998:             1             16  java.time.format.DateTimeFormatterBuilder$$Lambda/0x800000016 (java.base@23)
1999:             1             16  java.time.format.DateTimeFormatterBuilder$InstantPrinterParser (java.base@23)
2000:             1             16  java.time.format.DateTimeTextProvider (java.base@23)
2001:             1             16  java.time.format.DateTimeTextProvider$1 (java.base@23)
2002:             1             16  java.util.AbstractMap$2 (java.base@23)
2003:             1             16  java.util.Collections$EmptyEnumeration (java.base@23)
2004:             1             16  java.util.Collections$EmptyIterator (java.base@23)
2005:             1             16  java.util.Collections$EmptyList (java.base@23)
2006:             1             16  java.util.Collections$EmptySet (java.base@23)
2007:             1             16  java.util.EnumMap$1 (java.base@23)
2008:             1             16  java.util.IdentityHashMap$Values (java.base@23)
2009:             1             16  java.util.ImmutableCollections$Access$1 (java.base@23)
2010:             1             16  java.util.Locale$1 (java.base@23)
2011:             1             16  java.util.Locale$Builder (java.base@23)
2012:             1             16  java.util.ResourceBundle$1 (java.base@23)
2013:             1             16  java.util.ResourceBundle$Control (java.base@23)
2014:             1             16  java.util.ResourceBundle$Control$$Lambda/0x800000017 (java.base@23)
2015:             1             16  java.util.ResourceBundle$Control$$Lambda/0x800000018 (java.base@23)
2016:             1             16  java.util.ResourceBundle$ResourceBundleControlProviderHolder$$Lambda/0x000078cd0f0e2168 (java.base@23)
2017:             1             16  java.util.ResourceBundle$ResourceBundleControlProviderHolder$$Lambda/0x000078cd0f0e2828 (java.base@23)
2018:             1             16  java.util.Spliterators$EmptySpliterator$OfDouble (java.base@23)
2019:             1             16  java.util.Spliterators$EmptySpliterator$OfInt (java.base@23)
2020:             1             16  java.util.Spliterators$EmptySpliterator$OfLong (java.base@23)
2021:             1             16  java.util.Spliterators$EmptySpliterator$OfRef (java.base@23)
2022:             1             16  java.util.concurrent.ConcurrentSkipListMap$KeySet (java.base@23)
2023:             1             16  java.util.concurrent.ConcurrentSkipListSet (java.base@23)
2024:             1             16  java.util.concurrent.CopyOnWriteArraySet (java.base@23)
2025:             1             16  java.util.concurrent.ForkJoinPool$2 (java.base@23)
2026:             1             16  java.util.concurrent.ForkJoinPool$DefaultForkJoinWorkerThreadFactory (java.base@23)
2027:             1             16  java.util.concurrent.ThreadPoolExecutor$AbortPolicy (java.base@23)
2028:             1             16  java.util.concurrent.atomic.Striped64$1 (java.base@23)
2029:             1             16  java.util.function.Function$$Lambda/0x000078cd0f05bfb0 (java.base@23)
2030:             1             16  java.util.jar.JavaUtilJarAccessImpl (java.base@23)
2031:             1             16  java.util.logging.ErrorManager (java.logging@23)
2032:             1             16  java.util.logging.Level$$Lambda/0x80000001a (java.logging@23)
2033:             1             16  java.util.logging.Level$KnownLevel$$Lambda/0x80000002a (java.logging@23)
2034:             1             16  java.util.logging.Level$KnownLevel$$Lambda/0x80000002b (java.logging@23)
2035:             1             16  java.util.logging.Level$KnownLevel$$Lambda/0x80000002c (java.logging@23)
2036:             1             16  java.util.logging.LogManager$CloseOnReset (java.logging@23)
2037:             1             16  java.util.logging.LogManager$LoggingProviderAccess (java.logging@23)
2038:             1             16  java.util.logging.LogManager$VisitedLoggers (java.logging@23)
2039:             1             16  java.util.logging.LogRecord$CallerFinder$$Lambda/0x000078cd0f0edfe8 (java.logging@23)
2040:             1             16  java.util.logging.SimpleFormatter (java.logging@23)
2041:             1             16  java.util.logging.SimpleFormatter$$Lambda/0x000078cd0f0eb618 (java.logging@23)
2042:             1             16  java.util.regex.CharPredicates$$Lambda/0x000078cd0f0d2610 (java.base@23)
2043:             1             16  java.util.regex.CharPredicates$$Lambda/0x80000002e (java.base@23)
2044:             1             16  java.util.regex.CharPredicates$$Lambda/0x80000002f (java.base@23)
2045:             1             16  java.util.regex.Pattern$$Lambda/0x000078cd0f05a5c0 (java.base@23)
2046:             1             16  java.util.regex.Pattern$LastNode (java.base@23)
2047:             1             16  java.util.regex.Pattern$Node (java.base@23)
2048:             1             16  java.util.stream.Collectors$$Lambda/0x000078cd0f05c3e8 (java.base@23)
2049:             1             16  java.util.stream.Collectors$$Lambda/0x000078cd0f05c840 (java.base@23)
2050:             1             16  java.util.stream.Collectors$$Lambda/0x000078cd0f069f70 (java.base@23)
2051:             1             16  java.util.stream.Collectors$$Lambda/0x000078cd0f06a190 (java.base@23)
2052:             1             16  java.util.stream.Collectors$$Lambda/0x000078cd0f06a3c0 (java.base@23)
2053:             1             16  java.util.stream.Collectors$$Lambda/0x000078cd0f0d3a68 (java.base@23)
2054:             1             16  java.util.stream.Collectors$$Lambda/0x000078cd0f0d8580 (java.base@23)
2055:             1             16  java.util.stream.Collectors$$Lambda/0x80000003f (java.base@23)
2056:             1             16  java.util.stream.Collectors$$Lambda/0x800000042 (java.base@23)
2057:             1             16  java.util.stream.Collectors$$Lambda/0x800000044 (java.base@23)
2058:             1             16  java.util.stream.Collectors$$Lambda/0x800000045 (java.base@23)
2059:             1             16  java.util.stream.Collectors$$Lambda/0x800000046 (java.base@23)
2060:             1             16  java.util.stream.Collectors$$Lambda/0x800000047 (java.base@23)
2061:             1             16  java.util.stream.Collectors$$Lambda/0x800000049 (java.base@23)
2062:             1             16  java.util.stream.FindOps$FindSink$OfRef$$Lambda/0x80000004c (java.base@23)
2063:             1             16  java.util.stream.FindOps$FindSink$OfRef$$Lambda/0x80000004d (java.base@23)
2064:             1             16  java.util.stream.FindOps$FindSink$OfRef$$Lambda/0x80000004e (java.base@23)
2065:             1             16  java.util.stream.FindOps$FindSink$OfRef$$Lambda/0x80000004f (java.base@23)
2066:             1             16  java.util.stream.Nodes$EmptyNode$OfDouble (java.base@23)
2067:             1             16  java.util.stream.Nodes$EmptyNode$OfInt (java.base@23)
2068:             1             16  java.util.stream.Nodes$EmptyNode$OfLong (java.base@23)
2069:             1             16  java.util.stream.Nodes$EmptyNode$OfRef (java.base@23)
2070:             1             16  java.util.stream.ReferencePipeline$$Lambda/0x000078cd0f0e30a8 (java.base@23)
2071:             1             16  java.util.zip.ZipFile$1 (java.base@23)
2072:             1             16  jdk.internal.classfile.impl.ClassFileImpl$1 (java.base@23)
2073:             1             16  jdk.internal.classfile.impl.ClassFileImpl$AttributeMapperOptionImpl (java.base@23)
2074:             1             16  jdk.internal.classfile.impl.ClassFileImpl$ClassHierarchyResolverOptionImpl (java.base@23)
2075:             1             16  jdk.internal.classfile.impl.ClassHierarchyImpl$ClassLoadingClassHierarchyResolver (java.base@23)
2076:             1             16  jdk.internal.classfile.impl.ClassHierarchyImpl$ClassLoadingClassHierarchyResolver$1 (java.base@23)
2077:             1             16  jdk.internal.classfile.impl.TemporaryConstantPool (java.base@23)
2078:             1             16  jdk.internal.jimage.ImageReaderFactory$1 (java.base@23)
2079:             1             16  jdk.internal.jimage.ImageStringsReader (java.base@23)
2080:             1             16  jdk.internal.jimage.decompressor.Decompressor (java.base@23)
2081:             1             16  jdk.internal.math.FloatingDecimal$1 (java.base@23)
2082:             1             16  jdk.internal.misc.ScopedMemoryAccess (java.base@23)
2083:             1             16  jdk.internal.misc.TerminatingThreadLocal$1 (java.base@23)
2084:             1             16  jdk.internal.misc.ThreadTracker (java.base@23)
2085:             1             16  jdk.internal.misc.Unsafe (java.base@23)
2086:             1             16  jdk.internal.module.ArchivedBootLayer (java.base@23)
2087:             1             16  jdk.internal.module.ModuleLoaderMap$Mapper (java.base@23)
2088:             1             16  jdk.internal.module.ModulePatcher (java.base@23)
2089:             1             16  jdk.internal.module.ModuleTarget (java.base@23)
2090:             1             16  jdk.internal.perf.Perf (java.base@23)
2091:             1             16  jdk.internal.reflect.ConstantPool (java.base@23)
2092:             1             16  jdk.internal.reflect.ReflectionFactory (java.base@23)
2093:             1             16  jdk.internal.util.Preconditions$1 (java.base@23)
2094:             1             16  jdk.internal.util.Preconditions$2 (java.base@23)
2095:             1             16  jdk.internal.util.Preconditions$3 (java.base@23)
2096:             1             16  jdk.net.LinuxSocketOptions (jdk.net@23)
2097:             1             16  jdk.proxy2.$Proxy11 (jdk.proxy2)
2098:             1             16  jdk.proxy2.$Proxy12 (jdk.proxy2)
2099:             1             16  jdk.proxy2.$Proxy13 (jdk.proxy2)
2100:             1             16  jdk.proxy2.$Proxy18 (jdk.proxy2)
2101:             1             16  jdk.proxy2.$Proxy19 (jdk.proxy2)
2102:             1             16  jdk.proxy2.$Proxy24 (jdk.proxy2)
2103:             1             16  jdk.proxy2.$Proxy26 (jdk.proxy2)
2104:             1             16  jdk.proxy2.$Proxy6 (jdk.proxy2)
2105:             1             16  jdk.proxy3.$Proxy33 (jdk.proxy3)
2106:             1             16  jdk.proxy3.$Proxy36 (jdk.proxy3)
2107:             1             16  jdk.proxy3.$Proxy43 (jdk.proxy3)
2108:             1             16  jdk.proxy3.$Proxy49 (jdk.proxy3)
2109:             1             16  jdk.proxy3.$Proxy51 (jdk.proxy3)
2110:             1             16  jersey.repackaged.com.google.common.collect.Iterables$3
2111:             1             16  jersey.repackaged.com.google.common.collect.Iterators$1
2112:             1             16  jersey.repackaged.com.google.common.collect.Iterators$2
2113:             1             16  org.apache.commons.cli.CommandLine$Builder$$Lambda/0x000078cd0f011540
2114:             1             16  org.apache.maven.DefaultArtifactFilterManager$$FastClassByGuice$$118615859
2115:             1             16  org.apache.maven.DefaultMaven$$FastClassByGuice$$153874568
2116:             1             16  org.apache.maven.ReactorReader$$FastClassByGuice$$120221804
2117:             1             16  org.apache.maven.ReactorReader$$Lambda/0x000078cd0f20bd90
2118:             1             16  org.apache.maven.ReactorReader$$Lambda/0x000078cd0f20bfd0
2119:             1             16  org.apache.maven.RepositoryUtils$$Lambda/0x000078cd0f1eba58
2120:             1             16  org.apache.maven.RepositoryUtils$$Lambda/0x000078cd0f217018
2121:             1             16  org.apache.maven.RepositoryUtils$$Lambda/0x000078cd0f217258
2122:             1             16  org.apache.maven.RepositoryUtils$$Lambda/0x000078cd0f2246a8
2123:             1             16  org.apache.maven.RepositoryUtils$MavenArtifactTypeRegistry
2124:             1             16  org.apache.maven.artifact.factory.DefaultArtifactFactory
2125:             1             16  org.apache.maven.artifact.factory.DefaultArtifactFactory$$FastClassByGuice$$160863821
2126:             1             16  org.apache.maven.artifact.handler.DefaultArtifactHandler$$FastClassByGuice$$202324402
2127:             1             16  org.apache.maven.artifact.handler.DefaultArtifactHandler$__sisu13$$FastClassByGuice$$192484919
2128:             1             16  org.apache.maven.artifact.handler.DefaultArtifactHandler$__sisu9$$FastClassByGuice$$191544591
2129:             1             16  org.apache.maven.artifact.handler.manager.DefaultArtifactHandlerManager$$FastClassByGuice$$161679555
2130:             1             16  org.apache.maven.artifact.repository.layout.DefaultRepositoryLayout
2131:             1             16  org.apache.maven.artifact.repository.layout.DefaultRepositoryLayout$$FastClassByGuice$$189799196
2132:             1             16  org.apache.maven.artifact.repository.metadata.DefaultRepositoryMetadataManager$$FastClassByGuice$$168859052
2133:             1             16  org.apache.maven.artifact.repository.metadata.io.DefaultMetadataReader
2134:             1             16  org.apache.maven.artifact.repository.metadata.io.DefaultMetadataReader$$FastClassByGuice$$181794037
2135:             1             16  org.apache.maven.artifact.resolver.DefaultArtifactCollector$$FastClassByGuice$$163950855
2136:             1             16  org.apache.maven.artifact.resolver.DefaultArtifactResolver$$FastClassByGuice$$163411839
2137:             1             16  org.apache.maven.artifact.resolver.DefaultArtifactResolver$DaemonThreadCreator
2138:             1             16  org.apache.maven.artifact.resolver.DefaultResolutionErrorHandler
2139:             1             16  org.apache.maven.artifact.resolver.DefaultResolutionErrorHandler$$FastClassByGuice$$167114915
2140:             1             16  org.apache.maven.bridge.MavenRepositorySystem$$FastClassByGuice$$1203271
2141:             1             16  org.apache.maven.classrealm.DefaultClassRealmManager$$FastClassByGuice$$121368802
2142:             1             16  org.apache.maven.cli.CLIManager
2143:             1             16  org.apache.maven.cli.MavenCli$$Lambda/0x000078cd0f013258
2144:             1             16  org.apache.maven.cli.configuration.SettingsXmlConfigurationProcessor$$FastClassByGuice$$51099813
2145:             1             16  org.apache.maven.cli.internal.BootstrapCoreExtensionManager$$FastClassByGuice$$51744954
2146:             1             16  org.apache.maven.cli.logging.Slf4jLoggerManager
2147:             1             16  org.apache.maven.cli.transfer.SimplexTransferListener$$Lambda/0x000078cd0f1e2460
2148:             1             16  org.apache.maven.eventspy.internal.EventSpyDispatcher$$FastClassByGuice$$8955193
2149:             1             16  org.apache.maven.execution.DefaultMavenExecutionRequestPopulator
2150:             1             16  org.apache.maven.execution.DefaultMavenExecutionRequestPopulator$$FastClassByGuice$$122445191
2151:             1             16  org.apache.maven.execution.MavenSession$$Lambda/0x000078cd0f20b6d0
2152:             1             16  org.apache.maven.execution.MavenSession$$Lambda/0x000078cd0f20b8f8
2153:             1             16  org.apache.maven.execution.scope.internal.MojoExecutionScope
2154:             1             16  org.apache.maven.execution.scope.internal.MojoExecutionScope$1
2155:             1             16  org.apache.maven.extension.internal.CoreExports$$Lambda/0x000078cd0f01c7b8
2156:             1             16  org.apache.maven.extension.internal.CoreExportsProvider$$FastClassByGuice$$123017411
2157:             1             16  org.apache.maven.graph.DefaultGraphBuilder$$FastClassByGuice$$189617624
2158:             1             16  org.apache.maven.internal.aether.DefaultRepositorySystemSessionFactory$$FastClassByGuice$$124395699
2159:             1             16  org.apache.maven.internal.aether.DefaultRepositorySystemSessionFactory$$Lambda/0x000078cd0f1e8d48
2160:             1             16  org.apache.maven.internal.aether.DefaultRepositorySystemSessionFactory$$Lambda/0x000078cd0f1e8f88
2161:             1             16  org.apache.maven.internal.aether.DefaultRepositorySystemSessionFactory$$Lambda/0x000078cd0f1e91c8
2162:             1             16  org.apache.maven.internal.aether.DefaultRepositorySystemSessionFactory$$Lambda/0x000078cd0f1e9408
2163:             1             16  org.apache.maven.internal.aether.DefaultRepositorySystemSessionFactory$$Lambda/0x000078cd0f1e9648
2164:             1             16  org.apache.maven.internal.aether.LoggingRepositoryListener
2165:             1             16  org.apache.maven.internal.aether.ResolverLifecycle
2166:             1             16  org.apache.maven.internal.aether.ResolverLifecycle$$FastClassByGuice$$125300980
2167:             1             16  org.apache.maven.lifecycle.DefaultLifecycles$$FastClassByGuice$$7627932
2168:             1             16  org.apache.maven.lifecycle.Lifecycle$$FastClassByGuice$$3211375
2169:             1             16  org.apache.maven.lifecycle.Lifecycle$__sisu7$$FastClassByGuice$$195036344
2170:             1             16  org.apache.maven.lifecycle.Lifecycle$__sisu8$$FastClassByGuice$$194603909
2171:             1             16  org.apache.maven.lifecycle.internal.BuildListCalculator
2172:             1             16  org.apache.maven.lifecycle.internal.BuildListCalculator$$FastClassByGuice$$2827886
2173:             1             16  org.apache.maven.lifecycle.internal.CompoundProjectExecutionListener
2174:             1             16  org.apache.maven.lifecycle.internal.DefaultExecutionEventCatapult
2175:             1             16  org.apache.maven.lifecycle.internal.DefaultExecutionEventCatapult$$FastClassByGuice$$184776535
2176:             1             16  org.apache.maven.lifecycle.internal.DefaultLifecycleExecutionPlanCalculator$$FastClassByGuice$$199111531
2177:             1             16  org.apache.maven.lifecycle.internal.DefaultLifecycleMappingDelegate
2178:             1             16  org.apache.maven.lifecycle.internal.DefaultLifecycleMappingDelegate$$FastClassByGuice$$199650629
2179:             1             16  org.apache.maven.lifecycle.internal.DefaultLifecyclePluginAnalyzer$$FastClassByGuice$$157265681
2180:             1             16  org.apache.maven.lifecycle.internal.DefaultLifecycleTaskSegmentCalculator$$FastClassByGuice$$186402454
2181:             1             16  org.apache.maven.lifecycle.internal.DefaultMojoExecutionConfigurator
2182:             1             16  org.apache.maven.lifecycle.internal.DefaultMojoExecutionConfigurator$$FastClassByGuice$$201039057
2183:             1             16  org.apache.maven.lifecycle.internal.DefaultMojoExecutionConfigurator$$Lambda/0x000078cd0f2153b0
2184:             1             16  org.apache.maven.lifecycle.internal.DefaultMojoExecutionConfigurator$$Lambda/0x000078cd0f215818
2185:             1             16  org.apache.maven.lifecycle.internal.DefaultProjectArtifactFactory
2186:             1             16  org.apache.maven.lifecycle.internal.DefaultProjectArtifactFactory$$FastClassByGuice$$126046660
2187:             1             16  org.apache.maven.lifecycle.internal.ExecutionPlanItem
2188:             1             16  org.apache.maven.lifecycle.internal.GoalTask
2189:             1             16  org.apache.maven.lifecycle.internal.LifecycleDebugLogger
2190:             1             16  org.apache.maven.lifecycle.internal.LifecycleDebugLogger$$FastClassByGuice$$11658613
2191:             1             16  org.apache.maven.lifecycle.internal.LifecycleDependencyResolver$$FastClassByGuice$$127320720
2192:             1             16  org.apache.maven.lifecycle.internal.LifecycleModuleBuilder$$FastClassByGuice$$4473120
2193:             1             16  org.apache.maven.lifecycle.internal.LifecyclePluginResolver
2194:             1             16  org.apache.maven.lifecycle.internal.LifecyclePluginResolver$$FastClassByGuice$$10634284
2195:             1             16  org.apache.maven.lifecycle.internal.LifecycleStarter$$FastClassByGuice$$9839473
2196:             1             16  org.apache.maven.lifecycle.internal.MojoDescriptorCreator$$FastClassByGuice$$13582704
2197:             1             16  org.apache.maven.lifecycle.internal.MojoExecutor$$FastClassByGuice$$5527655
2198:             1             16  org.apache.maven.lifecycle.internal.ProjectBuildList
2199:             1             16  org.apache.maven.lifecycle.internal.builder.BuilderCommon$$FastClassByGuice$$6758031
2200:             1             16  org.apache.maven.lifecycle.internal.builder.singlethreaded.SingleThreadedBuilder
2201:             1             16  org.apache.maven.lifecycle.internal.builder.singlethreaded.SingleThreadedBuilder$$FastClassByGuice$$196216140
2202:             1             16  org.apache.maven.lifecycle.mapping.DefaultLifecycleMapping$__sisu1$$FastClassByGuice$$193183545
2203:             1             16  org.apache.maven.model.building.DefaultModelBuilder$$FastClassByGuice$$13769076
2204:             1             16  org.apache.maven.model.building.DefaultModelBuilder$$Lambda/0x000078cd0f1f3138
2205:             1             16  org.apache.maven.model.building.DefaultModelBuilder$$Lambda/0x000078cd0f1f35b0
2206:             1             16  org.apache.maven.model.building.DefaultModelBuilder$$Lambda/0x000078cd0f1f3a28
2207:             1             16  org.apache.maven.model.building.DefaultModelBuilder$$Lambda/0x000078cd0f1f6ab0
2208:             1             16  org.apache.maven.model.building.DefaultModelProcessor$$FastClassByGuice$$14818334
2209:             1             16  org.apache.maven.model.building.ModelBuildingEventCatapult$1
2210:             1             16  org.apache.maven.model.building.ModelCacheTag$1
2211:             1             16  org.apache.maven.model.building.ModelCacheTag$2
2212:             1             16  org.apache.maven.model.composition.DefaultDependencyManagementImporter
2213:             1             16  org.apache.maven.model.composition.DefaultDependencyManagementImporter$$FastClassByGuice$$16112101
2214:             1             16  org.apache.maven.model.inheritance.DefaultInheritanceAssembler
2215:             1             16  org.apache.maven.model.inheritance.DefaultInheritanceAssembler$$FastClassByGuice$$16940390
2216:             1             16  org.apache.maven.model.inheritance.DefaultInheritanceAssembler$InheritanceModelMerger
2217:             1             16  org.apache.maven.model.interpolation.DefaultModelVersionProcessor
2218:             1             16  org.apache.maven.model.interpolation.DefaultModelVersionProcessor$$FastClassByGuice$$18607181
2219:             1             16  org.apache.maven.model.interpolation.StringVisitorModelInterpolator$$FastClassByGuice$$19697506
2220:             1             16  org.apache.maven.model.io.DefaultModelReader
2221:             1             16  org.apache.maven.model.io.DefaultModelReader$$FastClassByGuice$$20396318
2222:             1             16  org.apache.maven.model.io.DefaultModelWriter$$FastClassByGuice$$21056697
2223:             1             16  org.apache.maven.model.locator.DefaultModelLocator
2224:             1             16  org.apache.maven.model.locator.DefaultModelLocator$$FastClassByGuice$$22712153
2225:             1             16  org.apache.maven.model.management.DefaultDependencyManagementInjector
2226:             1             16  org.apache.maven.model.management.DefaultDependencyManagementInjector$$FastClassByGuice$$23217700
2227:             1             16  org.apache.maven.model.management.DefaultDependencyManagementInjector$ManagementModelMerger
2228:             1             16  org.apache.maven.model.management.DefaultPluginManagementInjector
2229:             1             16  org.apache.maven.model.management.DefaultPluginManagementInjector$$FastClassByGuice$$24863598
2230:             1             16  org.apache.maven.model.management.DefaultPluginManagementInjector$ManagementModelMerger
2231:             1             16  org.apache.maven.model.normalization.DefaultModelNormalizer
2232:             1             16  org.apache.maven.model.normalization.DefaultModelNormalizer$$FastClassByGuice$$26032503
2233:             1             16  org.apache.maven.model.normalization.DefaultModelNormalizer$DuplicateMerger
2234:             1             16  org.apache.maven.model.path.DefaultModelPathTranslator
2235:             1             16  org.apache.maven.model.path.DefaultModelPathTranslator$$FastClassByGuice$$27074634
2236:             1             16  org.apache.maven.model.path.DefaultModelUrlNormalizer
2237:             1             16  org.apache.maven.model.path.DefaultModelUrlNormalizer$$FastClassByGuice$$27621864
2238:             1             16  org.apache.maven.model.path.DefaultPathTranslator
2239:             1             16  org.apache.maven.model.path.DefaultPathTranslator$$FastClassByGuice$$28530681
2240:             1             16  org.apache.maven.model.path.DefaultUrlNormalizer
2241:             1             16  org.apache.maven.model.path.DefaultUrlNormalizer$$FastClassByGuice$$29675528
2242:             1             16  org.apache.maven.model.path.ProfileActivationFilePathInterpolator
2243:             1             16  org.apache.maven.model.path.ProfileActivationFilePathInterpolator$$FastClassByGuice$$31359567
2244:             1             16  org.apache.maven.model.plugin.DefaultLifecycleBindingsInjector$$FastClassByGuice$$156035053
2245:             1             16  org.apache.maven.model.plugin.DefaultLifecycleBindingsInjector$LifecycleBindingsMerger
2246:             1             16  org.apache.maven.model.plugin.DefaultPluginConfigurationExpander
2247:             1             16  org.apache.maven.model.plugin.DefaultPluginConfigurationExpander$$FastClassByGuice$$31953627
2248:             1             16  org.apache.maven.model.plugin.DefaultReportConfigurationExpander
2249:             1             16  org.apache.maven.model.plugin.DefaultReportConfigurationExpander$$FastClassByGuice$$33422222
2250:             1             16  org.apache.maven.model.plugin.DefaultReportingConverter
2251:             1             16  org.apache.maven.model.plugin.DefaultReportingConverter$$FastClassByGuice$$33924750
2252:             1             16  org.apache.maven.model.profile.DefaultProfileActivationContext$$Lambda/0x000078cd0f1f2818
2253:             1             16  org.apache.maven.model.profile.DefaultProfileActivationContext$$Lambda/0x000078cd0f1f2a58
2254:             1             16  org.apache.maven.model.profile.DefaultProfileActivationContext$$Lambda/0x000078cd0f1f2c98
2255:             1             16  org.apache.maven.model.profile.DefaultProfileInjector
2256:             1             16  org.apache.maven.model.profile.DefaultProfileInjector$$FastClassByGuice$$35007680
2257:             1             16  org.apache.maven.model.profile.DefaultProfileInjector$ProfileModelMerger
2258:             1             16  org.apache.maven.model.profile.DefaultProfileSelector
2259:             1             16  org.apache.maven.model.profile.DefaultProfileSelector$$FastClassByGuice$$35920705
2260:             1             16  org.apache.maven.model.profile.activation.FileProfileActivator
2261:             1             16  org.apache.maven.model.profile.activation.FileProfileActivator$$FastClassByGuice$$37193360
2262:             1             16  org.apache.maven.model.profile.activation.JdkVersionProfileActivator
2263:             1             16  org.apache.maven.model.profile.activation.JdkVersionProfileActivator$$FastClassByGuice$$37827324
2264:             1             16  org.apache.maven.model.profile.activation.OperatingSystemProfileActivator
2265:             1             16  org.apache.maven.model.profile.activation.OperatingSystemProfileActivator$$FastClassByGuice$$39557528
2266:             1             16  org.apache.maven.model.profile.activation.PropertyProfileActivator
2267:             1             16  org.apache.maven.model.profile.activation.PropertyProfileActivator$$FastClassByGuice$$40178648
2268:             1             16  org.apache.maven.model.superpom.DefaultSuperPomProvider$$FastClassByGuice$$41574588
2269:             1             16  org.apache.maven.model.validation.DefaultModelValidator$$FastClassByGuice$$42636819
2270:             1             16  org.apache.maven.monitor.logging.DefaultLog
2271:             1             16  org.apache.maven.plugin.CompoundMojoExecutionListener
2272:             1             16  org.apache.maven.plugin.DefaultBuildPluginManager$$FastClassByGuice$$186951002
2273:             1             16  org.apache.maven.plugin.DefaultExtensionRealmCache
2274:             1             16  org.apache.maven.plugin.DefaultExtensionRealmCache$$FastClassByGuice$$180265149
2275:             1             16  org.apache.maven.plugin.DefaultMojosExecutionStrategy
2276:             1             16  org.apache.maven.plugin.DefaultMojosExecutionStrategy$$FastClassByGuice$$128070913
2277:             1             16  org.apache.maven.plugin.DefaultPluginArtifactsCache
2278:             1             16  org.apache.maven.plugin.DefaultPluginArtifactsCache$$FastClassByGuice$$183134401
2279:             1             16  org.apache.maven.plugin.DefaultPluginDescriptorCache
2280:             1             16  org.apache.maven.plugin.DefaultPluginDescriptorCache$$FastClassByGuice$$176741069
2281:             1             16  org.apache.maven.plugin.DefaultPluginRealmCache
2282:             1             16  org.apache.maven.plugin.DefaultPluginRealmCache$$FastClassByGuice$$177354400
2283:             1             16  org.apache.maven.plugin.descriptor.PluginDescriptorBuilder
2284:             1             16  org.apache.maven.plugin.internal.DefaultLegacySupport
2285:             1             16  org.apache.maven.plugin.internal.DefaultLegacySupport$$FastClassByGuice$$166208466
2286:             1             16  org.apache.maven.plugin.internal.DefaultMavenPluginManager$$FastClassByGuice$$175829710
2287:             1             16  org.apache.maven.plugin.internal.DefaultPluginDependenciesResolver$$FastClassByGuice$$834445
2288:             1             16  org.apache.maven.plugin.internal.DefaultPluginValidationManager
2289:             1             16  org.apache.maven.plugin.internal.DefaultPluginValidationManager$$FastClassByGuice$$129208261
2290:             1             16  org.apache.maven.plugin.internal.DefaultPluginValidationManager$$Lambda/0x000078cd0f2101f8
2291:             1             16  org.apache.maven.plugin.internal.DefaultPluginValidationManager$$Lambda/0x000078cd0f210418
2292:             1             16  org.apache.maven.plugin.internal.DefaultPluginValidationManager$$Lambda/0x000078cd0f22d4e8
2293:             1             16  org.apache.maven.plugin.internal.DefaultPluginValidationManager$PluginValidationIssues$$Lambda/0x000078cd0f210658
2294:             1             16  org.apache.maven.plugin.internal.DefaultPluginValidationManager$PluginValidationIssues$$Lambda/0x000078cd0f22d728
2295:             1             16  org.apache.maven.plugin.internal.DefaultPluginValidationManager$PluginValidationIssues$$Lambda/0x000078cd0f22d968
2296:             1             16  org.apache.maven.plugin.internal.DeprecatedCoreExpressionValidator
2297:             1             16  org.apache.maven.plugin.internal.DeprecatedCoreExpressionValidator$$FastClassByGuice$$130508212
2298:             1             16  org.apache.maven.plugin.internal.DeprecatedPluginValidator
2299:             1             16  org.apache.maven.plugin.internal.DeprecatedPluginValidator$$FastClassByGuice$$131443870
2300:             1             16  org.apache.maven.plugin.internal.DeprecatedPluginValidator$$Lambda/0x000078cd0f22dba8
2301:             1             16  org.apache.maven.plugin.internal.DeprecatedPluginValidator$$Lambda/0x000078cd0f22ddf8
2302:             1             16  org.apache.maven.plugin.internal.Maven2DependenciesValidator
2303:             1             16  org.apache.maven.plugin.internal.Maven2DependenciesValidator$$FastClassByGuice$$133135011
2304:             1             16  org.apache.maven.plugin.internal.Maven2DependenciesValidator$$Lambda/0x000078cd0f20f308
2305:             1             16  org.apache.maven.plugin.internal.Maven2DependenciesValidator$$Lambda/0x000078cd0f20f548
2306:             1             16  org.apache.maven.plugin.internal.Maven2DependenciesValidator$$Lambda/0x000078cd0f20f798
2307:             1             16  org.apache.maven.plugin.internal.Maven2DependenciesValidator$$Lambda/0x000078cd0f20f9e8
2308:             1             16  org.apache.maven.plugin.internal.Maven2DependenciesValidator$$Lambda/0x000078cd0f20fc28
2309:             1             16  org.apache.maven.plugin.internal.Maven3CompatDependenciesValidator
2310:             1             16  org.apache.maven.plugin.internal.Maven3CompatDependenciesValidator$$FastClassByGuice$$133510386
2311:             1             16  org.apache.maven.plugin.internal.MavenMixedDependenciesValidator
2312:             1             16  org.apache.maven.plugin.internal.MavenMixedDependenciesValidator$$FastClassByGuice$$134644014
2313:             1             16  org.apache.maven.plugin.internal.MavenMixedDependenciesValidator$$Lambda/0x000078cd0f210898
2314:             1             16  org.apache.maven.plugin.internal.MavenMixedDependenciesValidator$$Lambda/0x000078cd0f210ad8
2315:             1             16  org.apache.maven.plugin.internal.MavenMixedDependenciesValidator$$Lambda/0x000078cd0f210d28
2316:             1             16  org.apache.maven.plugin.internal.MavenMixedDependenciesValidator$$Lambda/0x000078cd0f210f78
2317:             1             16  org.apache.maven.plugin.internal.MavenScopeDependenciesValidator
2318:             1             16  org.apache.maven.plugin.internal.MavenScopeDependenciesValidator$$FastClassByGuice$$135273234
2319:             1             16  org.apache.maven.plugin.internal.MavenScopeDependenciesValidator$$Lambda/0x000078cd0f2111b8
2320:             1             16  org.apache.maven.plugin.internal.MavenScopeDependenciesValidator$$Lambda/0x000078cd0f211408
2321:             1             16  org.apache.maven.plugin.internal.MavenScopeDependenciesValidator$$Lambda/0x000078cd0f211648
2322:             1             16  org.apache.maven.plugin.internal.MavenScopeDependenciesValidator$$Lambda/0x000078cd0f211898
2323:             1             16  org.apache.maven.plugin.internal.MavenScopeDependenciesValidator$$Lambda/0x000078cd0f211ae8
2324:             1             16  org.apache.maven.plugin.internal.MavenScopeDependenciesValidator$$Lambda/0x000078cd0f211d38
2325:             1             16  org.apache.maven.plugin.internal.PlexusContainerDefaultDependenciesValidator
2326:             1             16  org.apache.maven.plugin.internal.PlexusContainerDefaultDependenciesValidator$$FastClassByGuice$$136966112
2327:             1             16  org.apache.maven.plugin.internal.PlexusContainerDefaultDependenciesValidator$$Lambda/0x000078cd0f211f78
2328:             1             16  org.apache.maven.plugin.internal.PlexusContainerDefaultDependenciesValidator$$Lambda/0x000078cd0f2121c8
2329:             1             16  org.apache.maven.plugin.internal.ReadOnlyPluginParametersValidator
2330:             1             16  org.apache.maven.plugin.internal.ReadOnlyPluginParametersValidator$$FastClassByGuice$$137777518
2331:             1             16  org.apache.maven.plugin.internal.ReadOnlyPluginParametersValidator$$Lambda/0x000078cd0f22e4d8
2332:             1             16  org.apache.maven.plugin.prefix.internal.DefaultPluginPrefixResolver$$FastClassByGuice$$187754241
2333:             1             16  org.apache.maven.plugin.version.internal.DefaultPluginVersionResolver$$FastClassByGuice$$180369389
2334:             1             16  org.apache.maven.project.DefaultMavenProjectBuilder$$FastClassByGuice$$203732458
2335:             1             16  org.apache.maven.project.DefaultProjectBuilder$$FastClassByGuice$$154605642
2336:             1             16  org.apache.maven.project.DefaultProjectBuildingHelper$$FastClassByGuice$$157396418
2337:             1             16  org.apache.maven.project.DefaultProjectDependenciesResolver$$FastClassByGuice$$184182227
2338:             1             16  org.apache.maven.project.DefaultProjectRealmCache
2339:             1             16  org.apache.maven.project.DefaultProjectRealmCache$$FastClassByGuice$$159195521
2340:             1             16  org.apache.maven.project.artifact.DefaultMavenMetadataCache
2341:             1             16  org.apache.maven.project.artifact.DefaultMavenMetadataCache$$FastClassByGuice$$172074140
2342:             1             16  org.apache.maven.project.artifact.DefaultMetadataSource$$FastClassByGuice$$168277792
2343:             1             16  org.apache.maven.project.artifact.DefaultProjectArtifactsCache
2344:             1             16  org.apache.maven.project.artifact.DefaultProjectArtifactsCache$$FastClassByGuice$$197166144
2345:             1             16  org.apache.maven.repository.DefaultMirrorSelector
2346:             1             16  org.apache.maven.repository.DefaultMirrorSelector$$FastClassByGuice$$174813888
2347:             1             16  org.apache.maven.repository.internal.ArtifactDescriptorReaderDelegate
2348:             1             16  org.apache.maven.repository.internal.DefaultArtifactDescriptorReader$$FastClassByGuice$$43582183
2349:             1             16  org.apache.maven.repository.internal.DefaultModelCacheFactory
2350:             1             16  org.apache.maven.repository.internal.DefaultModelCacheFactory$$FastClassByGuice$$44973707
2351:             1             16  org.apache.maven.repository.internal.DefaultVersionRangeResolver$$FastClassByGuice$$45155492
2352:             1             16  org.apache.maven.repository.internal.DefaultVersionResolver$$FastClassByGuice$$46427670
2353:             1             16  org.apache.maven.repository.internal.PluginsMetadataGeneratorFactory$$FastClassByGuice$$47873998
2354:             1             16  org.apache.maven.repository.internal.SnapshotMetadataGeneratorFactory$$FastClassByGuice$$48456105
2355:             1             16  org.apache.maven.repository.internal.VersionsMetadataGeneratorFactory$$FastClassByGuice$$49804240
2356:             1             16  org.apache.maven.repository.legacy.DefaultUpdateCheckManager
2357:             1             16  org.apache.maven.repository.legacy.DefaultUpdateCheckManager$$FastClassByGuice$$171571894
2358:             1             16  org.apache.maven.repository.legacy.DefaultWagonManager$$FastClassByGuice$$170017034
2359:             1             16  org.apache.maven.repository.legacy.LegacyRepositorySystem$$FastClassByGuice$$160162585
2360:             1             16  org.apache.maven.repository.legacy.repository.DefaultArtifactRepositoryFactory$$FastClassByGuice$$173666449
2361:             1             16  org.apache.maven.repository.legacy.resolver.conflict.NearestConflictResolver
2362:             1             16  org.apache.maven.repository.legacy.resolver.conflict.NearestConflictResolver$$FastClassByGuice$$164986388
2363:             1             16  org.apache.maven.rtinfo.internal.DefaultRuntimeInformation$$FastClassByGuice$$179196993
2364:             1             16  org.apache.maven.session.scope.internal.SessionScope
2365:             1             16  org.apache.maven.session.scope.internal.SessionScope$$Lambda/0x000078cd0f124a30
2366:             1             16  org.apache.maven.session.scope.internal.SessionScope$$Lambda/0x000078cd0f1ed2e8
2367:             1             16  org.apache.maven.session.scope.internal.SessionScope$ScopeState
2368:             1             16  org.apache.maven.settings.RuntimeInfo
2369:             1             16  org.apache.maven.settings.building.DefaultSettingsBuilder$$FastClassByGuice$$57114526
2370:             1             16  org.apache.maven.settings.crypto.DefaultSettingsDecrypter
2371:             1             16  org.apache.maven.settings.crypto.DefaultSettingsDecrypter$$FastClassByGuice$$58160553
2372:             1             16  org.apache.maven.settings.io.DefaultSettingsReader
2373:             1             16  org.apache.maven.settings.io.DefaultSettingsReader$$FastClassByGuice$$59470642
2374:             1             16  org.apache.maven.settings.io.DefaultSettingsWriter
2375:             1             16  org.apache.maven.settings.io.DefaultSettingsWriter$$FastClassByGuice$$60804766
2376:             1             16  org.apache.maven.settings.merge.MavenSettingsMerger
2377:             1             16  org.apache.maven.settings.validation.DefaultSettingsValidator
2378:             1             16  org.apache.maven.settings.validation.DefaultSettingsValidator$$FastClassByGuice$$61833616
2379:             1             16  org.apache.maven.toolchain.building.DefaultToolchainsBuilder$$FastClassByGuice$$139268083
2380:             1             16  org.apache.maven.toolchain.io.DefaultToolchainsReader
2381:             1             16  org.apache.maven.toolchain.io.DefaultToolchainsReader$$FastClassByGuice$$139505820
2382:             1             16  org.apache.maven.toolchain.io.DefaultToolchainsWriter
2383:             1             16  org.apache.maven.toolchain.io.DefaultToolchainsWriter$$FastClassByGuice$$140593420
2384:             1             16  org.apache.maven.toolchain.merge.MavenToolchainMerger
2385:             1             16  org.apache.maven.utils.Os$$Lambda/0x000078cd0f21b7d0
2386:             1             16  org.codehaus.mojo.exec.ExecJavaMojo$$FastClassByGuice$$203068622
2387:             1             16  org.codehaus.mojo.exec.ExecJavaMojo$1
2388:             1             16  org.codehaus.plexus.DefaultPlexusContainer$$FastClassByGuice$$152417895
2389:             1             16  org.codehaus.plexus.DefaultPlexusContainer$ContainerModule
2390:             1             16  org.codehaus.plexus.DefaultPlexusContainer$LoggerManagerProvider
2391:             1             16  org.codehaus.plexus.DefaultPlexusContainer$LoggerProvider
2392:             1             16  org.codehaus.plexus.DefaultPlexusContainer$SLF4JLoggerFactoryProvider
2393:             1             16  org.codehaus.plexus.classworlds.launcher.Configurator$$Lambda/0x000078cd0f003158
2394:             1             16  org.codehaus.plexus.component.configurator.BasicComponentConfigurator$$FastClassByGuice$$145330710
2395:             1             16  org.codehaus.plexus.component.configurator.MapOrientedComponentConfigurator$$FastClassByGuice$$146527308
2396:             1             16  org.codehaus.plexus.component.configurator.converters.basic.BooleanConverter
2397:             1             16  org.codehaus.plexus.component.configurator.converters.basic.ByteConverter
2398:             1             16  org.codehaus.plexus.component.configurator.converters.basic.CharConverter
2399:             1             16  org.codehaus.plexus.component.configurator.converters.basic.DateConverter
2400:             1             16  org.codehaus.plexus.component.configurator.converters.basic.DoubleConverter
2401:             1             16  org.codehaus.plexus.component.configurator.converters.basic.EnumConverter
2402:             1             16  org.codehaus.plexus.component.configurator.converters.basic.FileConverter
2403:             1             16  org.codehaus.plexus.component.configurator.converters.basic.FloatConverter
2404:             1             16  org.codehaus.plexus.component.configurator.converters.basic.IntConverter
2405:             1             16  org.codehaus.plexus.component.configurator.converters.basic.LongConverter
2406:             1             16  org.codehaus.plexus.component.configurator.converters.basic.PathConverter
2407:             1             16  org.codehaus.plexus.component.configurator.converters.basic.ShortConverter
2408:             1             16  org.codehaus.plexus.component.configurator.converters.basic.StringBufferConverter
2409:             1             16  org.codehaus.plexus.component.configurator.converters.basic.StringBuilderConverter
2410:             1             16  org.codehaus.plexus.component.configurator.converters.basic.StringConverter
2411:             1             16  org.codehaus.plexus.component.configurator.converters.basic.TemporalConverter
2412:             1             16  org.codehaus.plexus.component.configurator.converters.basic.UriConverter
2413:             1             16  org.codehaus.plexus.component.configurator.converters.basic.UrlConverter
2414:             1             16  org.codehaus.plexus.component.configurator.converters.composite.ArrayConverter
2415:             1             16  org.codehaus.plexus.component.configurator.converters.composite.CollectionConverter
2416:             1             16  org.codehaus.plexus.component.configurator.converters.composite.MapConverter
2417:             1             16  org.codehaus.plexus.component.configurator.converters.composite.ObjectWithFieldsConverter
2418:             1             16  org.codehaus.plexus.component.configurator.converters.composite.PlexusConfigurationConverter
2419:             1             16  org.codehaus.plexus.component.configurator.converters.composite.PropertiesConverter
2420:             1             16  org.codehaus.plexus.component.configurator.converters.special.ClassRealmConverter
2421:             1             16  org.codehaus.plexus.component.configurator.expression.DefaultExpressionEvaluator
2422:             1             16  org.codehaus.plexus.context.ContextMapAdapter
2423:             1             16  org.codehaus.plexus.context.DefaultContext
2424:             1             16  org.codehaus.plexus.interpolation.os.OperatingSystemUtils$DefaultEnvVarSource
2425:             1             16  org.codehaus.plexus.interpolation.reflection.ClassMap$CacheMiss
2426:             1             16  org.codehaus.plexus.util.introspection.ClassMap$CacheMiss
2427:             1             16  org.eclipse.aether.DefaultRepositoryCache
2428:             1             16  org.eclipse.aether.DefaultRepositorySystemSession$NullArtifactTypeRegistry
2429:             1             16  org.eclipse.aether.DefaultRepositorySystemSession$NullAuthenticationSelector
2430:             1             16  org.eclipse.aether.DefaultRepositorySystemSession$NullFileTransformerManager
2431:             1             16  org.eclipse.aether.DefaultRepositorySystemSession$NullMirrorSelector
2432:             1             16  org.eclipse.aether.DefaultRepositorySystemSession$NullProxySelector
2433:             1             16  org.eclipse.aether.DefaultSessionData
2434:             1             16  org.eclipse.aether.connector.basic.BasicRepositoryConnectorFactory$$FastClassByGuice$$147613598
2435:             1             16  org.eclipse.aether.internal.impl.DefaultArtifactResolver$$FastClassByGuice$$67098923
2436:             1             16  org.eclipse.aether.internal.impl.DefaultChecksumPolicyProvider
2437:             1             16  org.eclipse.aether.internal.impl.DefaultChecksumPolicyProvider$$FastClassByGuice$$67613079
2438:             1             16  org.eclipse.aether.internal.impl.DefaultDeployer$$FastClassByGuice$$69170854
2439:             1             16  org.eclipse.aether.internal.impl.DefaultFileProcessor
2440:             1             16  org.eclipse.aether.internal.impl.DefaultFileProcessor$$FastClassByGuice$$70048816
2441:             1             16  org.eclipse.aether.internal.impl.DefaultInstaller$$FastClassByGuice$$70955112
2442:             1             16  org.eclipse.aether.internal.impl.DefaultLocalPathComposer
2443:             1             16  org.eclipse.aether.internal.impl.DefaultLocalPathComposer$$FastClassByGuice$$71839539
2444:             1             16  org.eclipse.aether.internal.impl.DefaultLocalPathPrefixComposerFactory
2445:             1             16  org.eclipse.aether.internal.impl.DefaultLocalPathPrefixComposerFactory$$FastClassByGuice$$73253224
2446:             1             16  org.eclipse.aether.internal.impl.DefaultLocalRepositoryProvider
2447:             1             16  org.eclipse.aether.internal.impl.DefaultLocalRepositoryProvider$$FastClassByGuice$$74056409
2448:             1             16  org.eclipse.aether.internal.impl.DefaultMetadataResolver$$FastClassByGuice$$74689022
2449:             1             16  org.eclipse.aether.internal.impl.DefaultOfflineController
2450:             1             16  org.eclipse.aether.internal.impl.DefaultOfflineController$$FastClassByGuice$$75570432
2451:             1             16  org.eclipse.aether.internal.impl.DefaultRemoteRepositoryManager$$FastClassByGuice$$77109011
2452:             1             16  org.eclipse.aether.internal.impl.DefaultRepositoryConnectorProvider$$FastClassByGuice$$78097452
2453:             1             16  org.eclipse.aether.internal.impl.DefaultRepositoryEventDispatcher
2454:             1             16  org.eclipse.aether.internal.impl.DefaultRepositoryEventDispatcher$$FastClassByGuice$$78735018
2455:             1             16  org.eclipse.aether.internal.impl.DefaultRepositoryLayoutProvider
2456:             1             16  org.eclipse.aether.internal.impl.DefaultRepositoryLayoutProvider$$FastClassByGuice$$80005859
2457:             1             16  org.eclipse.aether.internal.impl.DefaultRepositorySystem$$FastClassByGuice$$80877561
2458:             1             16  org.eclipse.aether.internal.impl.DefaultRepositorySystemLifecycle$$FastClassByGuice$$82060469
2459:             1             16  org.eclipse.aether.internal.impl.DefaultTrackingFileManager
2460:             1             16  org.eclipse.aether.internal.impl.DefaultTrackingFileManager$$FastClassByGuice$$83749585
2461:             1             16  org.eclipse.aether.internal.impl.DefaultTransporterProvider$$FastClassByGuice$$84815261
2462:             1             16  org.eclipse.aether.internal.impl.DefaultUpdateCheckManager$$FastClassByGuice$$85115094
2463:             1             16  org.eclipse.aether.internal.impl.DefaultUpdateCheckManager$1
2464:             1             16  org.eclipse.aether.internal.impl.DefaultUpdatePolicyAnalyzer
2465:             1             16  org.eclipse.aether.internal.impl.DefaultUpdatePolicyAnalyzer$$FastClassByGuice$$86467329
2466:             1             16  org.eclipse.aether.internal.impl.EnhancedLocalRepositoryManagerFactory$$FastClassByGuice$$87668915
2467:             1             16  org.eclipse.aether.internal.impl.LoggerFactoryProvider$$FastClassByGuice$$88160395
2468:             1             16  org.eclipse.aether.internal.impl.Maven2RepositoryLayoutFactory$$FastClassByGuice$$89136711
2469:             1             16  org.eclipse.aether.internal.impl.SimpleLocalRepositoryManagerFactory$$FastClassByGuice$$90644331
2470:             1             16  org.eclipse.aether.internal.impl.checksum.DefaultChecksumAlgorithmFactorySelector
2471:             1             16  org.eclipse.aether.internal.impl.checksum.DefaultChecksumAlgorithmFactorySelector$$FastClassByGuice$$92000407
2472:             1             16  org.eclipse.aether.internal.impl.checksum.Md5ChecksumAlgorithmFactory$$FastClassByGuice$$93112011
2473:             1             16  org.eclipse.aether.internal.impl.checksum.Sha1ChecksumAlgorithmFactory$$FastClassByGuice$$93768265
2474:             1             16  org.eclipse.aether.internal.impl.checksum.Sha256ChecksumAlgorithmFactory$$FastClassByGuice$$94933895
2475:             1             16  org.eclipse.aether.internal.impl.checksum.Sha512ChecksumAlgorithmFactory$$FastClassByGuice$$96110018
2476:             1             16  org.eclipse.aether.internal.impl.checksum.SparseDirectoryTrustedChecksumsSource$$FastClassByGuice$$96883793
2477:             1             16  org.eclipse.aether.internal.impl.checksum.SummaryFileTrustedChecksumsSource$$FastClassByGuice$$98495632
2478:             1             16  org.eclipse.aether.internal.impl.checksum.TrustedToProvidedChecksumsSourceAdapter$$FastClassByGuice$$98833368
2479:             1             16  org.eclipse.aether.internal.impl.collect.DefaultDependencyCollector
2480:             1             16  org.eclipse.aether.internal.impl.collect.DefaultDependencyCollector$$FastClassByGuice$$100091026
2481:             1             16  org.eclipse.aether.internal.impl.collect.bf.BfDependencyCollector$$FastClassByGuice$$100753028
2482:             1             16  org.eclipse.aether.internal.impl.collect.df.DfDependencyCollector$$FastClassByGuice$$102590105
2483:             1             16  org.eclipse.aether.internal.impl.filter.DefaultRemoteRepositoryFilterManager
2484:             1             16  org.eclipse.aether.internal.impl.filter.DefaultRemoteRepositoryFilterManager$$FastClassByGuice$$103370323
2485:             1             16  org.eclipse.aether.internal.impl.filter.GroupIdRemoteRepositoryFilterSource$$FastClassByGuice$$104360217
2486:             1             16  org.eclipse.aether.internal.impl.filter.PrefixesRemoteRepositoryFilterSource$$FastClassByGuice$$105544623
2487:             1             16  org.eclipse.aether.internal.impl.resolution.TrustedChecksumsArtifactResolverPostProcessor$$FastClassByGuice$$105928678
2488:             1             16  org.eclipse.aether.internal.impl.slf4j.Slf4jLoggerFactory$$FastClassByGuice$$107068636
2489:             1             16  org.eclipse.aether.internal.impl.synccontext.DefaultSyncContextFactory
2490:             1             16  org.eclipse.aether.internal.impl.synccontext.DefaultSyncContextFactory$$FastClassByGuice$$108466878
2491:             1             16  org.eclipse.aether.internal.impl.synccontext.legacy.DefaultSyncContextFactory$$FastClassByGuice$$109943916
2492:             1             16  org.eclipse.aether.internal.impl.synccontext.named.NamedLockFactoryAdapterFactoryImpl$$FastClassByGuice$$110522534
2493:             1             16  org.eclipse.aether.internal.impl.synccontext.named.NamedLockFactoryAdapterFactoryImpl$$Lambda/0x000078cd0f1d9ba0
2494:             1             16  org.eclipse.aether.internal.impl.synccontext.named.providers.DiscriminatingNameMapperProvider$$FastClassByGuice$$112099809
2495:             1             16  org.eclipse.aether.internal.impl.synccontext.named.providers.FileGAVNameMapperProvider$$FastClassByGuice$$112682240
2496:             1             16  org.eclipse.aether.internal.impl.synccontext.named.providers.FileHashingGAVNameMapperProvider$$FastClassByGuice$$113503342
2497:             1             16  org.eclipse.aether.internal.impl.synccontext.named.providers.FileStaticNameMapperProvider$$FastClassByGuice$$114333705
2498:             1             16  org.eclipse.aether.internal.impl.synccontext.named.providers.GAVNameMapperProvider
2499:             1             16  org.eclipse.aether.internal.impl.synccontext.named.providers.GAVNameMapperProvider$$FastClassByGuice$$115564722
2500:             1             16  org.eclipse.aether.internal.impl.synccontext.named.providers.StaticNameMapperProvider$$FastClassByGuice$$117435431
2501:             1             16  org.eclipse.aether.internal.transport.wagon.PlexusWagonConfigurator$$FastClassByGuice$$54189853
2502:             1             16  org.eclipse.aether.internal.transport.wagon.PlexusWagonProvider$$FastClassByGuice$$54527294
2503:             1             16  org.eclipse.aether.named.providers.FileLockNamedLockFactory$$FastClassByGuice$$62228898
2504:             1             16  org.eclipse.aether.named.providers.LocalReadWriteLockNamedLockFactory$$FastClassByGuice$$63010546
2505:             1             16  org.eclipse.aether.named.providers.LocalSemaphoreNamedLockFactory$$FastClassByGuice$$64703231
2506:             1             16  org.eclipse.aether.named.providers.NoopNamedLockFactory$$FastClassByGuice$$65460724
2507:             1             16  org.eclipse.aether.named.support.ReadWriteLockNamedLock$$Lambda/0x000078cd0f202c60
2508:             1             16  org.eclipse.aether.transport.file.FileTransporterFactory$$FastClassByGuice$$117704197
2509:             1             16  org.eclipse.aether.transport.http.HttpTransporterFactory$$FastClassByGuice$$142376715
2510:             1             16  org.eclipse.aether.transport.http.Nexus2ChecksumExtractor$$FastClassByGuice$$142615999
2511:             1             16  org.eclipse.aether.transport.http.XChecksumChecksumExtractor$$FastClassByGuice$$144677615
2512:             1             16  org.eclipse.aether.transport.wagon.WagonTransporterFactory$$FastClassByGuice$$56052517
2513:             1             16  org.eclipse.aether.util.graph.selector.ExclusionDependencySelector$ExclusionComparator
2514:             1             16  org.eclipse.aether.util.graph.selector.OptionalDependencySelector
2515:             1             16  org.eclipse.aether.util.graph.transformer.ChainedDependencyGraphTransformer
2516:             1             16  org.eclipse.aether.util.graph.transformer.JavaDependencyContextRefiner
2517:             1             16  org.eclipse.aether.util.graph.transformer.JavaScopeDeriver
2518:             1             16  org.eclipse.aether.util.graph.transformer.JavaScopeSelector
2519:             1             16  org.eclipse.aether.util.graph.transformer.NearestVersionSelector
2520:             1             16  org.eclipse.aether.util.graph.transformer.SimpleOptionalitySelector
2521:             1             16  org.eclipse.aether.util.graph.traverser.FatArtifactTraverser
2522:             1             16  org.eclipse.aether.util.repository.DefaultAuthenticationSelector
2523:             1             16  org.eclipse.aether.util.repository.DefaultMirrorSelector
2524:             1             16  org.eclipse.aether.util.repository.DefaultProxySelector
2525:             1             16  org.eclipse.aether.util.repository.SimpleArtifactDescriptorPolicy
2526:             1             16  org.eclipse.sisu.bean.BeanScheduler$1
2527:             1             16  org.eclipse.sisu.bean.BeanScheduler$CycleActivator
2528:             1             16  org.eclipse.sisu.bean.BeanScheduler$CycleActivator$1
2529:             1             16  org.eclipse.sisu.bean.PropertyBinder$1
2530:             1             16  org.eclipse.sisu.inject.HiddenSource
2531:             1             16  org.eclipse.sisu.inject.Implementations$ClassFinder
2532:             1             16  org.eclipse.sisu.inject.Implementations$ProviderFinder
2533:             1             16  org.eclipse.sisu.inject.ImplicitBindings
2534:             1             16  org.eclipse.sisu.inject.Logs$SLF4JSink
2535:             1             16  org.eclipse.sisu.plexus.ComponentDescriptorBeanModule$PlexusDescriptorBeanSource
2536:             1             16  org.eclipse.sisu.plexus.PlexusAnnotatedBeanModule$1
2537:             1             16  org.eclipse.sisu.plexus.PlexusXmlBeanConverter
2538:             1             16  org.eclipse.sisu.space.SpaceModule$Strategy$1
2539:             1             16  org.eclipse.sisu.space.SpaceModule$Strategy$2
2540:             1             16  org.eclipse.sisu.wire.BeanProviders
2541:             1             16  org.eclipse.sisu.wire.FileTypeConverter
2542:             1             16  org.eclipse.sisu.wire.PathTypeConverter
2543:             1             16  org.eclipse.sisu.wire.TypeConverterCache$$FastClassByGuice$$151580112
2544:             1             16  org.eclipse.sisu.wire.URLTypeConverter
2545:             1             16  org.eclipse.sisu.wire.WireModule$Strategy$1
2546:             1             16  org.fusesource.jansi.Ansi$$Lambda/0x000078cd0f00ac88
2547:             1             16  org.fusesource.jansi.Ansi$1
2548:             1             16  org.fusesource.jansi.internal.JansiLoader$$Lambda/0x000078cd0f00c410
2549:             1             16  org.glassfish.grizzly.attributes.IndexedAttributeHolder$IndexedAttributeAccessorImpl
2550:             1             16  org.glassfish.grizzly.filterchain.DefaultFilterChain$FiltersStateFactory
2551:             1             16  org.glassfish.grizzly.filterchain.FilterChainBuilder$StatelessFilterChainBuilder
2552:             1             16  org.glassfish.grizzly.filterchain.TransportFilter
2553:             1             16  org.glassfish.grizzly.http.ChunkedTransferEncoding
2554:             1             16  org.glassfish.grizzly.http.FixedLengthTransferEncoding
2555:             1             16  org.glassfish.grizzly.http.HttpServerFilter$1
2556:             1             16  org.glassfish.grizzly.http.server.DefaultErrorPageGenerator
2557:             1             16  org.glassfish.grizzly.http.server.FileCacheFilter
2558:             1             16  org.glassfish.grizzly.http.server.HttpHandlerChain$DispatchHelperImpl
2559:             1             16  org.glassfish.grizzly.http.server.HttpHandlerChain$EmptyPathUpdater
2560:             1             16  org.glassfish.grizzly.http.server.HttpHandlerChain$FullUrlPathResolver
2561:             1             16  org.glassfish.grizzly.http.server.HttpHandlerChain$SlashPathUpdater
2562:             1             16  org.glassfish.grizzly.http.server.HttpHandlerChain$SlashStarPathUpdater
2563:             1             16  org.glassfish.grizzly.http.server.NetworkListener$1
2564:             1             16  org.glassfish.grizzly.http.server.RequestExecutorProvider$WorkerThreadProvider
2565:             1             16  org.glassfish.grizzly.http.server.Response$DelayQueueResolver
2566:             1             16  org.glassfish.grizzly.http.server.Response$DelayQueueWorker
2567:             1             16  org.glassfish.grizzly.http.server.filecache.FileCache$EntryResolver
2568:             1             16  org.glassfish.grizzly.http.server.filecache.FileCache$EntryWorker
2569:             1             16  org.glassfish.grizzly.nio.DefaultSelectionKeyHandler
2570:             1             16  org.glassfish.grizzly.nio.NIOConnection$1
2571:             1             16  org.glassfish.grizzly.nio.NIOConnection$7
2572:             1             16  org.glassfish.grizzly.nio.NIOConnection$8
2573:             1             16  org.glassfish.grizzly.nio.transport.TCPNIOConnectorHandler$InstantConnectHandler
2574:             1             16  org.glassfish.grizzly.nio.transport.TCPNIOServerConnection$1
2575:             1             16  org.glassfish.grizzly.nio.transport.TCPNIOTemporarySelectorReader
2576:             1             16  org.glassfish.grizzly.nio.transport.TCPNIOTemporarySelectorWriter
2577:             1             16  org.glassfish.grizzly.nio.transport.TCPNIOTransport$RegisterChannelCompletionHandler
2578:             1             16  org.glassfish.grizzly.nio.transport.TCPNIOTransportFilter
2579:             1             16  org.glassfish.grizzly.strategies.AbstractIOStrategy$EnableInterestLifeCycleListener
2580:             1             16  org.glassfish.grizzly.strategies.SameThreadIOStrategy
2581:             1             16  org.glassfish.grizzly.strategies.SameThreadIOStrategy$InterestLifeCycleListenerWhenIoDisabled
2582:             1             16  org.glassfish.grizzly.strategies.SameThreadIOStrategy$InterestLifeCycleListenerWhenIoEnabled
2583:             1             16  org.glassfish.grizzly.strategies.WorkerThreadIOStrategy
2584:             1             16  org.glassfish.grizzly.threadpool.AbstractThreadPool$1
2585:             1             16  org.glassfish.grizzly.threadpool.AbstractThreadPool$2
2586:             1             16  org.glassfish.grizzly.utils.Charsets$DecoderResolver
2587:             1             16  org.glassfish.grizzly.utils.Charsets$EncoderResolver
2588:             1             16  org.glassfish.grizzly.utils.CompletionHandlerAdapter$1
2589:             1             16  org.glassfish.grizzly.utils.ConcurrentHashMapV8$1
2590:             1             16  org.glassfish.grizzly.utils.DelayedExecutor$DelayedRunnable
2591:             1             16  org.glassfish.grizzly.utils.Holder$1
2592:             1             16  org.glassfish.grizzly.utils.IdleTimeoutFilter$1
2593:             1             16  org.glassfish.grizzly.utils.IdleTimeoutFilter$ContextCompletionListener
2594:             1             16  org.glassfish.grizzly.utils.IdleTimeoutFilter$DefaultWorker
2595:             1             16  org.glassfish.grizzly.utils.IdleTimeoutFilter$Resolver
2596:             1             16  org.glassfish.grizzly.utils.ThreadLocalRandom$1
2597:             1             16  org.glassfish.hk2.utilities.cache.Cache$1
2598:             1             16  org.glassfish.hk2.utilities.cache.LRUHybridCache$1
2599:             1             16  org.glassfish.hk2.utilities.cache.LRUHybridCache$CacheEntryImplComparator
2600:             1             16  org.glassfish.hk2.utilities.reflection.Logger
2601:             1             16  org.glassfish.jersey.grizzly2.httpserver.GrizzlyHttpContainer$3
2602:             1             16  org.glassfish.jersey.internal.ExceptionMapperFactory
2603:             1             16  org.glassfish.jersey.internal.JerseyErrorService
2604:             1             16  org.glassfish.jersey.internal.ServiceFinder$DefaultServiceIteratorProvider
2605:             1             16  org.glassfish.jersey.internal.inject.ContextInjectionResolver$1
2606:             1             16  org.glassfish.jersey.internal.util.ReflectionHelper$1
2607:             1             16  org.glassfish.jersey.internal.util.ReflectionHelper$13
2608:             1             16  org.glassfish.jersey.internal.util.collection.Refs$DefaultRefImpl
2609:             1             16  org.glassfish.jersey.internal.util.collection.Values$1
2610:             1             16  org.glassfish.jersey.internal.util.collection.Values$2
2611:             1             16  org.glassfish.jersey.internal.util.collection.Values$InstanceValue
2612:             1             16  org.glassfish.jersey.jackson.JacksonFeature
2613:             1             16  org.glassfish.jersey.message.internal.AcceptableMediaType$1
2614:             1             16  org.glassfish.jersey.message.internal.BasicTypesMessageProvider
2615:             1             16  org.glassfish.jersey.message.internal.ByteArrayProvider
2616:             1             16  org.glassfish.jersey.message.internal.CacheControlProvider
2617:             1             16  org.glassfish.jersey.message.internal.CookieProvider
2618:             1             16  org.glassfish.jersey.message.internal.DateProvider
2619:             1             16  org.glassfish.jersey.message.internal.EntityTagProvider
2620:             1             16  org.glassfish.jersey.message.internal.FileProvider
2621:             1             16  org.glassfish.jersey.message.internal.FormMultivaluedMapProvider
2622:             1             16  org.glassfish.jersey.message.internal.FormProvider
2623:             1             16  org.glassfish.jersey.message.internal.HttpHeaderReader$1
2624:             1             16  org.glassfish.jersey.message.internal.HttpHeaderReader$2
2625:             1             16  org.glassfish.jersey.message.internal.HttpHeaderReader$3
2626:             1             16  org.glassfish.jersey.message.internal.HttpHeaderReader$4
2627:             1             16  org.glassfish.jersey.message.internal.HttpHeaderReader$6
2628:             1             16  org.glassfish.jersey.message.internal.HttpHeaderReader$7
2629:             1             16  org.glassfish.jersey.message.internal.InputStreamProvider
2630:             1             16  org.glassfish.jersey.message.internal.LinkProvider
2631:             1             16  org.glassfish.jersey.message.internal.LocaleProvider
2632:             1             16  org.glassfish.jersey.message.internal.MediaTypeProvider
2633:             1             16  org.glassfish.jersey.message.internal.MediaTypes$1
2634:             1             16  org.glassfish.jersey.message.internal.MediaTypes$2
2635:             1             16  org.glassfish.jersey.message.internal.MediaTypes$4
2636:             1             16  org.glassfish.jersey.message.internal.MessageBodyFactory$1
2637:             1             16  org.glassfish.jersey.message.internal.MessageBodyFactory$2
2638:             1             16  org.glassfish.jersey.message.internal.MessageBodyFactory$3
2639:             1             16  org.glassfish.jersey.message.internal.MessageBodyFactory$4
2640:             1             16  org.glassfish.jersey.message.internal.NewCookieProvider
2641:             1             16  org.glassfish.jersey.message.internal.QualitySourceMediaType$1
2642:             1             16  org.glassfish.jersey.message.internal.ReaderProvider
2643:             1             16  org.glassfish.jersey.message.internal.RenderedImageProvider
2644:             1             16  org.glassfish.jersey.message.internal.SourceProvider$DomSourceReader
2645:             1             16  org.glassfish.jersey.message.internal.SourceProvider$SaxSourceReader
2646:             1             16  org.glassfish.jersey.message.internal.SourceProvider$StreamSourceReader
2647:             1             16  org.glassfish.jersey.message.internal.StreamingOutputProvider
2648:             1             16  org.glassfish.jersey.message.internal.StringHeaderProvider
2649:             1             16  org.glassfish.jersey.message.internal.StringMessageProvider
2650:             1             16  org.glassfish.jersey.message.internal.TracingLogger$1
2651:             1             16  org.glassfish.jersey.message.internal.UriProvider
2652:             1             16  org.glassfish.jersey.model.internal.CommonConfig$1
2653:             1             16  org.glassfish.jersey.model.internal.ComponentBag$1
2654:             1             16  org.glassfish.jersey.model.internal.ComponentBag$2
2655:             1             16  org.glassfish.jersey.model.internal.ComponentBag$3
2656:             1             16  org.glassfish.jersey.model.internal.ComponentBag$4
2657:             1             16  org.glassfish.jersey.process.internal.RequestExecutorFactory$1
2658:             1             16  org.glassfish.jersey.process.internal.Stages$1
2659:             1             16  org.glassfish.jersey.server.ApplicationHandler$1
2660:             1             16  org.glassfish.jersey.server.ApplicationHandler$ApplicationBinder$JaxrsApplicationProvider
2661:             1             16  org.glassfish.jersey.server.ApplicationHandler$ApplicationBinder$RuntimeConfigProvider
2662:             1             16  org.glassfish.jersey.server.ChunkedResponseWriter
2663:             1             16  org.glassfish.jersey.server.ServerRuntime$1
2664:             1             16  org.glassfish.jersey.server.internal.ConfigHelper$2
2665:             1             16  org.glassfish.jersey.server.internal.ConfigHelper$ServiceLocatorShutdownListener
2666:             1             16  org.glassfish.jersey.server.internal.JsonWithPaddingInterceptor
2667:             1             16  org.glassfish.jersey.server.internal.MappableExceptionWrapperInterceptor
2668:             1             16  org.glassfish.jersey.server.internal.RuntimeExecutorsBinder$BackgroundSchedulerFactory
2669:             1             16  org.glassfish.jersey.server.internal.RuntimeExecutorsBinder$BackgroundSchedulerFactory$1
2670:             1             16  org.glassfish.jersey.server.internal.RuntimeExecutorsBinder$BackgroundSchedulerFactory$2
2671:             1             16  org.glassfish.jersey.server.internal.inject.AsyncResponseValueFactoryProvider
2672:             1             16  org.glassfish.jersey.server.internal.inject.DelegatedInjectionValueFactoryProvider
2673:             1             16  org.glassfish.jersey.server.internal.inject.DelegatedInjectionValueFactoryProvider$2
2674:             1             16  org.glassfish.jersey.server.internal.inject.MultivaluedParameterExtractorFactory
2675:             1             16  org.glassfish.jersey.server.internal.inject.ParamConverterFactory
2676:             1             16  org.glassfish.jersey.server.internal.inject.ParamConverters$AggregatedProvider
2677:             1             16  org.glassfish.jersey.server.internal.inject.ParamConverters$CharacterProvider
2678:             1             16  org.glassfish.jersey.server.internal.inject.ParamConverters$DateProvider
2679:             1             16  org.glassfish.jersey.server.internal.inject.ParamConverters$StringConstructor
2680:             1             16  org.glassfish.jersey.server.internal.inject.ParamConverters$TypeFromString
2681:             1             16  org.glassfish.jersey.server.internal.inject.ParamConverters$TypeFromStringEnum
2682:             1             16  org.glassfish.jersey.server.internal.inject.ParamConverters$TypeValueOf
2683:             1             16  org.glassfish.jersey.server.internal.process.ServerManagedAsyncExecutorFactory$1
2684:             1             16  org.glassfish.jersey.server.internal.routing.MatchResultInitializerRouter
2685:             1             16  org.glassfish.jersey.server.internal.routing.MatchedEndpointExtractorStage
2686:             1             16  org.glassfish.jersey.server.internal.routing.MethodSelectingRouter$1
2687:             1             16  org.glassfish.jersey.server.internal.routing.PushMatchedUriRouter
2688:             1             16  org.glassfish.jersey.server.internal.routing.Routers$1
2689:             1             16  org.glassfish.jersey.server.internal.scanning.BundleSchemeResourceFinderFactory
2690:             1             16  org.glassfish.jersey.server.internal.scanning.FileSchemeResourceFinderFactory
2691:             1             16  org.glassfish.jersey.server.internal.scanning.JarZipSchemeResourceFinderFactory
2692:             1             16  org.glassfish.jersey.server.internal.scanning.PackageNamesScanner$ResourcesProvider$1
2693:             1             16  org.glassfish.jersey.server.internal.scanning.VfsSchemeResourceFinderFactory
2694:             1             16  org.glassfish.jersey.server.model.Parameter$1
2695:             1             16  org.glassfish.jersey.server.model.Parameter$10
2696:             1             16  org.glassfish.jersey.server.model.Parameter$2
2697:             1             16  org.glassfish.jersey.server.model.Parameter$3
2698:             1             16  org.glassfish.jersey.server.model.Parameter$4
2699:             1             16  org.glassfish.jersey.server.model.Parameter$5
2700:             1             16  org.glassfish.jersey.server.model.Parameter$6
2701:             1             16  org.glassfish.jersey.server.model.Parameter$7
2702:             1             16  org.glassfish.jersey.server.model.Parameter$8
2703:             1             16  org.glassfish.jersey.server.model.Parameter$9
2704:             1             16  org.glassfish.jersey.server.model.ResourceModel$1
2705:             1             16  org.glassfish.jersey.server.model.RuntimeResource$1
2706:             1             16  org.glassfish.jersey.server.model.RuntimeResourceModel
2707:             1             16  org.glassfish.jersey.server.model.internal.ResourceMethodInvocationHandlerFactory$1
2708:             1             16  org.glassfish.jersey.server.wadl.WadlFeature
2709:             1             16  org.glassfish.jersey.server.wadl.processor.WadlModelProcessor
2710:             1             16  org.glassfish.jersey.uri.PathPattern$1
2711:             1             16  org.glassfish.jersey.uri.PatternWithGroups$EmptyStringMatchResult
2712:             1             16  org.glassfish.jersey.uri.UriTemplate$1
2713:             1             16  org.jvnet.hk2.external.generator.ServiceLocatorGeneratorImpl
2714:             1             16  org.jvnet.hk2.internal.ServiceHandleComparator
2715:             1             16  org.jvnet.hk2.internal.Utilities$4
2716:             1             16  org.slf4j.helpers.NOPLoggerFactory
2717:             1             16  org.slf4j.impl.MavenSimpleLoggerFactory
2718:             1             16  org.slf4j.impl.StaticLoggerBinder
2719:             1             16  org.sonatype.plexus.components.cipher.DefaultPlexusCipher
2720:             1             16  org.sonatype.plexus.components.cipher.DefaultPlexusCipher$$FastClassByGuice$$52645751
2721:             1             16  org.sonatype.plexus.components.cipher.PBECipher
2722:             1             16  org.sonatype.plexus.components.sec.dispatcher.DefaultSecDispatcher$$FastClassByGuice$$148676857
2723:             1             16  sun.misc.Unsafe (jdk.unsupported@23)
2724:             1             16  sun.net.www.protocol.file.Handler (java.base@23)
2725:             1             16  sun.net.www.protocol.jar.JarFileFactory (java.base@23)
2726:             1             16  sun.net.www.protocol.jrt.Handler (java.base@23)
2727:             1             16  sun.nio.ch.DefaultSelectorProvider$$Lambda/0x000078cd0f0f2df0 (java.base@23)
2728:             1             16  sun.nio.ch.EPollSelectorProvider (java.base@23)
2729:             1             16  sun.nio.ch.ExtendedSocketOption$1 (java.base@23)
2730:             1             16  sun.nio.ch.FileChannelImpl$Closer (java.base@23)
2731:             1             16  sun.nio.ch.FileDispatcherImpl (java.base@23)
2732:             1             16  sun.nio.ch.Net$1 (java.base@23)
2733:             1             16  sun.nio.ch.ServerSocketAdaptor$$Lambda/0x000078cd0f0fafa8 (java.base@23)
2734:             1             16  sun.nio.ch.SocketDispatcher (java.base@23)
2735:             1             16  sun.nio.ch.Util$1 (java.base@23)
2736:             1             16  sun.nio.fs.LinuxFileSystemProvider (java.base@23)
2737:             1             16  sun.nio.fs.NativeBuffers$1 (java.base@23)
2738:             1             16  sun.reflect.generics.tree.ArrayTypeSignature (java.base@23)
2739:             1             16  sun.reflect.generics.tree.BottomSignature (java.base@23)
2740:             1             16  sun.reflect.generics.tree.ByteSignature (java.base@23)
2741:             1             16  sun.reflect.generics.tree.VoidDescriptor (java.base@23)
2742:             1             16  sun.security.provider.NativePRNG (java.base@23)
2743:             1             16  sun.util.calendar.Gregorian (java.base@23)
2744:             1             16  sun.util.cldr.CLDRBaseLocaleDataMetaInfo (java.base@23)
2745:             1             16  sun.util.cldr.CLDRLocaleProviderAdapter$$Lambda/0x800000064 (java.base@23)
2746:             1             16  sun.util.cldr.CLDRLocaleProviderAdapter$$Lambda/0x800000066 (java.base@23)
2747:             1             16  sun.util.locale.BaseLocale$1 (java.base@23)
2748:             1             16  sun.util.locale.InternalLocaleBuilder$CaseInsensitiveChar (java.base@23)
2749:             1             16  sun.util.locale.provider.CalendarDataUtility$CalendarWeekParameterGetter (java.base@23)
2750:             1             16  sun.util.locale.provider.LocaleProviderAdapter$$Lambda/0x80000006d (java.base@23)
2751:             1             16  sun.util.locale.provider.LocaleProviderAdapter$$Lambda/0x80000006e (java.base@23)
2752:             1             16  sun.util.resources.LocaleData (java.base@23)
2753:             1             16  sun.util.resources.LocaleData$LocaleDataStrategy (java.base@23)
2754:             1             16  sun.util.resources.cldr.provider.CLDRLocaleDataMetaInfo (jdk.localedata@23)
Total        305669       24334368
